[t3] sigma channel: route=B W*=4.0 bar_eff(W*)=1.44853 sigma_input=0.00690356 (target 0.01)
[t3 lam0.5_D64] step 5000/80000 yc=77.3 C=0.5038 u_max=2.04e-03 srec=1.094e-02 (30s, 6 ms/step)
[t3 lam0.5_D64] step 10000/80000 yc=80.0 C=0.5032 u_max=1.03e-03 srec=9.035e-03 (59s, 6 ms/step)
[t3 lam0.5_D64] step 15000/80000 yc=82.5 C=0.5032 u_max=2.15e-03 srec=8.838e-03 (89s, 6 ms/step)
[t3 lam0.5_D64] step 20000/80000 yc=85.0 C=0.5034 u_max=9.44e-04 srec=9.197e-03 (119s, 6 ms/step)
[t3 lam0.5_D64] step 25000/80000 yc=87.6 C=0.5033 u_max=1.34e-03 srec=8.401e-03 (149s, 6 ms/step)
[t3 lam0.5_D64] step 30000/80000 yc=90.1 C=0.5034 u_max=1.60e-03 srec=8.572e-03 (180s, 6 ms/step)
[t3 lam0.5_D64] step 35000/80000 yc=92.7 C=0.5034 u_max=1.02e-03 srec=8.208e-03 (210s, 6 ms/step)
[t3 lam0.5_D64] step 40000/80000 yc=95.2 C=0.5034 u_max=1.58e-03 srec=8.003e-03 (240s, 6 ms/step)
[t3 lam0.5_D64] step 45000/80000 yc=97.7 C=0.5034 u_max=1.25e-03 srec=7.776e-03 (270s, 6 ms/step)
[t3 lam0.5_D64] step 50000/80000 yc=100.3 C=0.5034 u_max=1.32e-03 srec=7.631e-03 (300s, 6 ms/step)
[t3 lam0.5_D64] step 55000/80000 yc=102.9 C=0.5034 u_max=1.43e-03 srec=7.355e-03 (330s, 6 ms/step)
[t3 lam0.5_D64] step 60000/80000 yc=105.4 C=0.5034 u_max=1.25e-03 srec=7.182e-03 (360s, 6 ms/step)
[t3 lam0.5_D64] step 65000/80000 yc=108.0 C=0.5034 u_max=1.40e-03 srec=6.994e-03 (391s, 6 ms/step)
[t3 lam0.5_D64] step 70000/80000 yc=110.5 C=0.5033 u_max=1.32e-03 srec=6.702e-03 (421s, 6 ms/step)
[t3 lam0.5_D64] step 75000/80000 yc=113.0 C=0.5033 u_max=1.33e-03 srec=6.568e-03 (451s, 6 ms/step)
[t3 lam0.5_D64] step 80000/80000 yc=115.6 C=0.5033 u_max=1.36e-03 srec=6.288e-03 (480s, 6 ms/step)
[t3] lam0.5_D64: stable=True U_sim=5.087316e-04 U_t=5.208333e-04 err=-2.3235% steady=0.2394% Cret=1.0051 umax=1.36e-03 
[out] /nfs/wangxi/runs/xh_hybrid_20261006/phase1/out/t3_hadroplet_partial.json
[t3 lam0.5_D96] step 5000/80000 yc=131.6 C=0.5022 u_max=1.06e-03 srec=8.854e-03 (119s, 24 ms/step)
[t3 lam0.5_D96] step 10000/80000 yc=133.2 C=0.5021 u_max=8.76e-04 srec=8.323e-03 (238s, 24 ms/step)
[t3 lam0.5_D96] step 15000/80000 yc=134.8 C=0.5022 u_max=9.02e-04 srec=8.159e-03 (356s, 24 ms/step)
[t3 lam0.5_D96] step 20000/80000 yc=136.5 C=0.5022 u_max=9.08e-04 srec=8.020e-03 (475s, 24 ms/step)
[t3 lam0.5_D96] step 25000/80000 yc=138.1 C=0.5022 u_max=8.89e-04 srec=7.926e-03 (594s, 24 ms/step)
[t3 lam0.5_D96] step 30000/80000 yc=139.8 C=0.5023 u_max=9.27e-04 srec=7.819e-03 (712s, 24 ms/step)
[t3 lam0.5_D96] step 35000/80000 yc=141.4 C=0.5023 u_max=1.02e-03 srec=7.749e-03 (831s, 24 ms/step)
[t3 lam0.5_D96] step 40000/80000 yc=143.1 C=0.5024 u_max=1.13e-03 srec=7.724e-03 (950s, 24 ms/step)
[t3 lam0.5_D96] step 45000/80000 yc=144.7 C=0.5024 u_max=1.25e-03 srec=7.726e-03 (1069s, 24 ms/step)
[t3 lam0.5_D96] step 50000/80000 yc=146.4 C=0.5025 u_max=1.33e-03 srec=7.649e-03 (1188s, 24 ms/step)
[t3 lam0.5_D96] step 55000/80000 yc=148.1 C=0.5026 u_max=1.39e-03 srec=7.585e-03 (1306s, 24 ms/step)
[t3 lam0.5_D96] step 60000/80000 yc=149.8 C=0.5026 u_max=1.45e-03 srec=7.550e-03 (1425s, 24 ms/step)
[t3 lam0.5_D96] step 65000/80000 yc=151.5 C=0.5027 u_max=1.46e-03 srec=7.511e-03 (1544s, 24 ms/step)
[t3 lam0.5_D96] step 70000/80000 yc=153.2 C=0.5028 u_max=1.43e-03 srec=7.495e-03 (1663s, 24 ms/step)
[t3 lam0.5_D96] step 75000/80000 yc=154.9 C=0.5029 u_max=1.42e-03 srec=7.478e-03 (1781s, 24 ms/step)
[t3 lam0.5_D96] step 80000/80000 yc=156.5 C=0.5030 u_max=1.39e-03 srec=7.431e-03 (1900s, 24 ms/step)
[t3] lam0.5_D96: stable=True U_sim=3.322433e-04 U_t=3.472222e-04 err=-4.3139% steady=2.1448% Cret=1.0051 umax=1.39e-03 
[out] /nfs/wangxi/runs/xh_hybrid_20261006/phase1/out/t3_hadroplet_partial.json
[t3 lam2.0_D64] step 5000/80000 yc=77.3 C=0.5040 u_max=1.91e-03 srec=1.138e-02 (30s, 6 ms/step)
[t3 lam2.0_D64] step 10000/80000 yc=80.0 C=0.5033 u_max=1.02e-03 srec=9.192e-03 (59s, 6 ms/step)
[t3 lam2.0_D64] step 15000/80000 yc=82.6 C=0.5033 u_max=2.09e-03 srec=8.951e-03 (89s, 6 ms/step)
[t3 lam2.0_D64] step 20000/80000 yc=85.1 C=0.5035 u_max=7.85e-04 srec=9.342e-03 (118s, 6 ms/step)
[t3 lam2.0_D64] step 25000/80000 yc=87.8 C=0.5033 u_max=1.03e-03 srec=8.438e-03 (148s, 6 ms/step)
[t3 lam2.0_D64] step 30000/80000 yc=90.3 C=0.5035 u_max=1.39e-03 srec=8.648e-03 (178s, 6 ms/step)
[t3 lam2.0_D64] step 35000/80000 yc=92.9 C=0.5034 u_max=7.08e-04 srec=8.250e-03 (207s, 6 ms/step)
[t3 lam2.0_D64] step 40000/80000 yc=95.5 C=0.5034 u_max=1.38e-03 srec=7.975e-03 (237s, 6 ms/step)
[t3 lam2.0_D64] step 45000/80000 yc=98.0 C=0.5033 u_max=8.75e-04 srec=7.724e-03 (267s, 6 ms/step)
[t3 lam2.0_D64] step 50000/80000 yc=100.7 C=0.5034 u_max=1.01e-03 srec=7.569e-03 (297s, 6 ms/step)
[t3 lam2.0_D64] step 55000/80000 yc=103.3 C=0.5033 u_max=1.16e-03 srec=7.214e-03 (327s, 6 ms/step)
[t3 lam2.0_D64] step 60000/80000 yc=105.9 C=0.5033 u_max=8.97e-04 srec=7.025e-03 (357s, 6 ms/step)
[t3 lam2.0_D64] step 65000/80000 yc=108.4 C=0.5032 u_max=1.13e-03 srec=6.792e-03 (387s, 6 ms/step)
[t3 lam2.0_D64] step 70000/80000 yc=111.0 C=0.5032 u_max=9.92e-04 srec=6.457e-03 (418s, 6 ms/step)
[t3 lam2.0_D64] step 75000/80000 yc=113.6 C=0.5032 u_max=1.03e-03 srec=6.299e-03 (448s, 6 ms/step)
[t3 lam2.0_D64] step 80000/80000 yc=116.2 C=0.5031 u_max=1.06e-03 srec=5.974e-03 (478s, 6 ms/step)
[t3] lam2.0_D64: stable=True U_sim=5.166015e-04 U_t=5.208333e-04 err=-0.8125% steady=0.0416% Cret=1.0146 umax=1.06e-03 
[out] /nfs/wangxi/runs/xh_hybrid_20261006/phase1/out/t3_hadroplet_partial.json
[t3 lam2.0_D96] step 5000/80000 yc=131.6 C=0.5022 u_max=7.75e-04 srec=8.683e-03 (119s, 24 ms/step)
[t3 lam2.0_D96] step 10000/80000 yc=133.3 C=0.5021 u_max=6.37e-04 srec=8.252e-03 (238s, 24 ms/step)
[t3 lam2.0_D96] step 15000/80000 yc=135.0 C=0.5022 u_max=7.84e-04 srec=8.118e-03 (356s, 24 ms/step)
[t3 lam2.0_D96] step 20000/80000 yc=136.7 C=0.5022 u_max=8.08e-04 srec=8.010e-03 (475s, 24 ms/step)
[t3 lam2.0_D96] step 25000/80000 yc=138.4 C=0.5023 u_max=7.67e-04 srec=7.915e-03 (594s, 24 ms/step)
[t3 lam2.0_D96] step 30000/80000 yc=140.1 C=0.5023 u_max=6.51e-04 srec=7.821e-03 (713s, 24 ms/step)
[t3 lam2.0_D96] step 35000/80000 yc=141.8 C=0.5024 u_max=7.18e-04 srec=7.747e-03 (831s, 24 ms/step)
[t3 lam2.0_D96] step 40000/80000 yc=143.5 C=0.5025 u_max=8.48e-04 srec=7.719e-03 (950s, 24 ms/step)
[t3 lam2.0_D96] step 45000/80000 yc=145.2 C=0.5026 u_max=9.62e-04 srec=7.714e-03 (1069s, 24 ms/step)
[t3 lam2.0_D96] step 50000/80000 yc=146.9 C=0.5027 u_max=1.09e-03 srec=7.675e-03 (1188s, 24 ms/step)
[t3 lam2.0_D96] step 55000/80000 yc=148.7 C=0.5028 u_max=1.19e-03 srec=7.604e-03 (1307s, 24 ms/step)
[t3 lam2.0_D96] step 60000/80000 yc=150.4 C=0.5029 u_max=1.26e-03 srec=7.526e-03 (1426s, 24 ms/step)
[t3 lam2.0_D96] step 65000/80000 yc=152.2 C=0.5030 u_max=1.28e-03 srec=7.462e-03 (1544s, 24 ms/step)
[t3 lam2.0_D96] step 70000/80000 yc=153.9 C=0.5031 u_max=1.29e-03 srec=7.409e-03 (1663s, 24 ms/step)
[t3 lam2.0_D96] step 75000/80000 yc=155.7 C=0.5032 u_max=1.26e-03 srec=7.390e-03 (1782s, 24 ms/step)
[t3 lam2.0_D96] step 80000/80000 yc=157.4 C=0.5033 u_max=1.20e-03 srec=7.364e-03 (1901s, 24 ms/step)
[t3] lam2.0_D96: stable=True U_sim=3.494004e-04 U_t=3.472222e-04 err=+0.6273% steady=0.5217% Cret=1.0092 umax=1.20e-03 
[out] /nfs/wangxi/runs/xh_hybrid_20261006/phase1/out/t3_hadroplet_partial.json
[t3 attr_lam0.5_D64_aD16] step 5000/40000 yc=80.4 C=0.5115 u_max=9.43e-03 srec=2.202e-02 (30s, 6 ms/step)
[t3 attr_lam0.5_D64_aD16] step 10000/40000 yc=89.2 C=0.5067 u_max=6.43e-03 srec=1.276e-02 (60s, 6 ms/step)
[t3 attr_lam0.5_D64_aD16] step 15000/40000 yc=96.5 C=0.5038 u_max=1.01e-02 srec=7.821e-03 (90s, 6 ms/step)
[t3 attr_lam0.5_D64_aD16] step 20000/40000 yc=103.9 C=0.5011 u_max=4.50e-03 srec=2.578e-03 (120s, 6 ms/step)
[t3 attr_lam0.5_D64_aD16] step 25000/40000 yc=112.2 C=0.5015 u_max=4.40e-03 srec=3.098e-03 (151s, 6 ms/step)
[t3 attr_lam0.5_D64_aD16] step 30000/40000 yc=119.3 C=0.4974 u_max=4.37e-03 srec=-4.151e-03 (181s, 6 ms/step)
[t3 attr_lam0.5_D64_aD16] step 35000/40000 yc=127.6 C=0.4985 u_max=3.25e-03 srec=-2.164e-03 (211s, 6 ms/step)
[t3 attr_lam0.5_D64_aD16] step 40000/40000 yc=135.2 C=0.4952 u_max=4.73e-03 srec=-8.661e-03 (241s, 6 ms/step)
[t3] attr_lam0.5_D64_aD16: stable=True U_sim=1.558372e-03 U_t=1.041667e-03 err=+49.6037% steady=5.1316% Cret=0.9987 umax=4.73e-03 
[out] /nfs/wangxi/runs/xh_hybrid_20261006/phase1/out/t3_hadroplet_partial.json
[out] /nfs/wangxi/runs/xh_hybrid_20261006/phase1/out/t3_hadroplet.json
GATES: {'g_t3_err_le_3pct_per_arm': False, 'g_t3_lam0.5_err_le_3pct': False, 'g_t3_lam2.0_err_le_3pct': True, 'g_t3_D_ladder_monotone': False, 'g_t3_steady_le_2pct': False, 'g_t4_ledger_le_1e-10': False, 'g_all_stable': True}
GPU LEDGER: {'r5_3d_arms_wall_s': {'sum': 31.274986743927002, 'source': '/nfs/wangxi/runs/xh_hybrid_20261006/phase1/out/r5_pressure_probe.json', 'note': 'e2diag/e3diag carry no wall field (<=64^3 x <=10k diagnostic shorts); T1/T2 ran CPU fp64'}, 't3_wall_s': 4999.8482966423035, 'gpu_h_cumulative': 1.397534245385064, 'sl5_limit_gpu_h': 28.8, 'sl5_tripped': False}
