/usr/lib64/python3.11/site-packages/torch/cuda/__init__.py:61: FutureWarning: The pynvml package is deprecated. Please install nvidia-ml-py instead. If you did not install pynvml directly, please report this to the maintainers of the package that installed pynvml for you.
  import pynvml  # type: ignore[import]
--------------+--------------------------------------------
 Host IP      | 172.17.0.2
 PyTorch      | 2.7.1
 Torch-SDAA   | 3.1.1a3+gite3971b9
--------------+--------------------------------------------
 SDAA Driver  | 3.1.0 (N/A)
 SDAA Runtime | 3.1.0 (/opt/tecoai/lib64/libsdaart.so)
 SDPTI        | 1.7.0 (/opt/tecoai/lib64/libsdpti.so)
 TecoDNN      | 3.1.0 (/opt/tecoai/lib64/libtecodnn.so)
 TecoBLAS     | 3.1.0 (/opt/tecoai/lib64/libtecoblas.so)
 CustomDNN    | 3.1.0 (/opt/tecoai/lib64/libtecocustom.so)
 TecoRAND     | 3.1.0 (/opt/tecoai/lib64/libtecorand.so)
 TCCL         | 3.1.0 (/opt/tecoai/lib64/libtccl.so)
--------------+--------------------------------------------
[cyl3d D=40 1280x1280x1] Re=40.0 u_in=0.08 nu=0.080000 tau=0.740000 dpS=0.1280
[cyl3d D=40 1280x1280x1] solid=1257 near=116 (blockage 3.12%, span 1 cells = 0.03D)
[compile_route] cylinder_3d_re40[D40]: mode=None -> eager (compile_step passthrough) [sdaa-teco_inductor]
[cyl3d D=40 1280x1280x1] step=5000 Cd_mem=1.8538 Cd_p=1.1119 standard=0.4517 lagrange=0.4508 faces=0.4193 mix50=0.4355 (839s)
[cyl3d D=40 1280x1280x1] step=10000 Cd_mem=1.7280 Cd_p=1.0463 standard=0.4137 lagrange=0.4129 faces=0.3820 mix50=0.3979 (1664s)
[cyl3d D=40 1280x1280x1] step=15000 Cd_mem=1.6751 Cd_p=1.0175 standard=0.3987 lagrange=0.3978 faces=0.3673 mix50=0.3830 (2439s)
[cyl3d D=40 1280x1280x1] step=20000 Cd_mem=1.6468 Cd_p=1.0019 standard=0.3907 lagrange=0.3899 faces=0.3596 mix50=0.3751 (3195s)
[cyl3d D=40 1280x1280x1] step=25000 Cd_mem=1.5734 Cd_p=0.9624 standard=0.3694 lagrange=0.3686 faces=0.3387 mix50=0.3541 (3944s)
[cyl3d D=40 1280x1280x1] step=30000 Cd_mem=1.5627 Cd_p=0.9556 standard=0.3671 lagrange=0.3663 faces=0.3365 mix50=0.3518 (4863s)
[cyl3d D=40 1280x1280x1] === FINAL win=200 === Cd_mem=1.5627 err_mem_vs_1.5=+4.18%  |  DIAGNOSTIC Cd_p=0.9556 Cd_f=0.3671 Cd_p+f=1.3227 err_pf=-11.82% (4863s)
  [diag] standard       Cd_f=0.3671 Cd_p+f=1.3227 err=-11.82%
  [diag] lagrange       Cd_f=0.3663 Cd_p+f=1.3219 err=-11.87%
  [diag] faces          Cd_f=0.3365 Cd_p+f=1.2921 err=-13.86%
  [diag] mix50          Cd_f=0.3518 Cd_p+f=1.3074 err=-12.84%
  plateau(mem)      [1.7747, 1.6751, 1.5889, 1.5627]
  plateau(standard) [1.4986, 1.4161, 1.345, 1.3227]
[cyl3d D=40 1280x1280x1] saved final field -> runs/cyl3d_40D/D40_L32.json.field.pt
[cyl3d] saved runs/cyl3d_40D/D40_L32.json
