/usr/lib64/python3.11/site-packages/torch/cuda/__init__.py:61: FutureWarning: The pynvml package is deprecated. Please install nvidia-ml-py instead. If you did not install pynvml directly, please report this to the maintainers of the package that installed pynvml for you.
  import pynvml  # type: ignore[import]
--------------+--------------------------------------------
 Host IP      | 172.17.0.2
 PyTorch      | 2.7.1
 Torch-SDAA   | 3.1.1a3+gite3971b9
--------------+--------------------------------------------
 SDAA Driver  | 3.1.0 (N/A)
 SDAA Runtime | 3.1.0 (/opt/tecoai/lib64/libsdaart.so)
 SDPTI        | 1.7.0 (/opt/tecoai/lib64/libsdpti.so)
 TecoDNN      | 3.1.0 (/opt/tecoai/lib64/libtecodnn.so)
 TecoBLAS     | 3.1.0 (/opt/tecoai/lib64/libtecoblas.so)
 CustomDNN    | 3.1.0 (/opt/tecoai/lib64/libtecocustom.so)
 TecoRAND     | 3.1.0 (/opt/tecoai/lib64/libtecorand.so)
 TCCL         | 3.1.0 (/opt/tecoai/lib64/libtccl.so)
--------------+--------------------------------------------
[cyl2d Re=40 D=40 1280x1280] nu=0.08 tau=0.740000
[cyl2d] solid=1257 near=116 faces=164 ratio=1.4138
[cyl2d] step=5000 Cd_mem=1.6350 Cd_p=0.1322 Cd_f_std=0.0724 Cd_f_faces=0.0673 Cd_f_bfl=0.1066 (662s)
[cyl2d] step=10000 Cd_mem=1.5726 Cd_p=0.2540 Cd_f_std=0.1339 Cd_f_faces=0.1238 Cd_f_bfl=0.1961 (1319s)
[cyl2d] step=15000 Cd_mem=1.5569 Cd_p=0.3734 Cd_f_std=0.1940 Cd_f_faces=0.1791 Cd_f_bfl=0.2837 (1968s)
[cyl2d] step=20000 Cd_mem=1.5537 Cd_p=0.4922 Cd_f_std=0.2539 Cd_f_faces=0.2341 Cd_f_bfl=0.3708 (2621s)
[cyl2d] step=25000 Cd_mem=1.5532 Cd_p=0.6109 Cd_f_std=0.3136 Cd_f_faces=0.2889 Cd_f_bfl=0.4577 (3275s)
[cyl2d] step=30000 Cd_mem=1.5530 Cd_p=0.7295 Cd_f_std=0.3732 Cd_f_faces=0.3436 Cd_f_bfl=0.5445 (3939s)
Traceback (most recent call last):
  File "/root/TensorLBM_feat2/benchmarks/pending/cylinder_3d/_ref2d_re40.py", line 160, in <module>
    raise SystemExit(main())
                     ^^^^^^
  File "/root/TensorLBM_feat2/benchmarks/pending/cylinder_3d/_ref2d_re40.py", line 154, in main
    Path(a.out).write_text(json.dumps(out, indent=2))
                           ^^^^^^^^^^^^^^^^^^^^^^^^^
  File "/usr/lib64/python3.11/json/__init__.py", line 238, in dumps
    **kw).encode(obj)
          ^^^^^^^^^^^
  File "/usr/lib64/python3.11/json/encoder.py", line 202, in encode
    chunks = list(chunks)
             ^^^^^^^^^^^^
  File "/usr/lib64/python3.11/json/encoder.py", line 432, in _iterencode
    yield from _iterencode_dict(o, _current_indent_level)
  File "/usr/lib64/python3.11/json/encoder.py", line 406, in _iterencode_dict
    yield from chunks
  File "/usr/lib64/python3.11/json/encoder.py", line 439, in _iterencode
    o = _default(o)
        ^^^^^^^^^^^
  File "/usr/lib64/python3.11/json/encoder.py", line 180, in default
    raise TypeError(f'Object of type {o.__class__.__name__} '
TypeError: Object of type Tensor is not JSON serializable
