=== BARE TIER L112 start 2026-10-08T19:13:46+08:00
=== SUBOFF bare_hull Re=1000 L=112 collision=mrt steps=16800 device=cuda:6 ===

setup: {
 "Re": 1000.0,
 "tau": 0.5168,
 "u_lb": 0.05,
 "nu_lb": 0.005600000000000001,
 "domain_lu": [
  672,
  237,
  237
 ],
 "obstacle_cells": 12176,
 "near_wall_cells": 3812,
 "total_cells": 37745568,
 "device": "cuda:6",
 "auto_collision": "mrt",
 "auto_wall_treatment": "bounce_back"
}
appendage stats: {"hull_type": "bare_hull", "label": "SUBOFF Bare Hull (AFF-1 inspired)", "L_D_ratio": 8.575, "r_over_l": 0.05831, "bow_fraction": 0.233, "stern_fraction": 0.252, "displacement_lu3": 11884.7, "wetted_area_lu2": 3958.66, "wetted_area_scope": "bare_hull_surface_of_revolution", "wetted_area_method": "profile_meridional_metric_quadrature", "bare_hull_wetted_area_lu2": 3958.66, "prismatic_coefficient": 0.7919, "sail_scale": 1.0, "fin_scale": 1.0, "solid_cells": 12176, "bare_hull_solid_cells": 12176, "appendage_solid_cells": 0, "fluid_cells": 37733392, "total_cells": 37745568, "nx": 672, "ny": 237, "nz": 237, "cx": 168.0, "cy": 118.5, "cz": 118.5, "length": 112.00000000000001, "radius": 6.530762167125804}
appendage near cells (gradient normals): 0
[compile_route] suboff_bare_hull[L112]: mode=None -> eager (compile_step passthrough)
run finished: completed in 2547s (151.6 ms/step) compile_mode=None effective='eager' status='eager'
{
 "Cd_pressure": 0.004891597700415719,
 "Cd_friction": 0.03911075644197598,
 "Cd_total": 0.044002354142391696,
 "Cd_total_last500": 0.043997300925412604,
 "Cf_ref_blasius": 0.04199504732703608,
 "error_pct_vs_Blasius_totalwetted": 4.779865586824398,
 "drag_increment_ratio_vs_verified_bare": 1.059957929108547,
 "convergence_windows": {
  "25%": 0.055009,
  "50%": 0.049545,
  "75%": 0.044146,
  "100%": 0.044002
 }
}
results written to diag_bare_L112/result_L112.json
RESULT bare_hull L=112 Cd_p=0.004892 Cd_f=0.039111 Cd_tot=0.044002 (ref 0.041995) err=+4.78%
=== BARE TIER L112 exit 0 2026-10-08T19:56:59+08:00
