/usr/lib64/python3.11/site-packages/torch/cuda/__init__.py:61: FutureWarning: The pynvml package is deprecated. Please install nvidia-ml-py instead. If you did not install pynvml directly, please report this to the maintainers of the package that installed pynvml for you.
  import pynvml  # type: ignore[import]
--------------+--------------------------------------------
 Host IP      | 172.17.0.2
 PyTorch      | 2.7.1
 Torch-SDAA   | 3.1.1a3+gite3971b9
--------------+--------------------------------------------
 SDAA Driver  | 3.1.0 (N/A)
 SDAA Runtime | 3.1.0 (/opt/tecoai/lib64/libsdaart.so)
 SDPTI        | 1.7.0 (/opt/tecoai/lib64/libsdpti.so)
 TecoDNN      | 3.1.0 (/opt/tecoai/lib64/libtecodnn.so)
 TecoBLAS     | 3.1.0 (/opt/tecoai/lib64/libtecoblas.so)
 CustomDNN    | 3.1.0 (/opt/tecoai/lib64/libtecocustom.so)
 TecoRAND     | 3.1.0 (/opt/tecoai/lib64/libtecorand.so)
 TCCL         | 3.1.0 (/opt/tecoai/lib64/libtccl.so)
--------------+--------------------------------------------
ahmed_re1000_sdaa8 nx=300 ny=100 nz=80 u_in=0.05 nu=3.000000e-03 tau=0.509000 Cs=0.05 dpS=3.750000e-01 Cd_ref=0.25
ahmed_re1000_sdaa8 solid cells: 17178
ahmed_re1000_sdaa8 near-wall cells: 4639
ahmed_re1000_sdaa8 normal stats: nx_n=[-1.000, 1.000] ny_n=[-1.000, 1.000] nz_n=[-1.000, 1.000]
ahmed_re1000_sdaa8 |n| stats: min=1.000000 max=1.000000 mean=1.000000
ahmed_re1000_sdaa8 3D check: nx_n nonzero=630/4639 ny_n nonzero=2562/4639 nz_n nonzero=1636/4639
ahmed_re1000_sdaa8 init done (0.1s), initial_mass=2400000.0
ahmed_re1000_sdaa8 step=500 Cd_p=1.9043 Cd_f=1.0744 Cd_tot=2.9787 Cl=0.772053 (145s)
ahmed_re1000_sdaa8 step=1000 Cd_p=1.0035 Cd_f=0.5658 Cd_tot=1.5693 Cl=0.504585 (290s)
ahmed_re1000_sdaa8 step=1500 Cd_p=0.9774 Cd_f=0.4356 Cd_tot=1.4129 Cl=0.411645 (435s)
ahmed_re1000_sdaa8 step=2000 Cd_p=0.9637 Cd_f=0.3734 Cd_tot=1.3370 Cl=0.357924 (580s)
ahmed_re1000_sdaa8 step=2500 Cd_p=0.9548 Cd_f=0.3410 Cd_tot=1.2958 Cl=0.310692 (724s)
ahmed_re1000_sdaa8 step=3000 Cd_p=0.9507 Cd_f=0.3229 Cd_tot=1.2736 Cl=0.278916 (868s)
ahmed_re1000_sdaa8 step=3500 Cd_p=0.9476 Cd_f=0.3121 Cd_tot=1.2596 Cl=0.255609 (1012s)
ahmed_re1000_sdaa8 step=4000 Cd_p=0.9440 Cd_f=0.3052 Cd_tot=1.2491 Cl=0.237094 (1156s)
ahmed_re1000_sdaa8 step=4500 Cd_p=0.9437 Cd_f=0.3007 Cd_tot=1.2443 Cl=0.223075 (1300s)
ahmed_re1000_sdaa8 step=5000 Cd_p=0.9413 Cd_f=0.2979 Cd_tot=1.2392 Cl=0.211406 (1444s)
ahmed_re1000_sdaa8 step=5500 Cd_p=0.9391 Cd_f=0.2955 Cd_tot=1.2346 Cl=0.203161 (1588s)
ahmed_re1000_sdaa8 step=6000 Cd_p=0.9382 Cd_f=0.2939 Cd_tot=1.2321 Cl=0.195938 (1732s)
ahmed_re1000_sdaa8 step=6500 Cd_p=0.9368 Cd_f=0.2926 Cd_tot=1.2294 Cl=0.189983 (1876s)
ahmed_re1000_sdaa8 step=7000 Cd_p=0.9354 Cd_f=0.2915 Cd_tot=1.2269 Cl=0.185375 (2020s)
ahmed_re1000_sdaa8 step=7500 Cd_p=0.9347 Cd_f=0.2907 Cd_tot=1.2254 Cl=0.181388 (2164s)
ahmed_re1000_sdaa8 step=8000 Cd_p=0.9338 Cd_f=0.2900 Cd_tot=1.2238 Cl=0.178220 (2308s)
ahmed_re1000_sdaa8 step=8500 Cd_p=0.9333 Cd_f=0.2894 Cd_tot=1.2227 Cl=0.175497 (2452s)
ahmed_re1000_sdaa8 step=9000 Cd_p=0.9325 Cd_f=0.2890 Cd_tot=1.2215 Cl=0.173377 (2596s)
ahmed_re1000_sdaa8 step=9500 Cd_p=0.9322 Cd_f=0.2886 Cd_tot=1.2207 Cl=0.171496 (2740s)
ahmed_re1000_sdaa8 step=10000 Cd_p=0.9316 Cd_f=0.2882 Cd_tot=1.2198 Cl=0.170045 (2884s)
ahmed_re1000_sdaa8 DONE Cd_p=0.9319 Cd_f=0.2884 Cd_tot=1.2203 Cl=0.170771 (ref=0.2500) err=388.1% time=2884s
ahmed_re1000_sdaa8 Results written to ahmed_re1000_sdaa8.json
