/usr/lib64/python3.11/site-packages/torch/cuda/__init__.py:61: FutureWarning: The pynvml package is deprecated. Please install nvidia-ml-py instead. If you did not install pynvml directly, please report this to the maintainers of the package that installed pynvml for you.
  import pynvml  # type: ignore[import]
--------------+--------------------------------------------
 Host IP      | 172.17.0.2
 PyTorch      | 2.7.1
 Torch-SDAA   | 3.1.1a3+gite3971b9
--------------+--------------------------------------------
 SDAA Driver  | 3.1.0 (N/A)
 SDAA Runtime | 3.1.0 (/opt/tecoai/lib64/libsdaart.so)
 SDPTI        | 1.7.0 (/opt/tecoai/lib64/libsdpti.so)
 TecoDNN      | 3.1.0 (/opt/tecoai/lib64/libtecodnn.so)
 TecoBLAS     | 3.1.0 (/opt/tecoai/lib64/libtecoblas.so)
 CustomDNN    | 3.1.0 (/opt/tecoai/lib64/libtecocustom.so)
 TecoRAND     | 3.1.0 (/opt/tecoai/lib64/libtecorand.so)
 TCCL         | 3.1.0 (/opt/tecoai/lib64/libtccl.so)
--------------+--------------------------------------------
[SDAA:12 Askervein] nx=400 ny=200 nz=4 H=30 L=100 x_center=200.0 u_in=0.05 nu=5.000000e-03 tau=0.515 Re=1000 Cs=0.05 n_steps=10000
[SDAA:12 Askervein] hill solid cells: 21908
[SDAA:12 Askervein] init done (0.0s), initial_mass=320000.0
[SDAA:12 Askervein] step=500 u_hilltop=0.015465 speedup=0.3093 (22s)
[SDAA:12 Askervein] step=1000 u_hilltop=0.008522 speedup=0.1704 (44s)
[SDAA:12 Askervein] step=1500 u_hilltop=0.006797 speedup=0.1359 (66s)
[SDAA:12 Askervein] step=2000 u_hilltop=0.005951 speedup=0.1190 (88s)
[SDAA:12 Askervein] step=2500 u_hilltop=0.005458 speedup=0.1092 (110s)
[SDAA:12 Askervein] step=3000 u_hilltop=0.005101 speedup=0.1020 (132s)
[SDAA:12 Askervein] step=3500 u_hilltop=0.004793 speedup=0.0959 (154s)
[SDAA:12 Askervein] step=4000 u_hilltop=0.004714 speedup=0.0943 (176s)
[SDAA:12 Askervein] step=4500 u_hilltop=0.004772 speedup=0.0954 (198s)
[SDAA:12 Askervein] step=5000 u_hilltop=0.004750 speedup=0.0950 (220s)
[SDAA:12 Askervein] step=5500 u_hilltop=0.004694 speedup=0.0939 (241s)
[SDAA:12 Askervein] step=6000 u_hilltop=0.004632 speedup=0.0926 (263s)
[SDAA:12 Askervein] step=6500 u_hilltop=0.004578 speedup=0.0916 (285s)
[SDAA:12 Askervein] step=7000 u_hilltop=0.004537 speedup=0.0907 (307s)
[SDAA:12 Askervein] step=7500 u_hilltop=0.004491 speedup=0.0898 (329s)
[SDAA:12 Askervein] step=8000 u_hilltop=0.004353 speedup=0.0871 (351s)
[SDAA:12 Askervein] step=8500 u_hilltop=0.004239 speedup=0.0848 (373s)
[SDAA:12 Askervein] step=9000 u_hilltop=0.004199 speedup=0.0840 (395s)
[SDAA:12 Askervein] step=9500 u_hilltop=0.004116 speedup=0.0823 (416s)
[SDAA:12 Askervein] step=10000 u_hilltop=0.004025 speedup=0.0805 (438s)
[SDAA:12 Askervein] DONE u_hilltop=0.004025 speedup=0.0805 (ref=1.6000) time=438s
[SDAA:12 Askervein] Results written to askervein_hill_sdaa12.json
