/usr/lib64/python3.11/site-packages/torch/cuda/__init__.py:61: FutureWarning: The pynvml package is deprecated. Please install nvidia-ml-py instead. If you did not install pynvml directly, please report this to the maintainers of the package that installed pynvml for you.
  import pynvml  # type: ignore[import]
--------------+--------------------------------------------
 Host IP      | 172.17.0.2
 PyTorch      | 2.7.1
 Torch-SDAA   | 3.1.1a3+gite3971b9
--------------+--------------------------------------------
 SDAA Driver  | 3.1.0 (N/A)
 SDAA Runtime | 3.1.0 (/opt/tecoai/lib64/libsdaart.so)
 SDPTI        | 1.7.0 (/opt/tecoai/lib64/libsdpti.so)
 TecoDNN      | 3.1.0 (/opt/tecoai/lib64/libtecodnn.so)
 TecoBLAS     | 3.1.0 (/opt/tecoai/lib64/libtecoblas.so)
 CustomDNN    | 3.1.0 (/opt/tecoai/lib64/libtecocustom.so)
 TecoRAND     | 3.1.0 (/opt/tecoai/lib64/libtecorand.so)
 TCCL         | 3.1.0 (/opt/tecoai/lib64/libtccl.so)
--------------+--------------------------------------------
[sdaa:21 RANS k-epsilon Re=1e5] nx=200 ny=80 nz=80 L=80.0 R=4.6674 D=9.3349 u_in=0.06 nu=4.800000e-05 tau=0.500144 collision=rans_ke normal=from_gradient dpS=4.223004e+00 Cf_ref=0.008333 (ITTC-1957 Cf=0.075/(log10(Re)-2)^2)
[sdaa:21 RANS k-epsilon Re=1e5] solid cells: 4651  L/D=8.57
[sdaa:21 RANS k-epsilon Re=1e5] near-wall cells: 2050
[sdaa:21 RANS k-epsilon Re=1e5] init done (0.5s), initial_mass=1280000.0
[sdaa:21 RANS k-epsilon Re=1e5] RANS k-epsilon solver initialized
[sdaa:21 RANS k-epsilon Re=1e5] step=500 Cd_p=0.010273 Cd_f=0.000940 Cd_tot=0.011213 Cf_ref=0.008333 (100s)
[sdaa:21 RANS k-epsilon Re=1e5] step=1000 Cd_p=0.005861 Cd_f=0.000540 Cd_tot=0.006401 Cf_ref=0.008333 (201s)
[sdaa:21 RANS k-epsilon Re=1e5] step=1500 Cd_p=0.005918 Cd_f=0.000464 Cd_tot=0.006382 Cf_ref=0.008333 (302s)
[sdaa:21 RANS k-epsilon Re=1e5] step=2000 Cd_p=0.006039 Cd_f=0.000445 Cd_tot=0.006484 Cf_ref=0.008333 (405s)
[sdaa:21 RANS k-epsilon Re=1e5] step=2500 Cd_p=0.006168 Cd_f=0.000441 Cd_tot=0.006609 Cf_ref=0.008333 (508s)
[sdaa:21 RANS k-epsilon Re=1e5] step=3000 Cd_p=0.006207 Cd_f=0.000443 Cd_tot=0.006650 Cf_ref=0.008333 (612s)
[sdaa:21 RANS k-epsilon Re=1e5] step=3500 Cd_p=0.006218 Cd_f=0.000444 Cd_tot=0.006663 Cf_ref=0.008333 (717s)
[sdaa:21 RANS k-epsilon Re=1e5] step=4000 Cd_p=0.006179 Cd_f=0.000447 Cd_tot=0.006626 Cf_ref=0.008333 (822s)
[sdaa:21 RANS k-epsilon Re=1e5] step=4500 Cd_p=0.006169 Cd_f=0.000449 Cd_tot=0.006619 Cf_ref=0.008333 (929s)
[sdaa:21 RANS k-epsilon Re=1e5] step=5000 Cd_p=0.006171 Cd_f=0.000451 Cd_tot=0.006623 Cf_ref=0.008333 (1038s)
[sdaa:21 RANS k-epsilon Re=1e5] DONE [OK] Cd_p=0.006171 Cd_f=0.000451 Cd_tot=0.006623 Cf=0.006623 (ref Cf=0.008333) err=20.5% time=1038s
[sdaa:21 RANS k-epsilon Re=1e5] Results written to /root/TensorLBM_dev/artifacts/suboff_bench2_rans_re1e5_sdaa21.json
