/usr/lib64/python3.11/site-packages/torch/cuda/__init__.py:61: FutureWarning: The pynvml package is deprecated. Please install nvidia-ml-py instead. If you did not install pynvml directly, please report this to the maintainers of the package that installed pynvml for you.
  import pynvml  # type: ignore[import]
--------------+--------------------------------------------
 Host IP      | 172.17.0.2
 PyTorch      | 2.7.1
 Torch-SDAA   | 3.1.1a3+gite3971b9
--------------+--------------------------------------------
 SDAA Driver  | 3.1.0 (N/A)
 SDAA Runtime | 3.1.0 (/opt/tecoai/lib64/libsdaart.so)
 SDPTI        | 1.7.0 (/opt/tecoai/lib64/libsdpti.so)
 TecoDNN      | 3.1.0 (/opt/tecoai/lib64/libtecodnn.so)
 TecoBLAS     | 3.1.0 (/opt/tecoai/lib64/libtecoblas.so)
 CustomDNN    | 3.1.0 (/opt/tecoai/lib64/libtecocustom.so)
 TecoRAND     | 3.1.0 (/opt/tecoai/lib64/libtecorand.so)
 TCCL         | 3.1.0 (/opt/tecoai/lib64/libtccl.so)
--------------+--------------------------------------------
[sdaa:22 RANS k-epsilon Re=1e4] nx=200 ny=80 nz=80 L=80.0 R=4.6674 D=9.3349 u_in=0.06 nu=4.800000e-04 tau=0.501440 collision=rans_ke normal=from_gradient dpS=4.223004e+00 Cf_ref=0.018750 (ITTC-1957 Cf=0.075/(log10(Re)-2)^2)
[sdaa:22 RANS k-epsilon Re=1e4] solid cells: 4651  L/D=8.57
[sdaa:22 RANS k-epsilon Re=1e4] near-wall cells: 2050
[sdaa:22 RANS k-epsilon Re=1e4] init done (0.4s), initial_mass=1280000.0
[sdaa:22 RANS k-epsilon Re=1e4] RANS k-epsilon solver initialized
[sdaa:22 RANS k-epsilon Re=1e4] step=500 Cd_p=0.010463 Cd_f=0.009066 Cd_tot=0.019529 Cf_ref=0.018750 (100s)
[sdaa:22 RANS k-epsilon Re=1e4] step=1000 Cd_p=0.005940 Cd_f=0.005344 Cd_tot=0.011283 Cf_ref=0.018750 (199s)
[sdaa:22 RANS k-epsilon Re=1e4] step=1500 Cd_p=0.005974 Cd_f=0.004619 Cd_tot=0.010592 Cf_ref=0.018750 (300s)
[sdaa:22 RANS k-epsilon Re=1e4] step=2000 Cd_p=0.006091 Cd_f=0.004427 Cd_tot=0.010517 Cf_ref=0.018750 (402s)
[sdaa:22 RANS k-epsilon Re=1e4] step=2500 Cd_p=0.006204 Cd_f=0.004396 Cd_tot=0.010600 Cf_ref=0.018750 (504s)
[sdaa:22 RANS k-epsilon Re=1e4] step=3000 Cd_p=0.006246 Cd_f=0.004414 Cd_tot=0.010660 Cf_ref=0.018750 (607s)
[sdaa:22 RANS k-epsilon Re=1e4] step=3500 Cd_p=0.006240 Cd_f=0.004442 Cd_tot=0.010681 Cf_ref=0.018750 (710s)
[sdaa:22 RANS k-epsilon Re=1e4] step=4000 Cd_p=0.006189 Cd_f=0.004465 Cd_tot=0.010654 Cf_ref=0.018750 (815s)
[sdaa:22 RANS k-epsilon Re=1e4] step=4500 Cd_p=0.006166 Cd_f=0.004485 Cd_tot=0.010651 Cf_ref=0.018750 (921s)
[sdaa:22 RANS k-epsilon Re=1e4] step=5000 Cd_p=0.006148 Cd_f=0.004501 Cd_tot=0.010649 Cf_ref=0.018750 (1028s)
[sdaa:22 RANS k-epsilon Re=1e4] DONE [OK] Cd_p=0.006148 Cd_f=0.004501 Cd_tot=0.010649 Cf=0.010649 (ref Cf=0.018750) err=43.2% time=1028s
[sdaa:22 RANS k-epsilon Re=1e4] Results written to /root/TensorLBM_dev/artifacts/suboff_bench3_rans_re1e4_sdaa22.json
