/usr/lib64/python3.11/site-packages/torch/cuda/__init__.py:61: FutureWarning: The pynvml package is deprecated. Please install nvidia-ml-py instead. If you did not install pynvml directly, please report this to the maintainers of the package that installed pynvml for you.
  import pynvml  # type: ignore[import]
--------------+--------------------------------------------
 Host IP      | 172.17.0.2
 PyTorch      | 2.7.1
 Torch-SDAA   | 3.1.1a3+gite3971b9
--------------+--------------------------------------------
 SDAA Driver  | 3.1.0 (N/A)
 SDAA Runtime | 3.1.0 (/opt/tecoai/lib64/libsdaart.so)
 SDPTI        | 1.7.0 (/opt/tecoai/lib64/libsdpti.so)
 TecoDNN      | 3.1.0 (/opt/tecoai/lib64/libtecodnn.so)
 TecoBLAS     | 3.1.0 (/opt/tecoai/lib64/libtecoblas.so)
 CustomDNN    | 3.1.0 (/opt/tecoai/lib64/libtecocustom.so)
 TecoRAND     | 3.1.0 (/opt/tecoai/lib64/libtecorand.so)
 TCCL         | 3.1.0 (/opt/tecoai/lib64/libtccl.so)
--------------+--------------------------------------------
BFS diagnostic: nx=400 ny=20 step_h=10 x_step=100 tau=0.501500 Re=1000.0
  step=500 max|u|=0.08082 (10s)
  step=1000 max|u|=0.08018 (19s)
  step=1500 max|u|=0.08007 (29s)
  step=2000 max|u|=0.07995 (39s)
  step=2500 max|u|=0.07995 (49s)
  step=3000 y=1: xr/H=0.000 ux[0]=0.002288 ux[10]=0.009056 ux[30]=0.020841
  step=3000 y=3: xr/H=0.000 ux[0]=0.000353 ux[10]=-0.002289 ux[30]=0.011637
  step=3000 y=5: xr/H=0.000 ux[0]=0.000665 ux[10]=-0.006548 ux[30]=-0.002370
  step=3000 y=7: xr/H=0.000 ux[0]=0.000905 ux[10]=-0.002273 ux[30]=-0.009936
  step=3000 y=9: xr/H=0.000 ux[0]=0.001874 ux[10]=0.010925 ux[30]=0.006370
  step=3000 max|u|=0.07994 (59s)
Saved velocity field to bfs_diagnostic_ux.npy
