/usr/lib64/python3.11/site-packages/torch/cuda/__init__.py:61: FutureWarning: The pynvml package is deprecated. Please install nvidia-ml-py instead. If you did not install pynvml directly, please report this to the maintainers of the package that installed pynvml for you.
  import pynvml  # type: ignore[import]
--------------+--------------------------------------------
 Host IP      | 172.17.0.2
 PyTorch      | 2.7.1
 Torch-SDAA   | 3.1.1a3+gite3971b9
--------------+--------------------------------------------
 SDAA Driver  | 3.1.0 (N/A)
 SDAA Runtime | 3.1.0 (/opt/tecoai/lib64/libsdaart.so)
 SDPTI        | 1.7.0 (/opt/tecoai/lib64/libsdpti.so)
 TecoDNN      | 3.1.0 (/opt/tecoai/lib64/libtecodnn.so)
 TecoBLAS     | 3.1.0 (/opt/tecoai/lib64/libtecoblas.so)
 CustomDNN    | 3.1.0 (/opt/tecoai/lib64/libtecocustom.so)
 TecoRAND     | 3.1.0 (/opt/tecoai/lib64/libtecorand.so)
 TCCL         | 3.1.0 (/opt/tecoai/lib64/libtccl.so)
--------------+--------------------------------------------
[SDAA:16] [BFS-Parabolic] nx=400 ny=20 nz=4 step_h=10 x_step=100 ER=2.0 u_in=0.05 nu=5.000000e-04 tau=0.501500 Re=1000.0 Cs=0.05
[SDAA:16] [BFS-Parabolic] solid=19400 (0.4s)
[SDAA:16] [BFS-Parabolic] inlet profile: u_max=0.07407 u_mean(fluid)=0.04938 (bulk=0.05)
[SDAA:16] [BFS-Parabolic] init done (0.4s), starting loop...
[SDAA:16] [BFS-Parabolic] step=500 xr/H=0.000 max|u|=0.0804 (14s)
[SDAA:16] [BFS-Parabolic] step=1000 xr/H=0.000 max|u|=0.0799 (28s)
[SDAA:16] [BFS-Parabolic] step=1500 xr/H=0.000 max|u|=0.0798 (42s)
[SDAA:16] [BFS-Parabolic] step=2000 xr/H=0.000 max|u|=0.0797 (55s)
[SDAA:16] [BFS-Parabolic] step=2500 xr/H=0.000 max|u|=0.0797 (69s)
[SDAA:16] [BFS-Parabolic] step=3000 xr/H=0.000 max|u|=0.0797 (82s)
[SDAA:16] [BFS-Parabolic] step=3500 xr/H=0.000 max|u|=0.0798 (96s)
[SDAA:16] [BFS-Parabolic] step=4000 xr/H=0.000 max|u|=0.0798 (109s)
[SDAA:16] [BFS-Parabolic] step=4500 xr/H=0.000 max|u|=0.0798 (123s)
[SDAA:16] [BFS-Parabolic] step=5000 xr/H=0.000 max|u|=0.0798 (136s)
[SDAA:16] [BFS-Parabolic] step=5500 xr/H=0.000 max|u|=0.0797 (150s)
[SDAA:16] [BFS-Parabolic] step=6000 xr/H=0.000 max|u|=0.0798 (163s)
[SDAA:16] [BFS-Parabolic] step=6500 xr/H=0.000 max|u|=0.0798 (177s)
[SDAA:16] [BFS-Parabolic] step=7000 xr/H=0.000 max|u|=0.0797 (191s)
[SDAA:16] [BFS-Parabolic] step=7500 xr/H=0.000 max|u|=0.0798 (205s)
[SDAA:16] [BFS-Parabolic] step=8000 xr/H=0.000 max|u|=0.0798 (219s)
[SDAA:16] [BFS-Parabolic] step=8500 xr/H=0.000 max|u|=0.0797 (233s)
[SDAA:16] [BFS-Parabolic] step=9000 xr/H=0.000 max|u|=0.0798 (247s)
[SDAA:16] [BFS-Parabolic] step=9500 xr/H=0.000 max|u|=0.0797 (261s)
[SDAA:16] [BFS-Parabolic] step=10000 xr/H=0.000 max|u|=0.0798 (275s)
[SDAA:16] [BFS-Parabolic] DONE xr/H=0.000 (ref=6.0, err=100.0%) (275s)
