/usr/lib64/python3.11/site-packages/torch/cuda/__init__.py:61: FutureWarning: The pynvml package is deprecated. Please install nvidia-ml-py instead. If you did not install pynvml directly, please report this to the maintainers of the package that installed pynvml for you.
  import pynvml  # type: ignore[import]
--------------+--------------------------------------------
 Host IP      | 172.17.0.2
 PyTorch      | 2.7.1
 Torch-SDAA   | 3.1.1a3+gite3971b9
--------------+--------------------------------------------
 SDAA Driver  | 3.1.0 (N/A)
 SDAA Runtime | 3.1.0 (/opt/tecoai/lib64/libsdaart.so)
 SDPTI        | 1.7.0 (/opt/tecoai/lib64/libsdpti.so)
 TecoDNN      | 3.1.0 (/opt/tecoai/lib64/libtecodnn.so)
 TecoBLAS     | 3.1.0 (/opt/tecoai/lib64/libtecoblas.so)
 CustomDNN    | 3.1.0 (/opt/tecoai/lib64/libtecocustom.so)
 TecoRAND     | 3.1.0 (/opt/tecoai/lib64/libtecorand.so)
 TCCL         | 3.1.0 (/opt/tecoai/lib64/libtccl.so)
--------------+--------------------------------------------
[SDAA:17] [BFS-Parabolic] nx=600 ny=20 nz=4 step_h=10 x_step=200 ER=2.0 u_in=0.05 nu=5.000000e-04 tau=0.501500 Re=1000.0 Cs=0.05
[SDAA:17] [BFS-Parabolic] solid=30000 (0.4s)
[SDAA:17] [BFS-Parabolic] inlet profile: u_max=0.07407 u_mean(fluid)=0.04938 (bulk=0.05)
[SDAA:17] [BFS-Parabolic] init done (0.4s), starting loop...
[SDAA:17] [BFS-Parabolic] step=500 xr/H=0.000 max|u|=0.0802 (15s)
[SDAA:17] [BFS-Parabolic] step=1000 xr/H=0.000 max|u|=0.0799 (29s)
[SDAA:17] [BFS-Parabolic] step=1500 xr/H=0.000 max|u|=0.0797 (43s)
[SDAA:17] [BFS-Parabolic] step=2000 xr/H=0.000 max|u|=0.0797 (57s)
[SDAA:17] [BFS-Parabolic] step=2500 xr/H=0.000 max|u|=0.0798 (71s)
[SDAA:17] [BFS-Parabolic] step=3000 xr/H=0.000 max|u|=0.0797 (85s)
[SDAA:17] [BFS-Parabolic] step=3500 xr/H=0.000 max|u|=0.0798 (99s)
[SDAA:17] [BFS-Parabolic] step=4000 xr/H=0.000 max|u|=0.0798 (113s)
[SDAA:17] [BFS-Parabolic] step=4500 xr/H=0.000 max|u|=0.0798 (127s)
[SDAA:17] [BFS-Parabolic] step=5000 xr/H=0.000 max|u|=0.0798 (140s)
[SDAA:17] [BFS-Parabolic] step=5500 xr/H=0.000 max|u|=0.0798 (155s)
[SDAA:17] [BFS-Parabolic] step=6000 xr/H=0.000 max|u|=0.0798 (169s)
[SDAA:17] [BFS-Parabolic] step=6500 xr/H=0.000 max|u|=0.0798 (183s)
[SDAA:17] [BFS-Parabolic] step=7000 xr/H=0.000 max|u|=0.0798 (197s)
[SDAA:17] [BFS-Parabolic] step=7500 xr/H=0.000 max|u|=0.0798 (212s)
[SDAA:17] [BFS-Parabolic] step=8000 xr/H=0.000 max|u|=0.0798 (226s)
[SDAA:17] [BFS-Parabolic] step=8500 xr/H=0.000 max|u|=0.0798 (240s)
[SDAA:17] [BFS-Parabolic] step=9000 xr/H=0.000 max|u|=0.0798 (255s)
[SDAA:17] [BFS-Parabolic] step=9500 xr/H=0.000 max|u|=0.0798 (269s)
[SDAA:17] [BFS-Parabolic] step=10000 xr/H=0.000 max|u|=0.0798 (284s)
[SDAA:17] [BFS-Parabolic] DONE xr/H=0.000 (ref=6.0, err=100.0%) (284s)
