/usr/lib64/python3.11/site-packages/torch/cuda/__init__.py:61: FutureWarning: The pynvml package is deprecated. Please install nvidia-ml-py instead. If you did not install pynvml directly, please report this to the maintainers of the package that installed pynvml for you.
  import pynvml  # type: ignore[import]
--------------+--------------------------------------------
 Host IP      | 172.17.0.2
 PyTorch      | 2.7.1
 Torch-SDAA   | 3.1.1a3+gite3971b9
--------------+--------------------------------------------
 SDAA Driver  | 3.1.0 (N/A)
 SDAA Runtime | 3.1.0 (/opt/tecoai/lib64/libsdaart.so)
 SDPTI        | 1.7.0 (/opt/tecoai/lib64/libsdpti.so)
 TecoDNN      | 3.1.0 (/opt/tecoai/lib64/libtecodnn.so)
 TecoBLAS     | 3.1.0 (/opt/tecoai/lib64/libtecoblas.so)
 CustomDNN    | 3.1.0 (/opt/tecoai/lib64/libtecocustom.so)
 TecoRAND     | 3.1.0 (/opt/tecoai/lib64/libtecorand.so)
 TCCL         | 3.1.0 (/opt/tecoai/lib64/libtccl.so)
--------------+--------------------------------------------
[SDAA:19] [LidCavity-movingbb] nx=128 ny=128 nz=4 u_lid=0.05 nu=6.400000e-03 tau=0.519200 Re=1000.0 Cs=0.05 bc=movingbb
[SDAA:19] [LidCavity-movingbb] solid=2032 (4 walls, z periodic) lid_cells=512
[SDAA:19] [LidCavity-movingbb] init done (0.4s), starting loop...
[SDAA:19] [LidCavity-movingbb] step=500 max|u|=0.05000 u_lid_actual=1.0000 (target=1.0) u_mid=-0.0009 (13s)
[SDAA:19] [LidCavity-movingbb] step=1000 max|u|=0.05000 u_lid_actual=1.0000 (target=1.0) u_mid=-0.0020 (25s)
[SDAA:19] [LidCavity-movingbb] step=1500 max|u|=0.05000 u_lid_actual=1.0000 (target=1.0) u_mid=-0.0035 (38s)
[SDAA:19] [LidCavity-movingbb] step=2000 max|u|=0.05000 u_lid_actual=1.0000 (target=1.0) u_mid=-0.0043 (50s)
[SDAA:19] [LidCavity-movingbb] step=2500 max|u|=0.05000 u_lid_actual=1.0000 (target=1.0) u_mid=-0.0046 (63s)
[SDAA:19] [LidCavity-movingbb] step=3000 max|u|=0.05000 u_lid_actual=1.0000 (target=1.0) u_mid=-0.0047 (76s)
[SDAA:19] [LidCavity-movingbb] step=3500 max|u|=0.05000 u_lid_actual=1.0000 (target=1.0) u_mid=-0.0044 (89s)
[SDAA:19] [LidCavity-movingbb] step=4000 max|u|=0.05000 u_lid_actual=1.0000 (target=1.0) u_mid=-0.0048 (102s)
[SDAA:19] [LidCavity-movingbb] step=4500 max|u|=0.05000 u_lid_actual=1.0000 (target=1.0) u_mid=-0.0052 (114s)
[SDAA:19] [LidCavity-movingbb] step=5000 max|u|=0.05000 u_lid_actual=1.0000 (target=1.0) u_mid=-0.0067 (127s)
[SDAA:19] [LidCavity-movingbb] step=5500 max|u|=0.05000 u_lid_actual=1.0000 (target=1.0) u_mid=-0.0080 (139s)
[SDAA:19] [LidCavity-movingbb] step=6000 max|u|=0.05000 u_lid_actual=1.0000 (target=1.0) u_mid=-0.0094 (152s)
[SDAA:19] [LidCavity-movingbb] step=6500 max|u|=0.05000 u_lid_actual=1.0000 (target=1.0) u_mid=-0.0106 (165s)
[SDAA:19] [LidCavity-movingbb] step=7000 max|u|=0.05000 u_lid_actual=1.0000 (target=1.0) u_mid=-0.0117 (178s)
[SDAA:19] [LidCavity-movingbb] step=7500 max|u|=0.05000 u_lid_actual=1.0000 (target=1.0) u_mid=-0.0131 (190s)
[SDAA:19] [LidCavity-movingbb] step=8000 max|u|=0.05000 u_lid_actual=1.0000 (target=1.0) u_mid=-0.0149 (203s)
[SDAA:19] [LidCavity-movingbb] step=8500 max|u|=0.05000 u_lid_actual=1.0000 (target=1.0) u_mid=-0.0171 (215s)
[SDAA:19] [LidCavity-movingbb] step=9000 max|u|=0.05000 u_lid_actual=1.0000 (target=1.0) u_mid=-0.0198 (228s)
[SDAA:19] [LidCavity-movingbb] step=9500 max|u|=0.05000 u_lid_actual=1.0000 (target=1.0) u_mid=-0.0223 (241s)
[SDAA:19] [LidCavity-movingbb] step=10000 max|u|=0.05000 u_lid_actual=1.0000 (target=1.0) u_mid=-0.0247 (254s)

============================================================
[SDAA:19] [LidCavity-movingbb] FINAL RESULTS
============================================================
  BC method: movingbb (post-streaming)
  u_lid actual (normalized) = 1.000000 (target=1.0)
  RMSE u (vertical centreline) = 0.168243
  Max  err u                    = 0.369797
  RMSE v (horizontal centreline)= 0.227122
  Vortex center: (0.4688, 0.4766)

         y     u_ghia      u_sim        err
  ------------------------------------------
    1.0000    1.00000    1.00000    0.00000
    0.9766    0.65928    0.61970    0.03958
    0.9688    0.57492    0.49351    0.08141
    0.9609    0.51117    0.38557    0.12560
    0.9531    0.46604    0.29876    0.16728
    0.8516    0.33304    0.02558    0.30746
    0.7344    0.18719    0.00662    0.18057
    0.6172    0.05702   -0.01607    0.07309
    0.5000   -0.06080   -0.01469    0.04611
    0.4531   -0.10648   -0.00876    0.09772
    0.2813   -0.27805   -0.00507    0.27298
    0.1719   -0.38289   -0.01309    0.36980
    0.1016   -0.29730   -0.04704    0.25026
    0.0703   -0.22220   -0.12967    0.09253
    0.0625   -0.20196   -0.16825    0.03371
    0.0547   -0.18109   -0.21760    0.03651
    0.0000    0.00000   -0.01269    0.01269

  Wall time: 254s (4.2 min)
  Results saved to cavity_movingbb_sdaa19.json
