/usr/lib64/python3.11/site-packages/torch/cuda/__init__.py:61: FutureWarning: The pynvml package is deprecated. Please install nvidia-ml-py instead. If you did not install pynvml directly, please report this to the maintainers of the package that installed pynvml for you.
  import pynvml  # type: ignore[import]
--------------+--------------------------------------------
 Host IP      | 172.17.0.2
 PyTorch      | 2.7.1
 Torch-SDAA   | 3.1.1a3+gite3971b9
--------------+--------------------------------------------
 SDAA Driver  | 3.1.0 (N/A)
 SDAA Runtime | 3.1.0 (/opt/tecoai/lib64/libsdaart.so)
 SDPTI        | 1.7.0 (/opt/tecoai/lib64/libsdpti.so)
 TecoDNN      | 3.1.0 (/opt/tecoai/lib64/libtecodnn.so)
 TecoBLAS     | 3.1.0 (/opt/tecoai/lib64/libtecoblas.so)
 CustomDNN    | 3.1.0 (/opt/tecoai/lib64/libtecocustom.so)
 TecoRAND     | 3.1.0 (/opt/tecoai/lib64/libtecorand.so)
 TCCL         | 3.1.0 (/opt/tecoai/lib64/libtccl.so)
--------------+--------------------------------------------
[SDAA:18] [LidCavity-zouhe] nx=128 ny=128 nz=4 u_lid=0.05 nu=6.400000e-03 tau=0.519200 Re=1000.0 Cs=0.05 bc=zouhe
[SDAA:18] [LidCavity-zouhe] solid=2032 (4 walls, z periodic) lid_cells=512
[SDAA:18] [LidCavity-zouhe] init done (0.4s), starting loop...
[SDAA:18] [LidCavity-zouhe] step=500 max|u|=0.06351 u_lid_actual=1.0000 (target=1.0) u_mid=0.0007 (14s)
[SDAA:18] [LidCavity-zouhe] step=1000 max|u|=0.06228 u_lid_actual=1.0000 (target=1.0) u_mid=-0.0041 (28s)
[SDAA:18] [LidCavity-zouhe] step=1500 max|u|=0.06226 u_lid_actual=1.0000 (target=1.0) u_mid=-0.0056 (41s)
[SDAA:18] [LidCavity-zouhe] step=2000 max|u|=0.06271 u_lid_actual=1.0000 (target=1.0) u_mid=-0.0088 (55s)
[SDAA:18] [LidCavity-zouhe] step=2500 max|u|=0.06186 u_lid_actual=1.0000 (target=1.0) u_mid=-0.0083 (68s)
[SDAA:18] [LidCavity-zouhe] step=3000 max|u|=0.06260 u_lid_actual=1.0000 (target=1.0) u_mid=-0.0086 (82s)
[SDAA:18] [LidCavity-zouhe] step=3500 max|u|=0.06219 u_lid_actual=1.0000 (target=1.0) u_mid=-0.0058 (96s)
[SDAA:18] [LidCavity-zouhe] step=4000 max|u|=0.06228 u_lid_actual=1.0000 (target=1.0) u_mid=-0.0069 (109s)
[SDAA:18] [LidCavity-zouhe] step=4500 max|u|=0.06269 u_lid_actual=1.0000 (target=1.0) u_mid=-0.0081 (122s)
[SDAA:18] [LidCavity-zouhe] step=5000 max|u|=0.06225 u_lid_actual=1.0000 (target=1.0) u_mid=-0.0117 (136s)
[SDAA:18] [LidCavity-zouhe] step=5500 max|u|=0.06273 u_lid_actual=1.0000 (target=1.0) u_mid=-0.0146 (149s)
[SDAA:18] [LidCavity-zouhe] step=6000 max|u|=0.06238 u_lid_actual=1.0000 (target=1.0) u_mid=-0.0171 (162s)
[SDAA:18] [LidCavity-zouhe] step=6500 max|u|=0.06243 u_lid_actual=1.0000 (target=1.0) u_mid=-0.0180 (175s)
[SDAA:18] [LidCavity-zouhe] step=7000 max|u|=0.06256 u_lid_actual=1.0000 (target=1.0) u_mid=-0.0189 (188s)
[SDAA:18] [LidCavity-zouhe] step=7500 max|u|=0.06234 u_lid_actual=1.0000 (target=1.0) u_mid=-0.0201 (201s)
[SDAA:18] [LidCavity-zouhe] step=8000 max|u|=0.06269 u_lid_actual=1.0000 (target=1.0) u_mid=-0.0232 (215s)
[SDAA:18] [LidCavity-zouhe] step=8500 max|u|=0.06251 u_lid_actual=1.0000 (target=1.0) u_mid=-0.0269 (228s)
[SDAA:18] [LidCavity-zouhe] step=9000 max|u|=0.06261 u_lid_actual=1.0000 (target=1.0) u_mid=-0.0314 (241s)
[SDAA:18] [LidCavity-zouhe] step=9500 max|u|=0.06263 u_lid_actual=1.0000 (target=1.0) u_mid=-0.0345 (254s)
[SDAA:18] [LidCavity-zouhe] step=10000 max|u|=0.06245 u_lid_actual=1.0000 (target=1.0) u_mid=-0.0361 (268s)

============================================================
[SDAA:18] [LidCavity-zouhe] FINAL RESULTS
============================================================
  BC method: zouhe (post-streaming)
  u_lid actual (normalized) = 1.000000 (target=1.0)
  RMSE u (vertical centreline) = 0.172620
  Max  err u                    = 0.359904
  RMSE v (horizontal centreline)= 0.211957
  Vortex center: (0.4609, 0.4688)

         y     u_ghia      u_sim        err
  ------------------------------------------
    1.0000    1.00000    1.00000    0.00000
    0.9766    0.65928    0.54896    0.11032
    0.9688    0.57492    0.43126    0.14366
    0.9609    0.51117    0.33308    0.17809
    0.9531    0.46604    0.25598    0.21006
    0.8516    0.33304    0.03329    0.29975
    0.7344    0.18719    0.01425    0.17294
    0.6172    0.05702   -0.01606    0.07308
    0.5000   -0.06080   -0.02381    0.03699
    0.4531   -0.10648   -0.01948    0.08700
    0.2813   -0.27805   -0.01548    0.26257
    0.1719   -0.38289   -0.02299    0.35990
    0.1016   -0.29730   -0.06092    0.23638
    0.0703   -0.22220   -0.15195    0.07025
    0.0625   -0.20196   -0.19380    0.00816
    0.0547   -0.18109   -0.24689    0.06580
    0.0000    0.00000   -0.01370    0.01370

  Wall time: 268s (4.5 min)
  Results saved to cavity_zouhe_sdaa18.json
