/usr/lib64/python3.11/site-packages/torch/cuda/__init__.py:61: FutureWarning: The pynvml package is deprecated. Please install nvidia-ml-py instead. If you did not install pynvml directly, please report this to the maintainers of the package that installed pynvml for you.
  import pynvml  # type: ignore[import]
--------------+--------------------------------------------
 Host IP      | 172.17.0.2
 PyTorch      | 2.7.1
 Torch-SDAA   | 3.1.1a3+gite3971b9
--------------+--------------------------------------------
 SDAA Driver  | 3.1.0 (N/A)
 SDAA Runtime | 3.1.0 (/opt/tecoai/lib64/libsdaart.so)
 SDPTI        | 1.7.0 (/opt/tecoai/lib64/libsdpti.so)
 TecoDNN      | 3.1.0 (/opt/tecoai/lib64/libtecodnn.so)
 TecoBLAS     | 3.1.0 (/opt/tecoai/lib64/libtecoblas.so)
 CustomDNN    | 3.1.0 (/opt/tecoai/lib64/libtecocustom.so)
 TecoRAND     | 3.1.0 (/opt/tecoai/lib64/libtecorand.so)
 TCCL         | 3.1.0 (/opt/tecoai/lib64/libtccl.so)
--------------+--------------------------------------------
[Couette3D SDAA:17] nx=80 ny=12 nz=12 tau=1.0 nu=0.166667 u_top=0.05
[Couette3D SDAA:17] H=10 Cf_exact=0.666667 n_steps=3000
[Couette3D SDAA:17] near-wall cells=1920
[Couette3D SDAA:17] SurfaceMesh built (from_gradient normal)
[Couette3D SDAA:17] init done (0.4s), starting loop...
[Couette3D SDAA:17] step=500 Cf=0.000000 (exact=0.666667) u[ny//2]=0.027492 (6s)
[Couette3D SDAA:17] step=1000 Cf=0.000000 (exact=0.666667) u[ny//2]=0.027499 (15s)
[Couette3D SDAA:17] step=1500 Cf=0.000000 (exact=0.666667) u[ny//2]=0.027499 (24s)
[Couette3D SDAA:17] step=2000 Cf=0.000000 (exact=0.666667) u[ny//2]=0.027499 (33s)
[Couette3D SDAA:17] step=2500 Cf=0.000000 (exact=0.666667) u[ny//2]=0.027499 (42s)
[Couette3D SDAA:17] step=3000 Cf=0.000000 (exact=0.666667) u[ny//2]=0.027499 (51s)

[Couette3D SDAA:17] === FINAL RESULTS ===
[Couette3D SDAA:17] Cf      = 0.000000  (exact=0.666667, err=100.00%)
[Couette3D SDAA:17] u_err   = 0.01% (max relative error)
[Couette3D SDAA:17] Cd_p_top  = -0.000000  (should be 0)
[Couette3D SDAA:17] Cd_p_bot  = -0.000000  (should be 0)
[Couette3D SDAA:17] u_profile:
[Couette3D SDAA:17]   y= 0  u=25.000244  exact=0.000000
[Couette3D SDAA:17]   y= 1  u=0.002500  exact=0.002500
[Couette3D SDAA:17]   y= 2  u=0.007499  exact=0.007500
[Couette3D SDAA:17]   y= 3  u=0.012499  exact=0.012500
[Couette3D SDAA:17]   y= 4  u=0.017499  exact=0.017500
[Couette3D SDAA:17]   y= 5  u=0.022499  exact=0.022500
[Couette3D SDAA:17]   y= 6  u=0.027499  exact=0.027500
[Couette3D SDAA:17]   y= 7  u=0.032499  exact=0.032500
[Couette3D SDAA:17]   y= 8  u=0.037499  exact=0.037500
[Couette3D SDAA:17]   y= 9  u=0.042500  exact=0.042500
[Couette3D SDAA:17]   y=10  u=0.047500  exact=0.047500
[Couette3D SDAA:17]   y=11  u=-24.991899  exact=0.000000
[Couette3D SDAA:17] time = 51s
Traceback (most recent call last):
  File "/root/TensorLBM_dev/couette_poiseuille_3d.py", line 472, in <module>
    run_couette(device_id, output_path)
  File "/root/TensorLBM_dev/couette_poiseuille_3d.py", line 276, in run_couette
    Path(output_path).write_text(json.dumps(result, indent=2))
                                 ^^^^^^^^^^^^^^^^^^^^^^^^^^^^
  File "/usr/lib64/python3.11/json/__init__.py", line 238, in dumps
    **kw).encode(obj)
          ^^^^^^^^^^^
  File "/usr/lib64/python3.11/json/encoder.py", line 202, in encode
    chunks = list(chunks)
             ^^^^^^^^^^^^
  File "/usr/lib64/python3.11/json/encoder.py", line 432, in _iterencode
    yield from _iterencode_dict(o, _current_indent_level)
  File "/usr/lib64/python3.11/json/encoder.py", line 406, in _iterencode_dict
    yield from chunks
  File "/usr/lib64/python3.11/json/encoder.py", line 439, in _iterencode
    o = _default(o)
        ^^^^^^^^^^^
  File "/usr/lib64/python3.11/json/encoder.py", line 180, in default
    raise TypeError(f'Object of type {o.__class__.__name__} '
TypeError: Object of type float32 is not JSON serializable
