/usr/lib64/python3.11/site-packages/torch/cuda/__init__.py:61: FutureWarning: The pynvml package is deprecated. Please install nvidia-ml-py instead. If you did not install pynvml directly, please report this to the maintainers of the package that installed pynvml for you.
  import pynvml  # type: ignore[import]
--------------+--------------------------------------------
 Host IP      | 172.17.0.2
 PyTorch      | 2.7.1
 Torch-SDAA   | 3.1.1a3+gite3971b9
--------------+--------------------------------------------
 SDAA Driver  | 3.1.0 (N/A)
 SDAA Runtime | 3.1.0 (/opt/tecoai/lib64/libsdaart.so)
 SDPTI        | 1.7.0 (/opt/tecoai/lib64/libsdpti.so)
 TecoDNN      | 3.1.0 (/opt/tecoai/lib64/libtecodnn.so)
 TecoBLAS     | 3.1.0 (/opt/tecoai/lib64/libtecoblas.so)
 CustomDNN    | 3.1.0 (/opt/tecoai/lib64/libtecocustom.so)
 TecoRAND     | 3.1.0 (/opt/tecoai/lib64/libtecorand.so)
 TCCL         | 3.1.0 (/opt/tecoai/lib64/libtccl.so)
--------------+--------------------------------------------
[CylLarge SDAA:16] nx=1200 ny=400 nz=4 D=96.0 u_in=0.08 nu=3.840000e-02 tau=0.615200 Cs=0.05 dpS=1.2288
[CylLarge SDAA:16] n_steps=50000 warmup=10000
[CylLarge SDAA:16] solid cells=28852 near-wall cells=1088
[CylLarge SDAA:16] SurfaceMesh built (analytical cylinder normal)
[CylLarge SDAA:16] init done (0.5s), starting loop...
[CylLarge SDAA:16] step=500 Cd=0.0000 Cl=0.0000 max|ux|=0.1401 (114s, 0.229s/step)
[CylLarge SDAA:16] step=1000 Cd=0.0000 Cl=0.0000 max|ux|=0.1382 (227s, 0.227s/step)
[CylLarge SDAA:16] step=1500 Cd=0.0000 Cl=0.0000 max|ux|=0.1302 (340s, 0.227s/step)
[CylLarge SDAA:16] step=2000 Cd=0.0000 Cl=0.0000 max|ux|=0.1274 (453s, 0.227s/step)
[CylLarge SDAA:16] step=2500 Cd=0.0000 Cl=0.0000 max|ux|=0.1253 (566s, 0.226s/step)
[CylLarge SDAA:16] step=3000 Cd=0.0000 Cl=0.0000 max|ux|=0.1239 (679s, 0.226s/step)
[CylLarge SDAA:16] step=3500 Cd=0.0000 Cl=0.0000 max|ux|=0.1229 (792s, 0.226s/step)
[CylLarge SDAA:16] step=4000 Cd=0.0000 Cl=0.0000 max|ux|=0.1239 (904s, 0.226s/step)
[CylLarge SDAA:16] step=4500 Cd=0.0000 Cl=0.0000 max|ux|=0.1252 (1017s, 0.226s/step)
[CylLarge SDAA:16] step=5000 Cd=0.0000 Cl=0.0000 max|ux|=0.1263 (1130s, 0.226s/step)
[CylLarge SDAA:16] step=5500 Cd=0.0000 Cl=0.0000 max|ux|=0.1258 (1243s, 0.226s/step)
[CylLarge SDAA:16] step=6000 Cd=0.0000 Cl=0.0000 max|ux|=0.1263 (1356s, 0.226s/step)
[CylLarge SDAA:16] step=6500 Cd=0.0000 Cl=0.0000 max|ux|=0.1267 (1468s, 0.226s/step)
[CylLarge SDAA:16] step=7000 Cd=0.0000 Cl=0.0000 max|ux|=0.1270 (1581s, 0.226s/step)
[CylLarge SDAA:16] step=7500 Cd=0.0000 Cl=0.0000 max|ux|=0.1272 (1694s, 0.226s/step)
[CylLarge SDAA:16] step=8000 Cd=0.0000 Cl=0.0000 max|ux|=0.1275 (1807s, 0.226s/step)
[CylLarge SDAA:16] step=8500 Cd=0.0000 Cl=0.0000 max|ux|=0.1277 (1920s, 0.226s/step)
[CylLarge SDAA:16] step=9000 Cd=0.0000 Cl=0.0000 max|ux|=0.1278 (2033s, 0.226s/step)
[CylLarge SDAA:16] step=9500 Cd=0.0000 Cl=0.0000 max|ux|=0.1279 (2146s, 0.226s/step)
[CylLarge SDAA:16] step=10000 Cd=0.0000 Cl=0.0000 max|ux|=0.1280 (2259s, 0.226s/step)
[CylLarge SDAA:16] step=10500 Cd=1.3285 Cl=-0.0068 max|ux|=0.1280 (2372s, 0.226s/step)
[CylLarge SDAA:16] step=11000 Cd=1.3295 Cl=-0.0077 max|ux|=0.1280 (2486s, 0.226s/step)
[CylLarge SDAA:16] step=11500 Cd=1.3294 Cl=-0.0081 max|ux|=0.1279 (2599s, 0.226s/step)
[CylLarge SDAA:16] step=12000 Cd=1.3300 Cl=-0.0078 max|ux|=0.1278 (2713s, 0.226s/step)
[CylLarge SDAA:16] step=12500 Cd=1.3301 Cl=-0.0068 max|ux|=0.1279 (2826s, 0.226s/step)
[CylLarge SDAA:16] step=13000 Cd=1.3306 Cl=-0.0052 max|ux|=0.1279 (2939s, 0.226s/step)
[CylLarge SDAA:16] step=13500 Cd=1.3308 Cl=-0.0033 max|ux|=0.1280 (3053s, 0.226s/step)
[CylLarge SDAA:16] step=14000 Cd=1.3314 Cl=-0.0013 max|ux|=0.1279 (3166s, 0.226s/step)
[CylLarge SDAA:16] step=14500 Cd=1.3316 Cl=0.0005 max|ux|=0.1278 (3280s, 0.226s/step)
[CylLarge SDAA:16] step=15000 Cd=1.3322 Cl=0.0017 max|ux|=0.1274 (3393s, 0.226s/step)
[CylLarge SDAA:16] step=15500 Cd=1.3326 Cl=0.0022 max|ux|=0.1269 (3507s, 0.226s/step)
[CylLarge SDAA:16] step=16000 Cd=1.3331 Cl=0.0018 max|ux|=0.1272 (3620s, 0.226s/step)
[CylLarge SDAA:16] step=16500 Cd=1.3333 Cl=0.0007 max|ux|=0.1275 (3733s, 0.226s/step)
[CylLarge SDAA:16] step=17000 Cd=1.3338 Cl=-0.0009 max|ux|=0.1278 (3846s, 0.226s/step)
[CylLarge SDAA:16] step=17500 Cd=1.3341 Cl=-0.0026 max|ux|=0.1280 (3959s, 0.226s/step)
[CylLarge SDAA:16] step=18000 Cd=1.3346 Cl=-0.0039 max|ux|=0.1279 (4073s, 0.226s/step)
[CylLarge SDAA:16] step=18500 Cd=1.3349 Cl=-0.0046 max|ux|=0.1276 (4186s, 0.226s/step)
[CylLarge SDAA:16] step=19000 Cd=1.3353 Cl=-0.0043 max|ux|=0.1269 (4299s, 0.226s/step)
[CylLarge SDAA:16] step=19500 Cd=1.3356 Cl=-0.0032 max|ux|=0.1269 (4412s, 0.226s/step)
[CylLarge SDAA:16] step=20000 Cd=1.3361 Cl=-0.0013 max|ux|=0.1280 (4525s, 0.226s/step)
[CylLarge SDAA:16] step=20500 Cd=1.3365 Cl=0.0008 max|ux|=0.1291 (4639s, 0.226s/step)
[CylLarge SDAA:16] step=21000 Cd=1.3370 Cl=0.0025 max|ux|=0.1300 (4752s, 0.226s/step)
[CylLarge SDAA:16] step=21500 Cd=1.3375 Cl=0.0033 max|ux|=0.1307 (4865s, 0.226s/step)
[CylLarge SDAA:16] step=22000 Cd=1.3381 Cl=0.0029 max|ux|=0.1313 (4979s, 0.226s/step)
[CylLarge SDAA:16] step=22500 Cd=1.3387 Cl=0.0013 max|ux|=0.1316 (5092s, 0.226s/step)
[CylLarge SDAA:16] step=23000 Cd=1.3395 Cl=-0.0013 max|ux|=0.1319 (5206s, 0.226s/step)
[CylLarge SDAA:16] step=23500 Cd=1.3404 Cl=-0.0040 max|ux|=0.1322 (5319s, 0.226s/step)
[CylLarge SDAA:16] step=24000 Cd=1.3416 Cl=-0.0059 max|ux|=0.1327 (5432s, 0.226s/step)
[CylLarge SDAA:16] step=24500 Cd=1.3428 Cl=-0.0063 max|ux|=0.1338 (5546s, 0.226s/step)
[CylLarge SDAA:16] step=25000 Cd=1.3442 Cl=-0.0047 max|ux|=0.1346 (5659s, 0.226s/step)
[CylLarge SDAA:16] step=25500 Cd=1.3457 Cl=-0.0015 max|ux|=0.1353 (5772s, 0.226s/step)
[CylLarge SDAA:16] step=26000 Cd=1.3476 Cl=0.0023 max|ux|=0.1358 (5885s, 0.226s/step)
[CylLarge SDAA:16] step=26500 Cd=1.3495 Cl=0.0050 max|ux|=0.1360 (5998s, 0.226s/step)
[CylLarge SDAA:16] step=27000 Cd=1.3513 Cl=0.0055 max|ux|=0.1355 (6111s, 0.226s/step)
[CylLarge SDAA:16] step=27500 Cd=1.3528 Cl=0.0031 max|ux|=0.1360 (6225s, 0.226s/step)
[CylLarge SDAA:16] step=28000 Cd=1.3538 Cl=-0.0011 max|ux|=0.1426 (6338s, 0.226s/step)
[CylLarge SDAA:16] step=28500 Cd=1.3554 Cl=-0.0055 max|ux|=0.1581 (6451s, 0.226s/step)
[CylLarge SDAA:16] step=29000 Cd=1.3580 Cl=-0.0081 max|ux|=0.1683 (6565s, 0.226s/step)
[CylLarge SDAA:16] step=29500 Cd=1.3602 Cl=-0.0075 max|ux|=0.1260 (6678s, 0.226s/step)
[CylLarge SDAA:16] step=30000 Cd=1.3604 Cl=-0.0039 max|ux|=0.1291 (6791s, 0.226s/step)
[CylLarge SDAA:16] step=30500 Cd=1.3596 Cl=0.0014 max|ux|=0.1365 (6904s, 0.226s/step)
[CylLarge SDAA:16] step=31000 Cd=1.3622 Cl=0.0061 max|ux|=0.1609 (7018s, 0.226s/step)
[CylLarge SDAA:16] step=31500 Cd=1.3655 Cl=0.0080 max|ux|=0.1536 (7131s, 0.226s/step)
[CylLarge SDAA:16] step=32000 Cd=1.3676 Cl=0.0063 max|ux|=0.1268 (7244s, 0.226s/step)
[CylLarge SDAA:16] step=32500 Cd=1.3674 Cl=0.0015 max|ux|=0.1257 (7358s, 0.226s/step)
[CylLarge SDAA:16] step=33000 Cd=1.3677 Cl=-0.0047 max|ux|=0.1263 (7471s, 0.226s/step)
[CylLarge SDAA:16] step=33500 Cd=1.3702 Cl=-0.0095 max|ux|=0.1363 (7584s, 0.226s/step)
[CylLarge SDAA:16] step=34000 Cd=1.3729 Cl=-0.0109 max|ux|=0.1443 (7697s, 0.226s/step)
[CylLarge SDAA:16] step=34500 Cd=1.3749 Cl=-0.0080 max|ux|=0.1270 (7810s, 0.226s/step)
[CylLarge SDAA:16] step=35000 Cd=1.3761 Cl=-0.0017 max|ux|=0.1259 (7924s, 0.226s/step)
[CylLarge SDAA:16] step=35500 Cd=1.3769 Cl=0.0052 max|ux|=0.1262 (8037s, 0.226s/step)
[CylLarge SDAA:16] step=36000 Cd=1.3790 Cl=0.0101 max|ux|=0.1292 (8150s, 0.226s/step)
[CylLarge SDAA:16] step=36500 Cd=1.3814 Cl=0.0106 max|ux|=0.1399 (8264s, 0.226s/step)
[CylLarge SDAA:16] step=37000 Cd=1.3833 Cl=0.0063 max|ux|=0.1273 (8377s, 0.226s/step)
[CylLarge SDAA:16] step=37500 Cd=1.3849 Cl=-0.0012 max|ux|=0.1274 (8490s, 0.226s/step)
[CylLarge SDAA:16] step=38000 Cd=1.3861 Cl=-0.0090 max|ux|=0.1270 (8603s, 0.226s/step)
[CylLarge SDAA:16] step=38500 Cd=1.3879 Cl=-0.0139 max|ux|=0.1294 (8716s, 0.226s/step)
[CylLarge SDAA:16] step=39000 Cd=1.3902 Cl=-0.0137 max|ux|=0.1398 (8830s, 0.226s/step)
[CylLarge SDAA:16] step=39500 Cd=1.3921 Cl=-0.0082 max|ux|=0.1286 (8943s, 0.226s/step)
[CylLarge SDAA:16] step=40000 Cd=1.3940 Cl=0.0006 max|ux|=0.1292 (9056s, 0.226s/step)
[CylLarge SDAA:16] step=40500 Cd=1.3955 Cl=0.0091 max|ux|=0.1286 (9169s, 0.226s/step)
[CylLarge SDAA:16] step=41000 Cd=1.3972 Cl=0.0142 max|ux|=0.1295 (9282s, 0.226s/step)
[CylLarge SDAA:16] step=41500 Cd=1.3993 Cl=0.0135 max|ux|=0.1396 (9395s, 0.226s/step)
[CylLarge SDAA:16] step=42000 Cd=1.4013 Cl=0.0071 max|ux|=0.1283 (9509s, 0.226s/step)
[CylLarge SDAA:16] step=42500 Cd=1.4034 Cl=-0.0025 max|ux|=0.1308 (9622s, 0.226s/step)
[CylLarge SDAA:16] step=43000 Cd=1.4051 Cl=-0.0116 max|ux|=0.1301 (9735s, 0.226s/step)
[CylLarge SDAA:16] step=43500 Cd=1.4069 Cl=-0.0167 max|ux|=0.1292 (9848s, 0.226s/step)
[CylLarge SDAA:16] step=44000 Cd=1.4089 Cl=-0.0157 max|ux|=0.1390 (9961s, 0.226s/step)
[CylLarge SDAA:16] step=44500 Cd=1.4109 Cl=-0.0089 max|ux|=0.1292 (10074s, 0.226s/step)
[CylLarge SDAA:16] step=45000 Cd=1.4130 Cl=0.0011 max|ux|=0.1320 (10187s, 0.226s/step)
[CylLarge SDAA:16] step=45500 Cd=1.4148 Cl=0.0104 max|ux|=0.1312 (10301s, 0.226s/step)
[CylLarge SDAA:16] step=46000 Cd=1.4166 Cl=0.0154 max|ux|=0.1302 (10414s, 0.226s/step)
[CylLarge SDAA:16] step=46500 Cd=1.4184 Cl=0.0144 max|ux|=0.1399 (10527s, 0.226s/step)
[CylLarge SDAA:16] step=47000 Cd=1.4203 Cl=0.0076 max|ux|=0.1298 (10640s, 0.226s/step)
[CylLarge SDAA:16] step=47500 Cd=1.4224 Cl=-0.0024 max|ux|=0.1327 (10753s, 0.226s/step)
[CylLarge SDAA:16] step=48000 Cd=1.4242 Cl=-0.0116 max|ux|=0.1319 (10866s, 0.226s/step)
[CylLarge SDAA:16] step=48500 Cd=1.4258 Cl=-0.0167 max|ux|=0.1309 (10980s, 0.226s/step)
[CylLarge SDAA:16] step=49000 Cd=1.4275 Cl=-0.0158 max|ux|=0.1405 (11093s, 0.226s/step)
[CylLarge SDAA:16] step=49500 Cd=1.4292 Cl=-0.0092 max|ux|=0.1301 (11206s, 0.226s/step)
[CylLarge SDAA:16] step=50000 Cd=1.4312 Cl=0.0005 max|ux|=0.1332 (11319s, 0.226s/step)

[CylLarge SDAA:16] === FINAL RESULTS ===
[CylLarge SDAA:16] Cd_p   = 1.2422 ± 0.0764
[CylLarge SDAA:16] Cd_f   = 0.1890 ± 0.0095
[CylLarge SDAA:16] Cd_tot = 1.4312 ± 0.0856  (ref=1.3, err=10.1%)
[CylLarge SDAA:16] Cl_amp = 0.7859  (ref=0.31, err=153.5%)
[CylLarge SDAA:16] St     = 0.2400  (ref=0.165, err=45.5%)
[CylLarge SDAA:16] time = 11319s (0.226s/step)
[CylLarge SDAA:16] results saved to cylinder_large_sdaa16.json
