/usr/lib64/python3.11/site-packages/torch/cuda/__init__.py:61: FutureWarning: The pynvml package is deprecated. Please install nvidia-ml-py instead. If you did not install pynvml directly, please report this to the maintainers of the package that installed pynvml for you.
  import pynvml  # type: ignore[import]
--------------+--------------------------------------------
 Host IP      | 172.17.0.2
 PyTorch      | 2.7.1
 Torch-SDAA   | 3.1.1a3+gite3971b9
--------------+--------------------------------------------
 SDAA Driver  | 3.1.0 (N/A)
 SDAA Runtime | 3.1.0 (/opt/tecoai/lib64/libsdaart.so)
 SDPTI        | 1.7.0 (/opt/tecoai/lib64/libsdpti.so)
 TecoDNN      | 3.1.0 (/opt/tecoai/lib64/libtecodnn.so)
 TecoBLAS     | 3.1.0 (/opt/tecoai/lib64/libtecoblas.so)
 CustomDNN    | 3.1.0 (/opt/tecoai/lib64/libtecocustom.so)
 TecoRAND     | 3.1.0 (/opt/tecoai/lib64/libtecorand.so)
 TCCL         | 3.1.0 (/opt/tecoai/lib64/libtccl.so)
--------------+--------------------------------------------
[SDAA:18 SUBOFF Re=500] nx=200 ny=80 nz=80 L=80.0 R=4.6674 D=9.3349 u_in=0.06 nu=9.600000e-03 tau=0.528800 Cs=0.05 dpS=4.223004e+00 Cf_ref=0.059390 n_solid=4651 n_steps=5000 ref=Blasius laminar Cf=1.328/sqrt(Re)
[SDAA:18 SUBOFF Re=500] near-wall cells: 2050
[SDAA:18 SUBOFF Re=500] |n| stats: min=1.000000 max=1.000000 mean=1.000000
[SDAA:18 SUBOFF Re=500] init done (0.0s), initial_mass=1280000.0
[SDAA:18 SUBOFF Re=500] step=500 Cd_p=0.013732 Cd_f=0.118416 Cd_tot=0.132149 (80s)
[SDAA:18 SUBOFF Re=500] step=1000 Cd_p=0.008149 Cd_f=0.074145 Cd_tot=0.082294 (160s)
[SDAA:18 SUBOFF Re=500] step=1500 Cd_p=0.007959 Cd_f=0.067254 Cd_tot=0.075213 (240s)
[SDAA:18 SUBOFF Re=500] step=2000 Cd_p=0.007922 Cd_f=0.065085 Cd_tot=0.073006 (320s)
[SDAA:18 SUBOFF Re=500] step=2500 Cd_p=0.007889 Cd_f=0.064421 Cd_tot=0.072310 (400s)
[SDAA:18 SUBOFF Re=500] step=3000 Cd_p=0.007869 Cd_f=0.064200 Cd_tot=0.072069 (480s)
[SDAA:18 SUBOFF Re=500] step=3500 Cd_p=0.007860 Cd_f=0.064116 Cd_tot=0.071977 (559s)
[SDAA:18 SUBOFF Re=500] step=4000 Cd_p=0.007861 Cd_f=0.064084 Cd_tot=0.071946 (639s)
[SDAA:18 SUBOFF Re=500] step=4500 Cd_p=0.007858 Cd_f=0.064069 Cd_tot=0.071928 (719s)
[SDAA:18 SUBOFF Re=500] step=5000 Cd_p=0.007863 Cd_f=0.064065 Cd_tot=0.071928 (799s)
[SDAA:18 SUBOFF Re=500] DONE Cd_p=0.007863 Cd_f=0.064065 Cd_tot=0.071928 Cf=0.071928 (ref Cf=0.059390) err=21.1% time=799s (159.8ms/step)
[SDAA:18 SUBOFF Re=500] Results written to suboff_re500_sdaa18.json
