/usr/lib64/python3.11/site-packages/torch/cuda/__init__.py:61: FutureWarning: The pynvml package is deprecated. Please install nvidia-ml-py instead. If you did not install pynvml directly, please report this to the maintainers of the package that installed pynvml for you.
  import pynvml  # type: ignore[import]
--------------+--------------------------------------------
 Host IP      | 172.17.0.2
 PyTorch      | 2.7.1
 Torch-SDAA   | 3.1.1a3+gite3971b9
--------------+--------------------------------------------
 SDAA Driver  | 3.1.0 (N/A)
 SDAA Runtime | 3.1.0 (/opt/tecoai/lib64/libsdaart.so)
 SDPTI        | 1.7.0 (/opt/tecoai/lib64/libsdpti.so)
 TecoDNN      | 3.1.0 (/opt/tecoai/lib64/libtecodnn.so)
 TecoBLAS     | 3.1.0 (/opt/tecoai/lib64/libtecoblas.so)
 CustomDNN    | 3.1.0 (/opt/tecoai/lib64/libtecocustom.so)
 TecoRAND     | 3.1.0 (/opt/tecoai/lib64/libtecorand.so)
 TCCL         | 3.1.0 (/opt/tecoai/lib64/libtccl.so)
--------------+--------------------------------------------
[SDAA:23 SUBOFF Re=1000 2L blockage] domain=2L nx=160 ny=60 nz=60 L=80.0 R=4.667 D=9.335 u_in=0.06 nu=4.800000e-03 tau=0.514400 Cs=0.05 dpS=4.223004e+00 Cf_ref=0.041995 n_solid=4651 blockage_label=33% blockage_actual=1.90% n_steps=5000
[SDAA:23 SUBOFF Re=1000 2L blockage] near-wall cells: 2050
[SDAA:23 SUBOFF Re=1000 2L blockage] init done (0.0s), initial_mass=576000.0
[SDAA:23 SUBOFF Re=1000 2L blockage] step=500 Cd_p=0.012594 Cd_f=0.072192 Cd_tot=0.084786 (38s)
[SDAA:23 SUBOFF Re=1000 2L blockage] step=1000 Cd_p=0.007298 Cd_f=0.045923 Cd_tot=0.053221 (76s)
[SDAA:23 SUBOFF Re=1000 2L blockage] step=1500 Cd_p=0.007123 Cd_f=0.041400 Cd_tot=0.048523 (114s)
[SDAA:23 SUBOFF Re=1000 2L blockage] step=2000 Cd_p=0.007079 Cd_f=0.039947 Cd_tot=0.047026 (152s)
[SDAA:23 SUBOFF Re=1000 2L blockage] step=2500 Cd_p=0.007056 Cd_f=0.039494 Cd_tot=0.046550 (191s)
[SDAA:23 SUBOFF Re=1000 2L blockage] step=3000 Cd_p=0.007034 Cd_f=0.039344 Cd_tot=0.046377 (229s)
[SDAA:23 SUBOFF Re=1000 2L blockage] step=3500 Cd_p=0.007027 Cd_f=0.039282 Cd_tot=0.046309 (267s)
[SDAA:23 SUBOFF Re=1000 2L blockage] step=4000 Cd_p=0.007021 Cd_f=0.039257 Cd_tot=0.046279 (305s)
[SDAA:23 SUBOFF Re=1000 2L blockage] step=4500 Cd_p=0.007026 Cd_f=0.039247 Cd_tot=0.046273 (343s)
[SDAA:23 SUBOFF Re=1000 2L blockage] step=5000 Cd_p=0.007023 Cd_f=0.039242 Cd_tot=0.046265 (381s)
[SDAA:23 SUBOFF Re=1000 2L blockage] DONE Cd_p=0.007023 Cd_f=0.039242 Cd_tot=0.046265 Cf=0.046265 (ref Cf=0.041995) err=10.2% time=381s (76.2ms/step)
[SDAA:23 SUBOFF Re=1000 2L blockage] Results written to suboff_blockage_2L_sdaa23.json
