/usr/lib64/python3.11/site-packages/torch/cuda/__init__.py:61: FutureWarning: The pynvml package is deprecated. Please install nvidia-ml-py instead. If you did not install pynvml directly, please report this to the maintainers of the package that installed pynvml for you.
  import pynvml  # type: ignore[import]
--------------+--------------------------------------------
 Host IP      | 172.17.0.2
 PyTorch      | 2.7.1
 Torch-SDAA   | 3.1.1a3+gite3971b9
--------------+--------------------------------------------
 SDAA Driver  | 3.1.0 (N/A)
 SDAA Runtime | 3.1.0 (/opt/tecoai/lib64/libsdaart.so)
 SDPTI        | 1.7.0 (/opt/tecoai/lib64/libsdpti.so)
 TecoDNN      | 3.1.0 (/opt/tecoai/lib64/libtecodnn.so)
 TecoBLAS     | 3.1.0 (/opt/tecoai/lib64/libtecoblas.so)
 CustomDNN    | 3.1.0 (/opt/tecoai/lib64/libtecocustom.so)
 TecoRAND     | 3.1.0 (/opt/tecoai/lib64/libtecorand.so)
 TCCL         | 3.1.0 (/opt/tecoai/lib64/libtccl.so)
--------------+--------------------------------------------
[SDAA:24 SUBOFF Re=1000 4L blockage] domain=4L nx=320 ny=120 nz=120 L=80.0 R=4.667 D=9.335 u_in=0.06 nu=4.800000e-03 tau=0.514400 Cs=0.05 dpS=4.223004e+00 Cf_ref=0.041995 n_solid=4651 blockage_label=17% blockage_actual=0.48% n_steps=5000
[SDAA:24 SUBOFF Re=1000 4L blockage] near-wall cells: 2050
[SDAA:24 SUBOFF Re=1000 4L blockage] init done (0.1s), initial_mass=4608000.0
[SDAA:24 SUBOFF Re=1000 4L blockage] step=500 Cd_p=0.011160 Cd_f=0.071513 Cd_tot=0.082672 (295s)
[SDAA:24 SUBOFF Re=1000 4L blockage] step=1000 Cd_p=0.006198 Cd_f=0.044675 Cd_tot=0.050873 (591s)
[SDAA:24 SUBOFF Re=1000 4L blockage] step=1500 Cd_p=0.006024 Cd_f=0.039786 Cd_tot=0.045810 (886s)
[SDAA:24 SUBOFF Re=1000 4L blockage] step=2000 Cd_p=0.005973 Cd_f=0.038065 Cd_tot=0.044038 (1179s)
[SDAA:24 SUBOFF Re=1000 4L blockage] step=2500 Cd_p=0.005948 Cd_f=0.037459 Cd_tot=0.043408 (1471s)
[SDAA:24 SUBOFF Re=1000 4L blockage] step=3000 Cd_p=0.005919 Cd_f=0.037238 Cd_tot=0.043157 (1764s)
[SDAA:24 SUBOFF Re=1000 4L blockage] step=3500 Cd_p=0.005900 Cd_f=0.037149 Cd_tot=0.043049 (2056s)
[SDAA:24 SUBOFF Re=1000 4L blockage] step=4000 Cd_p=0.005888 Cd_f=0.037109 Cd_tot=0.042997 (2349s)
[SDAA:24 SUBOFF Re=1000 4L blockage] step=4500 Cd_p=0.005883 Cd_f=0.037090 Cd_tot=0.042973 (2642s)
[SDAA:24 SUBOFF Re=1000 4L blockage] step=5000 Cd_p=0.005880 Cd_f=0.037080 Cd_tot=0.042960 (2934s)
[SDAA:24 SUBOFF Re=1000 4L blockage] DONE Cd_p=0.005880 Cd_f=0.037080 Cd_tot=0.042960 Cf=0.042960 (ref Cf=0.041995) err=2.3% time=2934s (586.9ms/step)
[SDAA:24 SUBOFF Re=1000 4L blockage] Results written to suboff_blockage_4L_sdaa24.json
