/usr/lib64/python3.11/site-packages/torch/cuda/__init__.py:61: FutureWarning: The pynvml package is deprecated. Please install nvidia-ml-py instead. If you did not install pynvml directly, please report this to the maintainers of the package that installed pynvml for you.
  import pynvml  # type: ignore[import]
--------------+--------------------------------------------
 Host IP      | 172.17.0.2
 PyTorch      | 2.7.1
 Torch-SDAA   | 3.1.1a3+gite3971b9
--------------+--------------------------------------------
 SDAA Driver  | 3.1.0 (N/A)
 SDAA Runtime | 3.1.0 (/opt/tecoai/lib64/libsdaart.so)
 SDPTI        | 1.7.0 (/opt/tecoai/lib64/libsdpti.so)
 TecoDNN      | 3.1.0 (/opt/tecoai/lib64/libtecodnn.so)
 TecoBLAS     | 3.1.0 (/opt/tecoai/lib64/libtecoblas.so)
 CustomDNN    | 3.1.0 (/opt/tecoai/lib64/libtecocustom.so)
 TecoRAND     | 3.1.0 (/opt/tecoai/lib64/libtecorand.so)
 TCCL         | 3.1.0 (/opt/tecoai/lib64/libtccl.so)
--------------+--------------------------------------------
[SDAA:17 SUBOFF Re=100] nx=200 ny=80 nz=80 L=80.0 R=4.6674 D=9.3349 u_in=0.06 nu=4.800000e-02 tau=0.644000 Cs=0.05 dpS=4.223004e+00 Cf_ref=0.132800 n_solid=4651 n_steps=5000 ref=Blasius laminar Cf=1.328/sqrt(Re)
[SDAA:17 SUBOFF Re=100] near-wall cells: 2050
[SDAA:17 SUBOFF Re=100] |n| stats: min=1.000000 max=1.000000 mean=1.000000
[SDAA:17 SUBOFF Re=100] init done (0.0s), initial_mass=1280000.0
[SDAA:17 SUBOFF Re=100] step=500 Cd_p=0.025056 Cd_f=0.378581 Cd_tot=0.403637 (81s)
[SDAA:17 SUBOFF Re=100] step=1000 Cd_p=0.017191 Cd_f=0.253478 Cd_tot=0.270669 (161s)
[SDAA:17 SUBOFF Re=100] step=1500 Cd_p=0.016816 Cd_f=0.238790 Cd_tot=0.255606 (241s)
[SDAA:17 SUBOFF Re=100] step=2000 Cd_p=0.016719 Cd_f=0.234849 Cd_tot=0.251568 (322s)
[SDAA:17 SUBOFF Re=100] step=2500 Cd_p=0.016649 Cd_f=0.233577 Cd_tot=0.250227 (402s)
[SDAA:17 SUBOFF Re=100] step=3000 Cd_p=0.016656 Cd_f=0.233050 Cd_tot=0.249706 (482s)
[SDAA:17 SUBOFF Re=100] step=3500 Cd_p=0.016640 Cd_f=0.232768 Cd_tot=0.249408 (562s)
[SDAA:17 SUBOFF Re=100] step=4000 Cd_p=0.016663 Cd_f=0.232650 Cd_tot=0.249313 (642s)
[SDAA:17 SUBOFF Re=100] step=4500 Cd_p=0.016643 Cd_f=0.232560 Cd_tot=0.249203 (723s)
[SDAA:17 SUBOFF Re=100] step=5000 Cd_p=0.016664 Cd_f=0.232538 Cd_tot=0.249203 (803s)
[SDAA:17 SUBOFF Re=100] DONE Cd_p=0.016664 Cd_f=0.232538 Cd_tot=0.249203 Cf=0.249203 (ref Cf=0.132800) err=87.7% time=803s (160.6ms/step)
[SDAA:17 SUBOFF Re=100] Results written to suboff_re100_sdaa17.json
