/usr/lib64/python3.11/site-packages/torch/cuda/__init__.py:61: FutureWarning: The pynvml package is deprecated. Please install nvidia-ml-py instead. If you did not install pynvml directly, please report this to the maintainers of the package that installed pynvml for you.
  import pynvml  # type: ignore[import]
--------------+--------------------------------------------
 Host IP      | 172.17.0.2
 PyTorch      | 2.7.1
 Torch-SDAA   | 3.1.1a3+gite3971b9
--------------+--------------------------------------------
 SDAA Driver  | 3.1.0 (N/A)
 SDAA Runtime | 3.1.0 (/opt/tecoai/lib64/libsdaart.so)
 SDPTI        | 1.7.0 (/opt/tecoai/lib64/libsdpti.so)
 TecoDNN      | 3.1.0 (/opt/tecoai/lib64/libtecodnn.so)
 TecoBLAS     | 3.1.0 (/opt/tecoai/lib64/libtecoblas.so)
 CustomDNN    | 3.1.0 (/opt/tecoai/lib64/libtecocustom.so)
 TecoRAND     | 3.1.0 (/opt/tecoai/lib64/libtecorand.so)
 TCCL         | 3.1.0 (/opt/tecoai/lib64/libtccl.so)
--------------+--------------------------------------------
[SDAA:25 SUBOFF Re=1000 6L blockage] domain=6L nx=480 ny=180 nz=180 L=80.0 R=4.667 D=9.335 u_in=0.06 nu=4.800000e-03 tau=0.514400 Cs=0.05 dpS=4.223004e+00 Cf_ref=0.041995 n_solid=4651 blockage_label=11% blockage_actual=0.21% n_steps=5000
[SDAA:25 SUBOFF Re=1000 6L blockage] near-wall cells: 2050
[SDAA:25 SUBOFF Re=1000 6L blockage] init done (0.4s), initial_mass=15552000.0
[SDAA:25 SUBOFF Re=1000 6L blockage] step=500 Cd_p=0.011000 Cd_f=0.071442 Cd_tot=0.082443 (987s)
[SDAA:25 SUBOFF Re=1000 6L blockage] step=1000 Cd_p=0.006084 Cd_f=0.044544 Cd_tot=0.050628 (1967s)
[SDAA:25 SUBOFF Re=1000 6L blockage] step=1500 Cd_p=0.005907 Cd_f=0.039618 Cd_tot=0.045526 (2947s)
