/usr/lib64/python3.11/site-packages/torch/cuda/__init__.py:61: FutureWarning: The pynvml package is deprecated. Please install nvidia-ml-py instead. If you did not install pynvml directly, please report this to the maintainers of the package that installed pynvml for you.
  import pynvml  # type: ignore[import]
--------------+--------------------------------------------
 Host IP      | 172.17.0.2
 PyTorch      | 2.7.1
 Torch-SDAA   | 3.1.1a3+gite3971b9
--------------+--------------------------------------------
 SDAA Driver  | 3.1.0 (N/A)
 SDAA Runtime | 3.1.0 (/opt/tecoai/lib64/libsdaart.so)
 SDPTI        | 1.7.0 (/opt/tecoai/lib64/libsdpti.so)
 TecoDNN      | 3.1.0 (/opt/tecoai/lib64/libtecodnn.so)
 TecoBLAS     | 3.1.0 (/opt/tecoai/lib64/libtecoblas.so)
 CustomDNN    | 3.1.0 (/opt/tecoai/lib64/libtecocustom.so)
 TecoRAND     | 3.1.0 (/opt/tecoai/lib64/libtecorand.so)
 TCCL         | 3.1.0 (/opt/tecoai/lib64/libtccl.so)
--------------+--------------------------------------------
[SDAA:30 SUBOFF Re=1000 bfl_from_suboff] wall_method=bfl_from_suboff normal=from_suboff nx=200 ny=80 nz=80 L=80 R_max=4.6674 D=9.3349 u_in=0.06 nu=4.800000e-03 tau=0.514400 Cs=0.05 dpS=4.223004e+00 Cf_ref=0.042
[SDAA:30 SUBOFF Re=1000 bfl_from_suboff] solid cells: 4651  L/D=8.57
[SDAA:30 SUBOFF Re=1000 bfl_from_suboff] near-wall cells: 2050
[SDAA:30 SUBOFF Re=1000 bfl_from_suboff] |n| stats: min=1.000000 max=1.000000 mean=1.000000
[SDAA:30 SUBOFF Re=1000 bfl_from_suboff] computing BFL q-values on CPU...
[SDAA:30 SUBOFF Re=1000 bfl_from_suboff] BFL q-field: 11842 links (0.5s) q=[0.0045, 0.9999] mean=0.7346
[SDAA:30 SUBOFF Re=1000 bfl_from_suboff] init done (1.1s), initial_mass=1280000.0
[SDAA:30 SUBOFF Re=1000 bfl_from_suboff] step=500 Cd_p=0.010874 Cd_f=0.131294 Cd_tot=0.142168 Cl=-0.000008 (110s)
[SDAA:30 SUBOFF Re=1000 bfl_from_suboff] step=1000 Cd_p=0.005509 Cd_f=0.111984 Cd_tot=0.117492 Cl=-0.000010 (218s)
[SDAA:30 SUBOFF Re=1000 bfl_from_suboff] step=1500 Cd_p=0.005366 Cd_f=0.106035 Cd_tot=0.111401 Cl=-0.000007 (327s)
[SDAA:30 SUBOFF Re=1000 bfl_from_suboff] step=2000 Cd_p=0.005355 Cd_f=0.103999 Cd_tot=0.109355 Cl=-0.000007 (435s)
[SDAA:30 SUBOFF Re=1000 bfl_from_suboff] step=2500 Cd_p=0.005307 Cd_f=0.103285 Cd_tot=0.108592 Cl=-0.000007 (544s)
[SDAA:30 SUBOFF Re=1000 bfl_from_suboff] step=3000 Cd_p=0.005280 Cd_f=0.103010 Cd_tot=0.108290 Cl=-0.000008 (654s)
[SDAA:30 SUBOFF Re=1000 bfl_from_suboff] step=3500 Cd_p=0.005278 Cd_f=0.102903 Cd_tot=0.108181 Cl=-0.000008 (763s)
[SDAA:30 SUBOFF Re=1000 bfl_from_suboff] step=4000 Cd_p=0.005260 Cd_f=0.102855 Cd_tot=0.108114 Cl=-0.000009 (871s)
[SDAA:30 SUBOFF Re=1000 bfl_from_suboff] step=4500 Cd_p=0.005263 Cd_f=0.102832 Cd_tot=0.108095 Cl=-0.000008 (979s)
[SDAA:30 SUBOFF Re=1000 bfl_from_suboff] step=5000 Cd_p=0.005261 Cd_f=0.102823 Cd_tot=0.108083 Cl=-0.000009 (1086s)
[SDAA:30 SUBOFF Re=1000 bfl_from_suboff] DONE Cd_p=0.005262 Cd_f=0.102827 Cd_tot=0.108089 Cl=-0.000008 (ref Cf=0.042) err=157.4% time=1086s
[SDAA:30 SUBOFF Re=1000 bfl_from_suboff] Results written to results_bfl_cmp/bfl_from_suboff_sdaa30.json
