=== BARE TIER L128 start 2026-10-08T19:56:59+08:00
=== SUBOFF bare_hull Re=1000 L=128 collision=mrt steps=19200 device=cuda:6 ===

setup: {
 "Re": 1000.0,
 "tau": 0.5192,
 "u_lb": 0.05,
 "nu_lb": 0.0064,
 "domain_lu": [
  768,
  271,
  271
 ],
 "obstacle_cells": 17508,
 "near_wall_cells": 4860,
 "total_cells": 56402688,
 "device": "cuda:6",
 "auto_collision": "mrt",
 "auto_wall_treatment": "bounce_back"
}
appendage stats: {"hull_type": "bare_hull", "label": "SUBOFF Bare Hull (AFF-1 inspired)", "L_D_ratio": 8.575, "r_over_l": 0.05831, "bow_fraction": 0.233, "stern_fraction": 0.252, "displacement_lu3": 17740.43, "wetted_area_lu2": 5170.5, "wetted_area_scope": "bare_hull_surface_of_revolution", "wetted_area_method": "profile_meridional_metric_quadrature", "bare_hull_wetted_area_lu2": 5170.5, "prismatic_coefficient": 0.7919, "sail_scale": 1.0, "fin_scale": 1.0, "solid_cells": 17508, "bare_hull_solid_cells": 17508, "appendage_solid_cells": 0, "fluid_cells": 56385180, "total_cells": 56402688, "nx": 768, "ny": 271, "nz": 271, "cx": 192.0, "cy": 135.5, "cz": 135.5, "length": 128.0, "radius": 7.463728191000919}
appendage near cells (gradient normals): 0
[compile_route] suboff_bare_hull[L128]: mode=None -> eager (compile_step passthrough)
run finished: completed in 4366s (227.4 ms/step) compile_mode=None effective='eager' status='eager'
{
 "Cd_pressure": 0.004735347854174012,
 "Cd_friction": 0.040570343867552164,
 "Cd_total": 0.045305691721726174,
 "Cd_total_last500": 0.04530346003175686,
 "Cf_ref_blasius": 0.04199504732703608,
 "error_pct_vs_Blasius_totalwetted": 7.8834162726582475,
 "drag_increment_ratio_vs_verified_bare": 1.0913535902827252,
 "convergence_windows": {
  "25%": 0.056988,
  "50%": 0.051188,
  "75%": 0.045361,
  "100%": 0.045306
 }
}
results written to diag_bare_L128/result_L128.json
RESULT bare_hull L=128 Cd_p=0.004735 Cd_f=0.040570 Cd_tot=0.045306 (ref 0.041995) err=+7.88%
=== BARE TIER L128 exit 0 2026-10-08T21:11:12+08:00
