{
 "vf0.3": {
  "q_inf": 104.09820584444297,
  "alpha": 0.3,
  "band": 9.827041828107795,
  "err_pct": 1.1644371666112319,
  "gate_pass_0p5": false
 },
 "vf0.4": {
  "q_inf": 220.5272852018669,
  "alpha": 0.3,
  "band": 22.617838807266963,
  "err_pct": 1.210374593541208,
  "gate_pass_0p5": false
 },
 "vf0.5": {
  "q_inf": 546.8938223299085,
  "alpha": 0.3,
  "band": 110.17096645613606,
  "err_pct": 2.6934226513770643,
  "gate_pass_0p5": false
 },
 "vf0.6": {
  "q_inf": 1764.4542158753118,
  "alpha": 0.6700000000000004,
  "band": 25.818547762198477,
  "err_pct": 0.08248530205965388,
  "gate_pass_0p5": true
 },
 "vf0.7": {
  "q_inf": 14564.764010520728,
  "alpha": 0.3,
  "band": 8051.315571927211,
  "err_pct": 7.727544456514268,
  "gate_pass_0p5": false
 },
 "vf0.75": {
  "q_inf": 152565.21921347032,
  "alpha": 0.3,
  "band": 187559.54560874274,
  "err_pct": 20.795898031251237,
  "gate_pass_0p5": false
 }
}
GATE_READY
