/usr/lib64/python3.11/site-packages/torch/cuda/__init__.py:61: FutureWarning: The pynvml package is deprecated. Please install nvidia-ml-py instead. If you did not install pynvml directly, please report this to the maintainers of the package that installed pynvml for you.
  import pynvml  # type: ignore[import]
--------------+--------------------------------------------
 Host IP      | 172.17.0.2
 PyTorch      | 2.7.1
 Torch-SDAA   | 3.1.1a3+gite3971b9
--------------+--------------------------------------------
 SDAA Driver  | 3.1.0 (N/A)
 SDAA Runtime | 3.1.0 (/opt/tecoai/lib64/libsdaart.so)
 SDPTI        | 1.7.0 (/opt/tecoai/lib64/libsdpti.so)
 TecoDNN      | 3.1.0 (/opt/tecoai/lib64/libtecodnn.so)
 TecoBLAS     | 3.1.0 (/opt/tecoai/lib64/libtecoblas.so)
 CustomDNN    | 3.1.0 (/opt/tecoai/lib64/libtecocustom.so)
 TecoRAND     | 3.1.0 (/opt/tecoai/lib64/libtecorand.so)
 TCCL         | 3.1.0 (/opt/tecoai/lib64/libtccl.so)
--------------+--------------------------------------------
[suboff_re1000_long SDAA:2] suboff Re=1000 grid=300x120x120 u_in=0.06 nu=9.600000e-03 tau=0.528800 dpS=1.689202e+01
[suboff_re1000_long SDAA:2] collision=mrt_smag Cs=0.05 n_steps=10000 warmup=5000 avg_window=2000
[suboff_re1000_long SDAA:2] Cd_ref=0.042000 (Cf=0.042 (Blasius 1.328/sqrt(Re)))
[suboff_re1000_long SDAA:2] solid cells: 37031
[suboff_re1000_long SDAA:2] near-wall cells: 8014
[suboff_re1000_long SDAA:2] SurfaceMesh.from_suboff built
[suboff_re1000_long SDAA:2] init done (1.0s) mass=4320000.0
[suboff_re1000_long SDAA:2] step=500/10000 Cd_p=0.000000 Cd_f=0.000000 Cd_tot=0.000000 (239s)
[suboff_re1000_long SDAA:2] step=1000/10000 Cd_p=0.000000 Cd_f=0.000000 Cd_tot=0.000000 (478s)
[suboff_re1000_long SDAA:2] step=1500/10000 Cd_p=0.000000 Cd_f=0.000000 Cd_tot=0.000000 (716s)
[suboff_re1000_long SDAA:2] step=2000/10000 Cd_p=0.000000 Cd_f=0.000000 Cd_tot=0.000000 (953s)
[suboff_re1000_long SDAA:2] step=2500/10000 Cd_p=0.000000 Cd_f=0.000000 Cd_tot=0.000000 (1190s)
[suboff_re1000_long SDAA:2] step=3000/10000 Cd_p=0.000000 Cd_f=0.000000 Cd_tot=0.000000 (1426s)
[suboff_re1000_long SDAA:2] step=3500/10000 Cd_p=0.000000 Cd_f=0.000000 Cd_tot=0.000000 (1663s)
[suboff_re1000_long SDAA:2] step=4000/10000 Cd_p=0.000000 Cd_f=0.000000 Cd_tot=0.000000 (1899s)
[suboff_re1000_long SDAA:2] step=4500/10000 Cd_p=0.000000 Cd_f=0.000000 Cd_tot=0.000000 (2134s)
[suboff_re1000_long SDAA:2] step=5000/10000 Cd_p=0.000000 Cd_f=0.000000 Cd_tot=0.000000 (2369s)
[suboff_re1000_long SDAA:2] step=5500/10000 Cd_p=0.006068 Cd_f=0.045796 Cd_tot=0.051864 (2623s)
[suboff_re1000_long SDAA:2] step=6000/10000 Cd_p=0.006073 Cd_f=0.045767 Cd_tot=0.051840 (2876s)
[suboff_re1000_long SDAA:2] step=6500/10000 Cd_p=0.006054 Cd_f=0.045753 Cd_tot=0.051807 (3130s)
[suboff_re1000_long SDAA:2] step=7000/10000 Cd_p=0.006065 Cd_f=0.045744 Cd_tot=0.051809 (3383s)
[suboff_re1000_long SDAA:2] step=7500/10000 Cd_p=0.006050 Cd_f=0.045737 Cd_tot=0.051787 (3636s)
[suboff_re1000_long SDAA:2] step=8000/10000 Cd_p=0.006062 Cd_f=0.045733 Cd_tot=0.051796 (3890s)
[suboff_re1000_long SDAA:2] step=8500/10000 Cd_p=0.006049 Cd_f=0.045731 Cd_tot=0.051780 (4143s)
[suboff_re1000_long SDAA:2] step=9000/10000 Cd_p=0.006061 Cd_f=0.045729 Cd_tot=0.051791 (4397s)
[suboff_re1000_long SDAA:2] step=9500/10000 Cd_p=0.006049 Cd_f=0.045728 Cd_tot=0.051778 (4744s)
[suboff_re1000_long SDAA:2] step=10000/10000 Cd_p=0.006061 Cd_f=0.045728 Cd_tot=0.051789 (5105s)

============================================================
[suboff_re1000_long SDAA:2] FINAL RESULTS
============================================================
[suboff_re1000_long SDAA:2] Cd_p  = 0.006055
[suboff_re1000_long SDAA:2] Cd_f  = 0.045729
[suboff_re1000_long SDAA:2] Cd_tot= 0.051784
[suboff_re1000_long SDAA:2] Cd_ref= 0.042000  err=23.3%
[suboff_re1000_long SDAA:2] St    = 0.10258184422051185
[suboff_re1000_long SDAA:2] time  = 5105s (85.1 min)
[suboff_re1000_long SDAA:2] finite= True
[suboff_re1000_long SDAA:2] Results → results_new_bench_large/suboff_re1000_long_sdaa2.json
