/usr/lib64/python3.11/site-packages/torch/cuda/__init__.py:61: FutureWarning: The pynvml package is deprecated. Please install nvidia-ml-py instead. If you did not install pynvml directly, please report this to the maintainers of the package that installed pynvml for you.
  import pynvml  # type: ignore[import]
--------------+--------------------------------------------
 Host IP      | 172.17.0.2
 PyTorch      | 2.7.1
 Torch-SDAA   | 3.1.1a3+gite3971b9
--------------+--------------------------------------------
 SDAA Driver  | 3.1.0 (N/A)
 SDAA Runtime | 3.1.0 (/opt/tecoai/lib64/libsdaart.so)
 SDPTI        | 1.7.0 (/opt/tecoai/lib64/libsdpti.so)
 TecoDNN      | 3.1.0 (/opt/tecoai/lib64/libtecodnn.so)
 TecoBLAS     | 3.1.0 (/opt/tecoai/lib64/libtecoblas.so)
 CustomDNN    | 3.1.0 (/opt/tecoai/lib64/libtecocustom.so)
 TecoRAND     | 3.1.0 (/opt/tecoai/lib64/libtecorand.so)
 TCCL         | 3.1.0 (/opt/tecoai/lib64/libtccl.so)
--------------+--------------------------------------------
[naca0012 C=64 a=0 1472x1024] Re=1000.0 u_in=0.1 nu=0.006400 tau=0.519200 dpS=0.320000
[naca0012 C=64 a=0 1472x1024] solid=333 surface=122 interior=211 (blockage 0.750%, upstream 6.0c, downstream 16.0c, halfheight 8.0c)
[compile_route] naca0012_re1000[C64]: mode=None -> eager (compile_step passthrough) [sdaa-teco_inductor]
[naca0012 C=64 a=0 1472x1024] step=5000 Cd_surf=0.21840 Cl_surf=+0.00012 Cd_all=0.13204 (490s)
[naca0012 C=64 a=0 1472x1024] step=10000 Cd_surf=0.21930 Cl_surf=+0.00006 Cd_all=0.12746 (967s)
[naca0012 C=64 a=0 1472x1024] step=15000 Cd_surf=0.22097 Cl_surf=+0.00004 Cd_all=0.12590 (1430s)
[naca0012 C=64 a=0 1472x1024] step=20000 Cd_surf=0.22236 Cl_surf=+0.00003 Cd_all=0.12512 (1896s)
[naca0012 C=64 a=0 1472x1024] step=25000 Cd_surf=0.22472 Cl_surf=+0.00000 Cd_all=0.12281 (2356s)
[naca0012 C=64 a=0 1472x1024] step=30000 Cd_surf=0.22684 Cl_surf=+0.00000 Cd_all=0.12279 (2750s)
[naca0012 C=64 a=0 1472x1024] step=35000 Cd_surf=0.22805 Cl_surf=+0.00000 Cd_all=0.12279 (2997s)
[naca0012 C=64 a=0 1472x1024] step=40000 Cd_surf=0.22878 Cl_surf=+0.00000 Cd_all=0.12279 (3263s)
[naca0012 C=64 a=0 1472x1024] step=45000 Cd_surf=0.22923 Cl_surf=+0.00000 Cd_all=0.12279 (3531s)
[naca0012 C=64 a=0 1472x1024] step=50000 Cd_surf=0.22950 Cl_surf=+0.00000 Cd_all=0.12279 (3797s)
[naca0012 C=64 a=0 1472x1024] step=55000 Cd_surf=0.22965 Cl_surf=+0.00000 Cd_all=0.12279 (4063s)
[naca0012 C=64 a=0 1472x1024] step=60000 Cd_surf=0.22974 Cl_surf=+0.00000 Cd_all=0.12279 (4329s)
[naca0012 C=64 a=0 1472x1024] === FINAL win=300 Cd_surf=0.22960 err=+118.66% Cl_surf=+0.00000 | Cd_all=0.12279 Cd_int=-0.10681 (plateau Cd [0.221, 0.2243, 0.2285, 0.2296]) (4329s)
[naca0012 C=64 a=0 1472x1024] plateau Cl_surf [0.0, 0.0, 0.0, 0.0]
[naca0012] saved logs/case_C64.json
