/usr/lib64/python3.11/site-packages/torch/cuda/__init__.py:61: FutureWarning: The pynvml package is deprecated. Please install nvidia-ml-py instead. If you did not install pynvml directly, please report this to the maintainers of the package that installed pynvml for you.
  import pynvml  # type: ignore[import]
--------------+--------------------------------------------
 Host IP      | 172.17.0.2
 PyTorch      | 2.7.1
 Torch-SDAA   | 3.1.1a3+gite3971b9
--------------+--------------------------------------------
 SDAA Driver  | 3.1.0 (N/A)
 SDAA Runtime | 3.1.0 (/opt/tecoai/lib64/libsdaart.so)
 SDPTI        | 1.7.0 (/opt/tecoai/lib64/libsdpti.so)
 TecoDNN      | 3.1.0 (/opt/tecoai/lib64/libtecodnn.so)
 TecoBLAS     | 3.1.0 (/opt/tecoai/lib64/libtecoblas.so)
 CustomDNN    | 3.1.0 (/opt/tecoai/lib64/libtecocustom.so)
 TecoRAND     | 3.1.0 (/opt/tecoai/lib64/libtecorand.so)
 TCCL         | 3.1.0 (/opt/tecoai/lib64/libtccl.so)
--------------+--------------------------------------------
[Cyl-Re200-bfl SDAA:1] nx=400 ny=160 nz=4 D=48 R=24.0000 u_in=0.08 nu=1.920000e-02 tau=0.557600 dpS=6.144000e-01 Cd_ref=1.3 use_bfl=True
[Cyl-Re200-bfl SDAA:1] solid cells: 7172
[Cyl-Re200-bfl SDAA:1] near-wall cells: 544
[Cyl-Re200-bfl SDAA:1] computing BFL q-values...
[Cyl-Re200-bfl SDAA:1] BFL q-field: 3424 links (0.2s) q=[0.0200, 1.0000] mean=0.3920
  q_wall: n_near=544 q_min=0.0547 q_max=1.0000 q_mean=0.4048
[Cyl-Re200-bfl SDAA:1] init done (0.6s), initial_mass=256000.0
[Cyl-Re200-bfl SDAA:1] step=2500 Cd_p=1.444482 Cd_f=0.383247 Cd_tot=1.827729 Cl=-0.007694 (101s)
[Cyl-Re200-bfl SDAA:1] step=3000 Cd_p=1.435768 Cd_f=0.380060 Cd_tot=1.815828 Cl=0.008870 (121s)
[Cyl-Re200-bfl SDAA:1] step=3500 Cd_p=1.438732 Cd_f=0.378786 Cd_tot=1.817518 Cl=0.022751 (140s)
[Cyl-Re200-bfl SDAA:1] step=4000 Cd_p=1.433861 Cd_f=0.378528 Cd_tot=1.812389 Cl=0.014627 (160s)
[Cyl-Re200-bfl SDAA:1] step=4500 Cd_p=1.443815 Cd_f=0.379070 Cd_tot=1.822886 Cl=-0.017115 (180s)
[Cyl-Re200-bfl SDAA:1] step=5000 Cd_p=1.438528 Cd_f=0.379829 Cd_tot=1.818357 Cl=-0.040008 (200s)
[Cyl-Re200-bfl SDAA:1] step=5500 Cd_p=1.445556 Cd_f=0.380236 Cd_tot=1.825792 Cl=-0.016233 (219s)
[Cyl-Re200-bfl SDAA:1] step=6000 Cd_p=1.436835 Cd_f=0.380498 Cd_tot=1.817333 Cl=0.039672 (239s)
[Cyl-Re200-bfl SDAA:1] step=6500 Cd_p=1.444928 Cd_f=0.380714 Cd_tot=1.825641 Cl=0.052678 (259s)
[Cyl-Re200-bfl SDAA:1] step=7000 Cd_p=1.434815 Cd_f=0.380726 Cd_tot=1.815541 Cl=-0.019691 (280s)
[Cyl-Re200-bfl SDAA:1] step=7500 Cd_p=1.442122 Cd_f=0.380862 Cd_tot=1.822984 Cl=-0.095324 (301s)
[Cyl-Re200-bfl SDAA:1] step=8000 Cd_p=1.435018 Cd_f=0.380917 Cd_tot=1.815935 Cl=-0.041318 (322s)
[Cyl-Re200-bfl SDAA:1] DONE Cd_p=1.439538 Cd_f=0.380289 Cd_tot=1.819828 Cl=-0.008232 (ref Cd=1.3) err=40.0% time=322s
[Cyl-Re200-bfl SDAA:1] Results written to results_bfl_complete/cylinder_bfl_sdaa1.json
