/usr/lib64/python3.11/site-packages/torch/cuda/__init__.py:61: FutureWarning: The pynvml package is deprecated. Please install nvidia-ml-py instead. If you did not install pynvml directly, please report this to the maintainers of the package that installed pynvml for you.
  import pynvml  # type: ignore[import]
--------------+--------------------------------------------
 Host IP      | 172.17.0.2
 PyTorch      | 2.7.1
 Torch-SDAA   | 3.1.1a3+gite3971b9
--------------+--------------------------------------------
 SDAA Driver  | 3.1.0 (N/A)
 SDAA Runtime | 3.1.0 (/opt/tecoai/lib64/libsdaart.so)
 SDPTI        | 1.7.0 (/opt/tecoai/lib64/libsdpti.so)
 TecoDNN      | 3.1.0 (/opt/tecoai/lib64/libtecodnn.so)
 TecoBLAS     | 3.1.0 (/opt/tecoai/lib64/libtecoblas.so)
 CustomDNN    | 3.1.0 (/opt/tecoai/lib64/libtecocustom.so)
 TecoRAND     | 3.1.0 (/opt/tecoai/lib64/libtecorand.so)
 TCCL         | 3.1.0 (/opt/tecoai/lib64/libtccl.so)
--------------+--------------------------------------------
[Cyl-Re200-standard_bb SDAA:2] nx=400 ny=160 nz=4 D=48 R=24.0000 u_in=0.08 nu=1.920000e-02 tau=0.557600 dpS=6.144000e-01 Cd_ref=1.3 use_bfl=False
[Cyl-Re200-standard_bb SDAA:2] solid cells: 7172
[Cyl-Re200-standard_bb SDAA:2] near-wall cells: 544
[Cyl-Re200-standard_bb SDAA:2] init done (0.6s), initial_mass=256000.0
[Cyl-Re200-standard_bb SDAA:2] step=2500 Cd_p=1.451024 Cd_f=0.179993 Cd_tot=1.631016 Cl=-0.007247 (68s)
[Cyl-Re200-standard_bb SDAA:2] step=3000 Cd_p=1.442781 Cd_f=0.178694 Cd_tot=1.621475 Cl=0.008775 (82s)
[Cyl-Re200-standard_bb SDAA:2] step=3500 Cd_p=1.446466 Cd_f=0.178376 Cd_tot=1.624842 Cl=0.022320 (95s)
[Cyl-Re200-standard_bb SDAA:2] step=4000 Cd_p=1.442187 Cd_f=0.178531 Cd_tot=1.620718 Cl=0.014520 (109s)
[Cyl-Re200-standard_bb SDAA:2] step=4500 Cd_p=1.452819 Cd_f=0.179048 Cd_tot=1.631867 Cl=-0.016535 (122s)
[Cyl-Re200-standard_bb SDAA:2] step=5000 Cd_p=1.447897 Cd_f=0.179620 Cd_tot=1.627517 Cl=-0.039358 (136s)
[Cyl-Re200-standard_bb SDAA:2] step=5500 Cd_p=1.455340 Cd_f=0.179981 Cd_tot=1.635321 Cl=-0.016390 (149s)
[Cyl-Re200-standard_bb SDAA:2] step=6000 Cd_p=1.446751 Cd_f=0.180221 Cd_tot=1.626971 Cl=0.039034 (163s)
[Cyl-Re200-standard_bb SDAA:2] step=6500 Cd_p=1.455125 Cd_f=0.180428 Cd_tot=1.635553 Cl=0.053111 (176s)
[Cyl-Re200-standard_bb SDAA:2] step=7000 Cd_p=1.445097 Cd_f=0.180499 Cd_tot=1.625597 Cl=-0.017930 (190s)
[Cyl-Re200-standard_bb SDAA:2] step=7500 Cd_p=1.452648 Cd_f=0.180630 Cd_tot=1.633278 Cl=-0.094643 (203s)
[Cyl-Re200-standard_bb SDAA:2] step=8000 Cd_p=1.445702 Cd_f=0.180707 Cd_tot=1.626409 Cl=-0.043491 (217s)
[Cyl-Re200-standard_bb SDAA:2] DONE Cd_p=1.448653 Cd_f=0.179727 Cd_tot=1.628380 Cl=-0.008153 (ref Cd=1.3) err=25.3% time=217s
[Cyl-Re200-standard_bb SDAA:2] Results written to results_bfl_complete/cylinder_bb_sdaa2.json
