/usr/lib64/python3.11/site-packages/torch/cuda/__init__.py:61: FutureWarning: The pynvml package is deprecated. Please install nvidia-ml-py instead. If you did not install pynvml directly, please report this to the maintainers of the package that installed pynvml for you.
  import pynvml  # type: ignore[import]
--------------+--------------------------------------------
 Host IP      | 172.17.0.2
 PyTorch      | 2.7.1
 Torch-SDAA   | 3.1.1a3+gite3971b9
--------------+--------------------------------------------
 SDAA Driver  | 3.1.0 (N/A)
 SDAA Runtime | 3.1.0 (/opt/tecoai/lib64/libsdaart.so)
 SDPTI        | 1.7.0 (/opt/tecoai/lib64/libsdpti.so)
 TecoDNN      | 3.1.0 (/opt/tecoai/lib64/libtecodnn.so)
 TecoBLAS     | 3.1.0 (/opt/tecoai/lib64/libtecoblas.so)
 CustomDNN    | 3.1.0 (/opt/tecoai/lib64/libtecocustom.so)
 TecoRAND     | 3.1.0 (/opt/tecoai/lib64/libtecorand.so)
 TCCL         | 3.1.0 (/opt/tecoai/lib64/libtccl.so)
--------------+--------------------------------------------
  step 5000: umax=0.05508 finite=True
  step 10000: umax=0.05504 finite=True
  step 15000: umax=0.05533 finite=True
  step 20000: umax=0.05532 finite=True
  step 25000: umax=0.05532 finite=True
  step 30000: umax=0.05532 finite=True
{
  "config": {
    "nx": 440,
    "ny": 400,
    "le": 20,
    "plate_len": 400,
    "probes": "100,200,300",
    "U": 0.05,
    "nu": 0.01,
    "steps": 30000,
    "avg": 300,
    "wall": "bottom",
    "outlet": "zouhe",
    "top": "specular",
    "collision": "bgk",
    "device": "sdaa:2",
    "out": "exp_mech/base_ny400.json"
  },
  "umax": 0.05531705915927887,
  "mass_drift_pct": -5.3267050183509424e-05,
  "finite": true,
  "elapsed_s": 844.7,
  "ny": 400,
  "nx": 440
}
probe 100: Cf_err= +26.43% K=0.791 ue_in=1.0999 ue_far=1.0004 os=1.0999@4.875 H_U=0.066 H_ue=1.194 l2=0.114
probe 200: Cf_err= +30.55% K=0.766 ue_in=1.0978 ue_far=1.0026 os=1.0978@4.75 H_U=0.053 H_ue=1.252 l2=0.122
probe 300: Cf_err= +41.88% K=0.705 ue_in=1.1003 ue_far=1.0042 os=1.1003@4.61 H_U=0.049 H_ue=1.287 l2=0.137
