/usr/lib64/python3.11/site-packages/torch/cuda/__init__.py:61: FutureWarning: The pynvml package is deprecated. Please install nvidia-ml-py instead. If you did not install pynvml directly, please report this to the maintainers of the package that installed pynvml for you.
  import pynvml  # type: ignore[import]
--------------+--------------------------------------------
 Host IP      | 172.17.0.2
 PyTorch      | 2.7.1
 Torch-SDAA   | 3.1.1a3+gite3971b9
--------------+--------------------------------------------
 SDAA Driver  | 3.1.0 (N/A)
 SDAA Runtime | 3.1.0 (/opt/tecoai/lib64/libsdaart.so)
 SDPTI        | 1.7.0 (/opt/tecoai/lib64/libsdpti.so)
 TecoDNN      | 3.1.0 (/opt/tecoai/lib64/libtecodnn.so)
 TecoBLAS     | 3.1.0 (/opt/tecoai/lib64/libtecoblas.so)
 CustomDNN    | 3.1.0 (/opt/tecoai/lib64/libtecocustom.so)
 TecoRAND     | 3.1.0 (/opt/tecoai/lib64/libtecorand.so)
 TCCL         | 3.1.0 (/opt/tecoai/lib64/libtccl.so)
--------------+--------------------------------------------
  step 5000: umax=0.05541 finite=True
  step 10000: umax=0.05577 finite=True
  step 15000: umax=0.05614 finite=True
  step 20000: umax=0.05655 finite=True
  step 25000: umax=0.05693 finite=True
  step 30000: umax=0.05730 finite=True
{
  "config": {
    "nx": 440,
    "ny": 1200,
    "le": 20,
    "plate_len": 400,
    "probes": "100,200,300",
    "U": 0.05,
    "nu": 0.01,
    "steps": 30000,
    "avg": 300,
    "wall": "bottom",
    "outlet": "convective",
    "top": "specular",
    "collision": "bgk",
    "device": "sdaa:6",
    "out": "exp_mech/conv_ny1200.json"
  },
  "umax": 0.057298172265291214,
  "mass_drift_pct": -0.6001302083333333,
  "finite": true,
  "elapsed_s": 1165.4,
  "ny": 1200,
  "nx": 440
}
probe 100: Cf_err= +34.33% K=0.744 ue_in=1.1447 ue_far=1.0416 os=1.1447@4.875 H_U=0.902 H_ue=1.128 l2=0.154
probe 200: Cf_err= +38.49% K=0.722 ue_in=1.1421 ue_far=1.0419 os=1.1421@4.75 H_U=0.875 H_ue=1.142 l2=0.160
probe 300: Cf_err= +46.72% K=0.682 ue_in=1.1430 ue_far=1.0420 os=1.1430@4.61 H_U=0.859 H_ue=1.154 l2=0.170
