/usr/lib64/python3.11/site-packages/torch/cuda/__init__.py:61: FutureWarning: The pynvml package is deprecated. Please install nvidia-ml-py instead. If you did not install pynvml directly, please report this to the maintainers of the package that installed pynvml for you.
  import pynvml  # type: ignore[import]
--------------+--------------------------------------------
 Host IP      | 172.17.0.2
 PyTorch      | 2.7.1
 Torch-SDAA   | 3.1.1a3+gite3971b9
--------------+--------------------------------------------
 SDAA Driver  | 3.1.0 (N/A)
 SDAA Runtime | 3.1.0 (/opt/tecoai/lib64/libsdaart.so)
 SDPTI        | 1.7.0 (/opt/tecoai/lib64/libsdpti.so)
 TecoDNN      | 3.1.0 (/opt/tecoai/lib64/libtecodnn.so)
 TecoBLAS     | 3.1.0 (/opt/tecoai/lib64/libtecoblas.so)
 CustomDNN    | 3.1.0 (/opt/tecoai/lib64/libtecocustom.so)
 TecoRAND     | 3.1.0 (/opt/tecoai/lib64/libtecorand.so)
 TCCL         | 3.1.0 (/opt/tecoai/lib64/libtccl.so)
--------------+--------------------------------------------
  step 5000: umax=0.05509 finite=True
  step 10000: umax=0.05589 finite=True
  step 15000: umax=0.05623 finite=True
  step 20000: umax=0.05626 finite=True
  step 25000: umax=0.05626 finite=True
  step 30000: umax=0.05626 finite=True
{
  "config": {
    "nx": 440,
    "ny": 1200,
    "le": 20,
    "plate_len": 400,
    "probes": "100,200,300",
    "U": 0.05,
    "nu": 0.01,
    "steps": 30000,
    "avg": 300,
    "wall": "bottom",
    "outlet": "nscbc",
    "top": "specular",
    "collision": "bgk",
    "device": "sdaa:7",
    "out": "exp_mech/nscbc_ny1200.json"
  },
  "umax": 0.05626249685883522,
  "mass_drift_pct": 0.013529829545454546,
  "finite": true,
  "elapsed_s": 1414.5,
  "ny": 1200,
  "nx": 440
}
probe 100: Cf_err= +26.90% K=0.788 ue_in=1.1000 ue_far=0.9986 os=1.1000@4.875 H_U=-0.419 H_ue=1.130 l2=0.115
probe 200: Cf_err= +33.58% K=0.749 ue_in=1.1000 ue_far=0.9986 os=1.1000@4.75 H_U=-0.223 H_ue=1.146 l2=0.126
probe 300: Cf_err= +54.79% K=0.646 ue_in=1.1081 ue_far=0.9985 os=1.1081@4.61 H_U=-0.173 H_ue=1.158 l2=0.154
