/usr/lib64/python3.11/site-packages/torch/cuda/__init__.py:61: FutureWarning: The pynvml package is deprecated. Please install nvidia-ml-py instead. If you did not install pynvml directly, please report this to the maintainers of the package that installed pynvml for you.
  import pynvml  # type: ignore[import]
--------------+--------------------------------------------
 Host IP      | 172.17.0.2
 PyTorch      | 2.7.1
 Torch-SDAA   | 3.1.1a3+gite3971b9
--------------+--------------------------------------------
 SDAA Driver  | 3.1.0 (N/A)
 SDAA Runtime | 3.1.0 (/opt/tecoai/lib64/libsdaart.so)
 SDPTI        | 1.7.0 (/opt/tecoai/lib64/libsdpti.so)
 TecoDNN      | 3.1.0 (/opt/tecoai/lib64/libtecodnn.so)
 TecoBLAS     | 3.1.0 (/opt/tecoai/lib64/libtecoblas.so)
 CustomDNN    | 3.1.0 (/opt/tecoai/lib64/libtecocustom.so)
 TecoRAND     | 3.1.0 (/opt/tecoai/lib64/libtecorand.so)
 TCCL         | 3.1.0 (/opt/tecoai/lib64/libtccl.so)
--------------+--------------------------------------------
  step 5000: umax=0.05191 finite=True
  step 10000: umax=0.05280 finite=True
  step 15000: umax=0.05333 finite=True
  step 20000: umax=0.05336 finite=True
  step 25000: umax=0.05336 finite=True
  step 30000: umax=0.05336 finite=True
{
  "config": {
    "nx": 440,
    "ny": 1200,
    "le": 0,
    "plate_len": 400,
    "probes": "100,200,300",
    "U": 0.05,
    "nu": 0.01,
    "steps": 30000,
    "avg": 300,
    "wall": "bottom",
    "x0": 50.0,
    "outlet": "zouhe",
    "top": "specular",
    "collision": "bgk",
    "device": "sdaa:15",
    "out": "exp_mech/syn_x0_50_y1200.json"
  },
  "umax": 0.053356003016233444,
  "mass_drift_pct": -0.0015861742424242424,
  "finite": true,
  "elapsed_s": 1161.5,
  "ny": 1200,
  "nx": 440
}
probe 100: Cf_err= +32.74% K=0.753 ue_in=1.0348 ue_far=0.9997 os=1.0348@5.203 H_U=9.819 H_ue=1.141 l2=0.085
probe 200: Cf_err= +32.24% K=0.756 ue_in=1.0477 ue_far=0.9997 os=1.0477@5.162 H_U=-4.664 H_ue=1.155 l2=0.091
probe 300: Cf_err= +46.96% K=0.680 ue_in=1.0597 ue_far=0.9997 os=1.0597@4.96 H_U=-2.611 H_ue=1.159 l2=0.112
