/usr/lib64/python3.11/site-packages/torch/cuda/__init__.py:61: FutureWarning: The pynvml package is deprecated. Please install nvidia-ml-py instead. If you did not install pynvml directly, please report this to the maintainers of the package that installed pynvml for you.
  import pynvml  # type: ignore[import]
--------------+--------------------------------------------
 Host IP      | 172.17.0.2
 PyTorch      | 2.7.1
 Torch-SDAA   | 3.1.1a3+gite3971b9
--------------+--------------------------------------------
 SDAA Driver  | 3.1.0 (N/A)
 SDAA Runtime | 3.1.0 (/opt/tecoai/lib64/libsdaart.so)
 SDPTI        | 1.7.0 (/opt/tecoai/lib64/libsdpti.so)
 TecoDNN      | 3.1.0 (/opt/tecoai/lib64/libtecodnn.so)
 TecoBLAS     | 3.1.0 (/opt/tecoai/lib64/libtecoblas.so)
 CustomDNN    | 3.1.0 (/opt/tecoai/lib64/libtecocustom.so)
 TecoRAND     | 3.1.0 (/opt/tecoai/lib64/libtecorand.so)
 TCCL         | 3.1.0 (/opt/tecoai/lib64/libtccl.so)
--------------+--------------------------------------------
  step 5000: umax=0.05508 finite=True
  step 10000: umax=0.05503 finite=True
  step 15000: umax=0.05530 finite=True
  step 20000: umax=0.05529 finite=True
  step 25000: umax=0.05528 finite=True
  step 30000: umax=0.05528 finite=True
{
  "config": {
    "nx": 440,
    "ny": 6000,
    "le": 20,
    "plate_len": 400,
    "probes": "100,200,300",
    "U": 0.05,
    "nu": 0.01,
    "steps": 30000,
    "avg": 300,
    "wall": "bottom",
    "outlet": "zouhe",
    "top": "specular",
    "collision": "bgk",
    "device": "sdaa:10",
    "out": "exp_mech/tall_6000.json"
  },
  "umax": 0.055282458662986755,
  "mass_drift_pct": 1.893941008093662e-05,
  "finite": true,
  "elapsed_s": 5698.5,
  "ny": 6000,
  "nx": 440
}
probe 100: Cf_err= +26.37% K=0.791 ue_in=1.0998 ue_far=0.9997 os=1.0998@4.875 H_U=0.104 H_ue=1.106 l2=0.114
probe 200: Cf_err= +30.36% K=0.767 ue_in=1.0975 ue_far=0.9998 os=1.0975@4.75 H_U=0.101 H_ue=1.106 l2=0.121
probe 300: Cf_err= +41.49% K=0.707 ue_in=1.0998 ue_far=0.9998 os=1.0998@4.61 H_U=0.103 H_ue=1.110 l2=0.136
