/usr/lib64/python3.11/site-packages/torch/cuda/__init__.py:61: FutureWarning: The pynvml package is deprecated. Please install nvidia-ml-py instead. If you did not install pynvml directly, please report this to the maintainers of the package that installed pynvml for you.
  import pynvml  # type: ignore[import]
--------------+--------------------------------------------
 Host IP      | 172.17.0.2
 PyTorch      | 2.7.1
 Torch-SDAA   | 3.1.1a3+gite3971b9
--------------+--------------------------------------------
 SDAA Driver  | 3.1.0 (N/A)
 SDAA Runtime | 3.1.0 (/opt/tecoai/lib64/libsdaart.so)
 SDPTI        | 1.7.0 (/opt/tecoai/lib64/libsdpti.so)
 TecoDNN      | 3.1.0 (/opt/tecoai/lib64/libtecodnn.so)
 TecoBLAS     | 3.1.0 (/opt/tecoai/lib64/libtecoblas.so)
 CustomDNN    | 3.1.0 (/opt/tecoai/lib64/libtecocustom.so)
 TecoRAND     | 3.1.0 (/opt/tecoai/lib64/libtecorand.so)
 TCCL         | 3.1.0 (/opt/tecoai/lib64/libtccl.so)
--------------+--------------------------------------------
  step 5000: umax=0.05508 finite=True
  step 10000: umax=0.05503 finite=True
  step 15000: umax=0.05527 finite=True
  step 20000: umax=0.05526 finite=True
  step 25000: umax=0.05525 finite=True
  step 30000: umax=0.05525 finite=True
{
  "config": {
    "nx": 440,
    "ny": 400,
    "le": 20,
    "plate_len": 400,
    "probes": "100,200,300",
    "U": 0.05,
    "nu": 0.01,
    "steps": 30000,
    "avg": 300,
    "wall": "bottom",
    "outlet": "zouhe",
    "top": "neumann",
    "collision": "bgk",
    "device": "sdaa:9",
    "out": "exp_mech/top_neum_400.json"
  },
  "umax": 0.05524911731481552,
  "mass_drift_pct": -0.0009854404283949243,
  "finite": true,
  "elapsed_s": 405.2,
  "ny": 400,
  "nx": 440
}
probe 100: Cf_err= +26.35% K=0.791 ue_in=1.0999 ue_far=0.9999 os=1.0999@4.875 H_U=0.048 H_ue=1.194 l2=0.114
probe 200: Cf_err= +30.19% K=0.768 ue_in=1.0974 ue_far=1.0002 os=1.0974@4.75 H_U=-0.018 H_ue=1.252 l2=0.121
probe 300: Cf_err= +41.12% K=0.709 ue_in=1.0995 ue_far=1.0003 os=1.0995@4.744 H_U=-0.065 H_ue=1.287 l2=0.135
