/usr/lib64/python3.11/site-packages/torch/cuda/__init__.py:61: FutureWarning: The pynvml package is deprecated. Please install nvidia-ml-py instead. If you did not install pynvml directly, please report this to the maintainers of the package that installed pynvml for you.
  import pynvml  # type: ignore[import]
--------------+--------------------------------------------
 Host IP      | 172.17.0.2
 PyTorch      | 2.7.1
 Torch-SDAA   | 3.1.1a3+gite3971b9
--------------+--------------------------------------------
 SDAA Driver  | 3.1.0 (N/A)
 SDAA Runtime | 3.1.0 (/opt/tecoai/lib64/libsdaart.so)
 SDPTI        | 1.7.0 (/opt/tecoai/lib64/libsdpti.so)
 TecoDNN      | 3.1.0 (/opt/tecoai/lib64/libtecodnn.so)
 TecoBLAS     | 3.1.0 (/opt/tecoai/lib64/libtecoblas.so)
 CustomDNN    | 3.1.0 (/opt/tecoai/lib64/libtecocustom.so)
 TecoRAND     | 3.1.0 (/opt/tecoai/lib64/libtecorand.so)
 TCCL         | 3.1.0 (/opt/tecoai/lib64/libtccl.so)
--------------+--------------------------------------------
{
  "grid": "mid400",
  "wall": "mid",
  "outlet": "zouhe",
  "nx": 440,
  "ny": 1400,
  "U": 0.05,
  "nu": 0.01,
  "tau": 0.53,
  "Rex": 900.0,
  "scale": 6.0,
  "steps": 20000,
  "elapsed_s": 990.9,
  "umax_drift": 6.277206758848154e-05,
  "mass_drift_pct": 0.004119319853620071,
  "finite": true,
  "Cf_ref": 0.022133333333333335,
  "fpp0": 0.3320573362152722,
  "delta_star_ref": 10.324800000000002,
  "theta_ref": 3.9840000000000004,
  "upper": {
    "label": "upper",
    "l2": 0.20567948237631004,
    "max_rel_pct": 27.8355821503713,
    "Cf_2nd": 0.039016088470816605,
    "Cf_1st": 0.02829904854297638,
    "Cf_err_2nd_pct": 76.27750815127983,
    "Cf_err_1st_pct": 27.857145309448242,
    "delta_star": -0.2861151695251465,
    "delta_star_ref": 10.324800000000002,
    "u1_over_U": 0.035373810678720474
  },
  "lower": {
    "label": "lower",
    "l2": 2.643750584834482,
    "max_rel_pct": 1105.869750205037,
    "Cf_2nd": 0.039014754118397825,
    "Cf_1st": 0.028298525139689445,
    "Cf_err_2nd_pct": 76.27147945059257,
    "Cf_err_1st_pct": 27.854780197143555,
    "delta_star": 0.28625157475471497,
    "delta_star_ref": 10.324800000000002,
    "u1_over_U": 0.035373155027627945
  },
  "u_edge_over_U": 1.000937819480896
}
