/usr/lib64/python3.11/site-packages/torch/cuda/__init__.py:61: FutureWarning: The pynvml package is deprecated. Please install nvidia-ml-py instead. If you did not install pynvml directly, please report this to the maintainers of the package that installed pynvml for you.
  import pynvml  # type: ignore[import]
--------------+--------------------------------------------
 Host IP      | 172.17.0.2
 PyTorch      | 2.7.1
 Torch-SDAA   | 3.1.1a3+gite3971b9
--------------+--------------------------------------------
 SDAA Driver  | 3.1.0 (N/A)
 SDAA Runtime | 3.1.0 (/opt/tecoai/lib64/libsdaart.so)
 SDPTI        | 1.7.0 (/opt/tecoai/lib64/libsdpti.so)
 TecoDNN      | 3.1.0 (/opt/tecoai/lib64/libtecodnn.so)
 TecoBLAS     | 3.1.0 (/opt/tecoai/lib64/libtecoblas.so)
 CustomDNN    | 3.1.0 (/opt/tecoai/lib64/libtecocustom.so)
 TecoRAND     | 3.1.0 (/opt/tecoai/lib64/libtecorand.so)
 TCCL         | 3.1.0 (/opt/tecoai/lib64/libtccl.so)
--------------+--------------------------------------------
step=   200 u1/U=0.04585 (blas 0.02767) Cf1=0.03668 Cf2=0.19267 Cf_ref=0.02213 err1=+65.73% err2=+770.52% prof5=[0.0459 0.4141 0.7034 0.8816 0.9654]
step=   400 u1/U=0.04145 (blas 0.02767) Cf1=0.03316 Cf2=0.13477 Cf_ref=0.02213 err1=+49.80% err2=+508.89% prof5=[0.0414 0.3128 0.5497 0.7337 0.8603]
step=   600 u1/U=0.03933 (blas 0.02767) Cf1=0.03147 Cf2=0.11035 Cf_ref=0.02213 err1=+42.17% err2=+398.56% prof5=[0.0393 0.2653 0.4709 0.6436 0.7774]
step=   800 u1/U=0.03803 (blas 0.02767) Cf1=0.03042 Cf2=0.09595 Cf_ref=0.02213 err1=+37.44% err2=+333.50% prof5=[0.038  0.2355 0.4192 0.5799 0.7124]
step=  1000 u1/U=0.03712 (blas 0.02767) Cf1=0.02970 Cf2=0.08633 Cf_ref=0.02213 err1=+34.17% err2=+290.03% prof5=[0.0371 0.2149 0.3824 0.5329 0.6616]
step=  1200 u1/U=0.03644 (blas 0.02767) Cf1=0.02915 Cf2=0.07918 Cf_ref=0.02213 err1=+31.70% err2=+257.74% prof5=[0.0364 0.1993 0.3543 0.496  0.6203]
step=  1400 u1/U=0.03599 (blas 0.02767) Cf1=0.02879 Cf2=0.07385 Cf_ref=0.02213 err1=+30.07% err2=+233.66% prof5=[0.036  0.1873 0.3323 0.4665 0.5865]
step=  1600 u1/U=0.03558 (blas 0.02767) Cf1=0.02846 Cf2=0.06949 Cf_ref=0.02213 err1=+28.59% err2=+213.95% prof5=[0.0356 0.1774 0.3142 0.4419 0.5577]
step=  1800 u1/U=0.03527 (blas 0.02767) Cf1=0.02822 Cf2=0.06608 Cf_ref=0.02213 err1=+27.48% err2=+198.55% prof5=[0.0353 0.1695 0.2993 0.4215 0.5334]
step=  2000 u1/U=0.03500 (blas 0.02767) Cf1=0.02800 Cf2=0.06317 Cf_ref=0.02213 err1=+26.51% err2=+185.39% prof5=[0.035  0.1628 0.2867 0.4039 0.5122]
step=  2200 u1/U=0.03476 (blas 0.02767) Cf1=0.02781 Cf2=0.06067 Cf_ref=0.02213 err1=+25.64% err2=+174.10% prof5=[0.0348 0.1569 0.2757 0.3886 0.4937]
step=  2400 u1/U=0.03457 (blas 0.02767) Cf1=0.02765 Cf2=0.05855 Cf_ref=0.02213 err1=+24.94% err2=+164.54% prof5=[0.0346 0.1519 0.2662 0.3752 0.4773]
step=  2600 u1/U=0.03441 (blas 0.02767) Cf1=0.02753 Cf2=0.05675 Cf_ref=0.02213 err1=+24.38% err2=+156.39% prof5=[0.0344 0.1477 0.2581 0.3638 0.4631]
step=  2800 u1/U=0.03426 (blas 0.02767) Cf1=0.02741 Cf2=0.05509 Cf_ref=0.02213 err1=+23.83% err2=+148.90% prof5=[0.0343 0.1437 0.2506 0.3532 0.45  ]
step=  3000 u1/U=0.03411 (blas 0.02767) Cf1=0.02729 Cf2=0.05354 Cf_ref=0.02213 err1=+23.31% err2=+141.90% prof5=[0.0341 0.1401 0.2437 0.3435 0.438 ]
step=  3200 u1/U=0.03400 (blas 0.02767) Cf1=0.02720 Cf2=0.05216 Cf_ref=0.02213 err1=+22.88% err2=+135.64% prof5=[0.034  0.1368 0.2375 0.3347 0.4271]
step=  3400 u1/U=0.03388 (blas 0.02767) Cf1=0.02710 Cf2=0.05084 Cf_ref=0.02213 err1=+22.44% err2=+129.71% prof5=[0.0339 0.1337 0.2317 0.3265 0.4169]
step=  3600 u1/U=0.03377 (blas 0.02767) Cf1=0.02702 Cf2=0.04968 Cf_ref=0.02213 err1=+22.06% err2=+124.47% prof5=[0.0338 0.1309 0.2264 0.319  0.4076]
step=  3800 u1/U=0.03367 (blas 0.02767) Cf1=0.02694 Cf2=0.04864 Cf_ref=0.02213 err1=+21.71% err2=+119.78% prof5=[0.0337 0.1285 0.2219 0.3125 0.3994]
step=  4000 u1/U=0.03362 (blas 0.02767) Cf1=0.02690 Cf2=0.04787 Cf_ref=0.02213 err1=+21.53% err2=+116.28% prof5=[0.0336 0.1266 0.2179 0.3068 0.3924]
step=  4200 u1/U=0.03354 (blas 0.02767) Cf1=0.02683 Cf2=0.04695 Cf_ref=0.02213 err1=+21.24% err2=+112.12% prof5=[0.0335 0.1244 0.214  0.3012 0.3855]
step=  4400 u1/U=0.03347 (blas 0.02767) Cf1=0.02678 Cf2=0.04603 Cf_ref=0.02213 err1=+20.97% err2=+107.99% prof5=[0.0335 0.1223 0.2101 0.2958 0.3788]
step=  4600 u1/U=0.03339 (blas 0.02767) Cf1=0.02671 Cf2=0.04514 Cf_ref=0.02213 err1=+20.69% err2=+103.95% prof5=[0.0334 0.1203 0.2063 0.2905 0.3722]
step=  4800 u1/U=0.03332 (blas 0.02767) Cf1=0.02665 Cf2=0.04431 Cf_ref=0.02213 err1=+20.42% err2=+100.19% prof5=[0.0333 0.1184 0.2027 0.2855 0.366 ]
step=  5000 u1/U=0.03328 (blas 0.02767) Cf1=0.02662 Cf2=0.04360 Cf_ref=0.02213 err1=+20.28% err2=+97.01% prof5=[0.0333 0.1167 0.1995 0.2809 0.3603]
step=  5200 u1/U=0.03322 (blas 0.02767) Cf1=0.02658 Cf2=0.04305 Cf_ref=0.02213 err1=+20.07% err2=+94.49% prof5=[0.0332 0.1153 0.1968 0.277  0.3554]
step=  5400 u1/U=0.03319 (blas 0.02767) Cf1=0.02655 Cf2=0.04260 Cf_ref=0.02213 err1=+19.96% err2=+92.49% prof5=[0.0332 0.1142 0.1945 0.2737 0.3511]
step=  5600 u1/U=0.03316 (blas 0.02767) Cf1=0.02653 Cf2=0.04220 Cf_ref=0.02213 err1=+19.87% err2=+90.66% prof5=[0.0332 0.1132 0.1926 0.2709 0.3475]
step=  5800 u1/U=0.03315 (blas 0.02767) Cf1=0.02652 Cf2=0.04189 Cf_ref=0.02213 err1=+19.80% err2=+89.27% prof5=[0.0331 0.1124 0.191  0.2685 0.3445]
step=  6000 u1/U=0.03313 (blas 0.02767) Cf1=0.02650 Cf2=0.04162 Cf_ref=0.02213 err1=+19.74% err2=+88.04% prof5=[0.0331 0.1117 0.1896 0.2665 0.3419]
step=  6200 u1/U=0.03314 (blas 0.02767) Cf1=0.02651 Cf2=0.04144 Cf_ref=0.02213 err1=+19.77% err2=+87.22% prof5=[0.0331 0.1112 0.1885 0.2649 0.3398]
step=  6400 u1/U=0.03312 (blas 0.02767) Cf1=0.02649 Cf2=0.04125 Cf_ref=0.02213 err1=+19.70% err2=+86.36% prof5=[0.0331 0.1107 0.1876 0.2635 0.338 ]
step=  6600 u1/U=0.03312 (blas 0.02767) Cf1=0.02649 Cf2=0.04111 Cf_ref=0.02213 err1=+19.70% err2=+85.75% prof5=[0.0331 0.1103 0.1868 0.2623 0.3365]
step=  6800 u1/U=0.03312 (blas 0.02767) Cf1=0.02650 Cf2=0.04097 Cf_ref=0.02213 err1=+19.72% err2=+85.10% prof5=[0.0331 0.11   0.1861 0.2613 0.3352]
step=  7000 u1/U=0.03312 (blas 0.02767) Cf1=0.02650 Cf2=0.04084 Cf_ref=0.02213 err1=+19.71% err2=+84.53% prof5=[0.0331 0.1097 0.1855 0.2604 0.3341]
step=  7200 u1/U=0.03312 (blas 0.02767) Cf1=0.02649 Cf2=0.04073 Cf_ref=0.02213 err1=+19.70% err2=+84.03% prof5=[0.0331 0.1094 0.185  0.2596 0.3331]
step=  7400 u1/U=0.03313 (blas 0.02767) Cf1=0.02651 Cf2=0.04067 Cf_ref=0.02213 err1=+19.76% err2=+83.76% prof5=[0.0331 0.1092 0.1846 0.259  0.3322]
step=  7600 u1/U=0.03313 (blas 0.02767) Cf1=0.02650 Cf2=0.04056 Cf_ref=0.02213 err1=+19.74% err2=+83.24% prof5=[0.0331 0.109  0.1842 0.2584 0.3315]
step=  7800 u1/U=0.03314 (blas 0.02767) Cf1=0.02651 Cf2=0.04051 Cf_ref=0.02213 err1=+19.77% err2=+83.04% prof5=[0.0331 0.1089 0.1839 0.258  0.3309]
step=  8000 u1/U=0.03314 (blas 0.02767) Cf1=0.02651 Cf2=0.04045 Cf_ref=0.02213 err1=+19.78% err2=+82.75% prof5=[0.0331 0.1087 0.1836 0.2575 0.3304]
step=  8200 u1/U=0.03315 (blas 0.02767) Cf1=0.02652 Cf2=0.04039 Cf_ref=0.02213 err1=+19.81% err2=+82.49% prof5=[0.0331 0.1086 0.1833 0.2572 0.3299]
step=  8400 u1/U=0.03315 (blas 0.02767) Cf1=0.02652 Cf2=0.04033 Cf_ref=0.02213 err1=+19.81% err2=+82.22% prof5=[0.0331 0.1084 0.183  0.2568 0.3294]
step=  8600 u1/U=0.03316 (blas 0.02767) Cf1=0.02653 Cf2=0.04032 Cf_ref=0.02213 err1=+19.85% err2=+82.19% prof5=[0.0332 0.1084 0.1829 0.2565 0.3291]
step=  8800 u1/U=0.03316 (blas 0.02767) Cf1=0.02653 Cf2=0.04024 Cf_ref=0.02213 err1=+19.86% err2=+81.82% prof5=[0.0332 0.1082 0.1827 0.2562 0.3288]
step=  9000 u1/U=0.03316 (blas 0.02767) Cf1=0.02653 Cf2=0.04020 Cf_ref=0.02213 err1=+19.87% err2=+81.64% prof5=[0.0332 0.1082 0.1825 0.256  0.3285]
step=  9200 u1/U=0.03316 (blas 0.02767) Cf1=0.02653 Cf2=0.04010 Cf_ref=0.02213 err1=+19.86% err2=+81.20% prof5=[0.0332 0.108  0.1822 0.2556 0.328 ]
step=  9400 u1/U=0.03317 (blas 0.02767) Cf1=0.02654 Cf2=0.04004 Cf_ref=0.02213 err1=+19.89% err2=+80.93% prof5=[0.0332 0.1078 0.1819 0.2552 0.3276]
step=  9600 u1/U=0.03320 (blas 0.02767) Cf1=0.02656 Cf2=0.04006 Cf_ref=0.02213 err1=+20.00% err2=+81.01% prof5=[0.0332 0.1078 0.1819 0.2551 0.3274]
step=  9800 u1/U=0.03326 (blas 0.02767) Cf1=0.02661 Cf2=0.04024 Cf_ref=0.02213 err1=+20.21% err2=+81.81% prof5=[0.0333 0.1081 0.1822 0.2554 0.3276]
step= 10000 u1/U=0.03329 (blas 0.02767) Cf1=0.02664 Cf2=0.04033 Cf_ref=0.02213 err1=+20.34% err2=+82.22% prof5=[0.0333 0.1083 0.1825 0.2558 0.328 ]
step= 10200 u1/U=0.03333 (blas 0.02767) Cf1=0.02666 Cf2=0.04040 Cf_ref=0.02213 err1=+20.46% err2=+82.53% prof5=[0.0333 0.1085 0.1828 0.2562 0.3284]
step= 10400 u1/U=0.03334 (blas 0.02767) Cf1=0.02667 Cf2=0.04039 Cf_ref=0.02213 err1=+20.51% err2=+82.50% prof5=[0.0333 0.1085 0.1829 0.2563 0.3286]
step= 10600 u1/U=0.03335 (blas 0.02767) Cf1=0.02668 Cf2=0.04041 Cf_ref=0.02213 err1=+20.56% err2=+82.56% prof5=[0.0334 0.1085 0.1829 0.2564 0.3288]
