/usr/lib64/python3.11/site-packages/torch/cuda/__init__.py:61: FutureWarning: The pynvml package is deprecated. Please install nvidia-ml-py instead. If you did not install pynvml directly, please report this to the maintainers of the package that installed pynvml for you.
  import pynvml  # type: ignore[import]
--------------+--------------------------------------------
 Host IP      | 172.17.0.2
 PyTorch      | 2.7.1
 Torch-SDAA   | 3.1.1a3+gite3971b9
--------------+--------------------------------------------
 SDAA Driver  | 3.1.0 (N/A)
 SDAA Runtime | 3.1.0 (/opt/tecoai/lib64/libsdaart.so)
 SDPTI        | 1.7.0 (/opt/tecoai/lib64/libsdpti.so)
 TecoDNN      | 3.1.0 (/opt/tecoai/lib64/libtecodnn.so)
 TecoBLAS     | 3.1.0 (/opt/tecoai/lib64/libtecoblas.so)
 CustomDNN    | 3.1.0 (/opt/tecoai/lib64/libtecocustom.so)
 TecoRAND     | 3.1.0 (/opt/tecoai/lib64/libtecorand.so)
 TCCL         | 3.1.0 (/opt/tecoai/lib64/libtccl.so)
--------------+--------------------------------------------
[study] wall=mid outlet=zouhe nx=700 ny=700 le=20 L=600 probes=[200, 470] U=0.05 nu=0.01 steps=40000
  step 5000: umax=0.05541 finite=True
  step 10000: umax=0.05539 finite=True
  step 15000: umax=0.05537 finite=True
  step 20000: umax=0.05536 finite=True
  step 25000: umax=0.05536 finite=True
  step 30000: umax=0.05535 finite=True
  step 35000: umax=0.05535 finite=True
  step 40000: umax=0.05535 finite=True
{
  "wall": "mid",
  "outlet": "zouhe",
  "nx": 700,
  "ny": 700,
  "le": 20,
  "plate_len": 600,
  "U": 0.05,
  "nu": 0.01,
  "tau": 0.53,
  "steps": 40000,
  "fpp0": 0.3320573362151962,
  "mass_drift_pct": 0.004732142253553284,
  "finite": true,
  "probes": {
    "200": {
      "x_eff": 180,
      "Rex": 900.0,
      "scale": 6.0,
      "delta99_cells": 29.46,
      "u_edge_over_U": 1.0060149431228638,
      "l2": 0.20540081804143562,
      "Cf_ref": 0.022133333333333335,
      "Cf_1st": 0.028293712064623833,
      "Cf_err_1st_pct": 27.833036422729492,
      "Cf_2nd": 0.03901023347862064,
      "Cf_err_2nd_pct": 76.25105487328602,
      "dstar": 1.8663360178470612,
      "dstar_ref": 10.324800000000002,
      "theta": -2.905844707472056,
      "theta_ref": 3.9840000000000004,
      "H": -0.6422697032115948,
      "eta_tab": [
        {
          "eta": 1.0,
          "u_sim": 0.0207219,
          "u_blas": 0.016489,
          "rel_pct": 25.67
        },
        {
          "eta": 2.0,
          "u_sim": 0.038486,
          "u_blas": 0.0314883,
          "rel_pct": 22.22
        },
        {
          "eta": 3.0,
          "u_sim": 0.049829,
          "u_blas": 0.0423022,
          "rel_pct": 17.79
        },
        {
          "eta": 4.0,
          "u_sim": 0.0542839,
          "u_blas": 0.0477759,
          "rel_pct": 13.62
        },
        {
          "eta": 5.0,
          "u_sim": 0.0548842,
          "u_blas": 0.0495771,
          "rel_pct": 10.7
        }
      ],
      "prof_in_eta": [
        [
          0.0833,
          0.035367,
          0.027671
        ],
        [
          0.25,
          0.105877,
          0.083005
        ],
        [
          0.4167,
          0.175895,
          0.138288
        ],
        [
          0.5833,
          0.245288,
          0.193435
        ],
        [
          0.75,
          0.313864,
          0.248319
        ],
        [
          0.9167,
          0.381371,
          0.302775
        ],
        [
          1.0833,
          0.447506,
          0.356599
        ],
        [
          1.25,
          0.511922,
          0.409557
        ],
        [
          1.4167,
          0.574238,
          0.461386
        ],
        [
          1.5833,
          0.63406,
          0.511804
        ],
        [
          1.75,
          0.690994,
          0.560519
        ],
        [
          1.9167,
          0.744675,
          0.607241
        ],
        [
          2.0833,
          0.794765,
          0.651689
        ],
        [
          2.25,
          0.840975,
          0.693606
        ],
        [
          2.4167,
          0.883093,
          0.732769
        ],
        [
          2.5833,
          0.920979,
          0.768999
        ],
        [
          2.75,
          0.954587,
          0.802168
        ],
        [
          2.9167,
          0.983956,
          0.832206
        ],
        [
          3.0833,
          1.009205,
          0.859101
        ],
        [
          3.25,
          1.030529,
          0.882902
        ],
        [
          3.4167,
          1.048193,
          0.903712
        ],
        [
          3.5833,
          1.062504,
          0.921682
        ],
        [
          3.75,
          1.073818,
          0.937005
        ],
        [
          3.9167,
          1.082485,
          0.949903
        ],
        [
          4.0833,
          1.088871,
          0.960619
        ],
        [
          4.25,
          1.093338,
          0.969405
        ],
        [
          4.4167,
          1.096215,
          0.976513
        ],
        [
          4.5833,
          1.09779,
          0.982186
        ],
        [
          4.75,
          1.09835,
          0.986653
        ],
        [
          4.9167,
          1.098104,
          0.990122
        ],
        [
          5.0833,
          1.097264,
          0.99278
        ],
        [
          5.25,
          1.09599,
          0.994789
        ],
        [
          5.4167,
          1.094398,
          0.996285
        ],
        [
          5.5833,
          1.092602,
          0.997386
        ],
        [
          5.75,
          1.090678,
          0.998183
        ],
        [
          5.9167,
          1.088679,
          0.998754
        ],
        [
          6.0833,
          1.086658,
          0.999156
        ],
        [
          6.25,
          1.084641,
          0.999436
        ],
        [
          6.4167,
          1.082653,
          0.999628
        ],
        [
          6.5833,
          1.080706,
          0.999758
        ],
        [
          6.75,
          1.078813,
          0.999844
        ],
        [
          6.9167,
          1.076973,
          0.999901
        ],
        [
          7.0833,
          1.075202,
          0.999938
        ],
        [
          7.25,
          1.073488,
          0.999962
        ],
        [
          7.4167,
          1.071836,
          0.999977
        ],
        [
          7.5833,
          1.070242,
          0.999986
        ],
        [
          7.75,
          1.068701,
          0.999992
        ],
        [
          7.9167,
          1.067221,
          0.999995
        ],
        [
          8.0833,
          1.06579,
          0.999997
        ],
        [
          8.25,
          1.064412,
          0.999998
        ],
        [
          8.4167,
          1.063081,
          0.999999
        ],
        [
          8.5833,
          1.061803,
          0.999999
        ],
        [
          8.75,
          1.060563,
          1.0
        ],
        [
          8.9167,
          1.059372,
          1.0
        ],
        [
          9.0833,
          1.058217,
          1.0
        ],
        [
          9.25,
          1.057097,
          1.0
        ],
        [
          9.4167,
          1.056021,
          1.0
        ],
        [
          9.5833,
          1.054979,
          1.0
        ],
        [
          9.75,
          1.053965,
          1.0
        ],
        [
          9.9167,
          1.052987,
          1.0
        ],
        [
          10.0833,
          1.052041,
          1.0
        ],
        [
          10.25,
          1.051119,
          1.0
        ],
        [
          10.4167,
          1.050225,
          1.0
        ],
        [
          10.5833,
          1.049358,
          1.0
        ],
        [
          10.75,
          1.048517,
          1.0
        ],
        [
          10.9167,
          1.047705,
          1.0
        ],
        [
          11.0833,
          1.046908,
          1.0
        ],
        [
          11.25,
          1.046138,
          1.0
        ],
        [
          11.4167,
          1.045383,
          1.0
        ],
        [
          11.5833,
          1.044655,
          1.0
        ],
        [
          11.75,
          1.04394,
          1.0
        ],
        [
          11.9167,
          1.043247,
          1.0
        ],
        [
          12.0833,
          1.042571,
          1.0
        ],
        [
          12.25,
          1.041913,
          1.0
        ],
        [
          12.4167,
          1.041273,
          1.0
        ],
        [
          12.5833,
          1.04065,
          1.0
        ],
        [
          12.75,
          1.04004,
          1.0
        ],
        [
          12.9167,
          1.039443,
          1.0
        ],
        [
          13.0833,
          1.038864,
          1.0
        ],
        [
          13.25,
          1.038295,
          1.0
        ],
        [
          13.4167,
          1.03774,
          1.0
        ],
        [
          13.5833,
          1.037193,
          1.0
        ],
        [
          13.75,
          1.036663,
          1.0
        ],
        [
          13.9167,
          1.036149,
          1.0
        ],
        [
          14.0833,
          1.035645,
          1.0
        ],
        [
          14.25,
          1.03515,
          1.0
        ],
        [
          14.4167,
          1.034662,
          1.0
        ],
        [
          14.5833,
          1.034182,
          1.0
        ],
        [
          14.75,
          1.033719,
          1.0
        ],
        [
          14.9167,
          1.033264,
          1.0
        ],
        [
          15.0833,
          1.032825,
          1.0
        ],
        [
          15.25,
          1.032385,
          1.0
        ],
        [
          15.4167,
          1.031959,
          1.0
        ],
        [
          15.5833,
          1.031539,
          1.0
        ],
        [
          15.75,
          1.031127,
          1.0
        ],
        [
          15.9167,
          1.03073,
          1.0
        ],
        [
          16.0833,
          1.03033,
          1.0
        ],
        [
          16.25,
          1.029943,
          1.0
        ],
        [
          16.4167,
          1.029562,
          1.0
        ],
        [
          16.5833,
          1.029197,
          1.0
        ],
        [
          16.75,
          1.02883,
          1.0
        ],
        [
          16.9167,
          1.028474,
          1.0
        ],
        [
          17.0833,
          1.028119,
          1.0
        ],
        [
          17.25,
          1.027775,
          1.0
        ],
        [
          17.4167,
          1.027441,
          1.0
        ],
        [
          17.5833,
          1.027107,
          1.0
        ],
        [
          17.75,
          1.026776,
          1.0
        ],
        [
          17.9167,
          1.026459,
          1.0
        ],
        [
          18.0833,
          1.02614,
          1.0
        ],
        [
          18.25,
          1.025826,
          1.0
        ],
        [
          18.4167,
          1.025522,
          1.0
        ],
        [
          18.5833,
          1.025226,
          1.0
        ],
        [
          18.75,
          1.024933,
          1.0
        ],
        [
          18.9167,
          1.024641,
          1.0
        ],
        [
          19.0833,
          1.024361,
          1.0
        ],
        [
          19.25,
          1.024084,
          1.0
        ],
        [
          19.4167,
          1.023805,
          1.0
        ],
        [
          19.5833,
          1.023532,
          1.0
        ],
        [
          19.75,
          1.023267,
          1.0
        ],
        [
          19.9167,
          1.023005,
          1.0
        ],
        [
          20.0833,
          1.02275,
          1.0
        ],
        [
          20.25,
          1.022497,
          1.0
        ],
        [
          20.4167,
          1.022244,
          1.0
        ],
        [
          20.5833,
          1.022,
          1.0
        ],
        [
          20.75,
          1.021759,
          1.0
        ],
        [
          20.9167,
          1.021518,
          1.0
        ],
        [
          21.0833,
          1.021283,
          1.0
        ],
        [
          21.25,
          1.021054,
          1.0
        ],
        [
          21.4167,
          1.020833,
          1.0
        ],
        [
          21.5833,
          1.020613,
          1.0
        ],
        [
          21.75,
          1.020392,
          1.0
        ],
        [
          21.9167,
          1.020174,
          1.0
        ],
        [
          22.0833,
          1.019967,
          1.0
        ],
        [
          22.25,
          1.019753,
          1.0
        ],
        [
          22.4167,
          1.019551,
          1.0
        ],
        [
          22.5833,
          1.01935,
          1.0
        ],
        [
          22.75,
          1.019146,
          1.0
        ],
        [
          22.9167,
          1.018948,
          1.0
        ],
        [
          23.0833,
          1.018755,
          1.0
        ],
        [
          23.25,
          1.018564,
          1.0
        ],
        [
          23.4167,
          1.018372,
          1.0
        ],
        [
          23.5833,
          1.018184,
          1.0
        ],
        [
          23.75,
          1.018,
          1.0
        ],
        [
          23.9167,
          1.017823,
          1.0
        ],
        [
          24.0833,
          1.01764,
          1.0
        ],
        [
          24.25,
          1.01746,
          1.0
        ],
        [
          24.4167,
          1.017289,
          1.0
        ],
        [
          24.5833,
          1.017116,
          1.0
        ],
        [
          24.75,
          1.016947,
          1.0
        ],
        [
          24.9167,
          1.016775,
          1.0
        ],
        [
          25.0833,
          1.016615,
          1.0
        ],
        [
          25.25,
          1.016452,
          1.0
        ],
        [
          25.4167,
          1.016287,
          1.0
        ],
        [
          25.5833,
          1.016128,
          1.0
        ],
        [
          25.75,
          1.015975,
          1.0
        ],
        [
          25.9167,
          1.015826,
          1.0
        ],
        [
          26.0833,
          1.015683,
          1.0
        ],
        [
          26.25,
          1.015537,
          1.0
        ],
        [
          26.4167,
          1.01539,
          1.0
        ],
        [
          26.5833,
          1.015247,
          1.0
        ],
        [
          26.75,
          1.015106,
          1.0
        ],
        [
          26.9167,
          1.014967,
          1.0
        ],
        [
          27.0833,
          1.014826,
          1.0
        ],
        [
          27.25,
          1.014691,
          1.0
        ],
        [
          27.4167,
          1.014558,
          1.0
        ],
        [
          27.5833,
          1.014425,
          1.0
        ],
        [
          27.75,
          1.014294,
          1.0
        ],
        [
          27.9167,
          1.014166,
          1.0
        ],
        [
          28.0833,
          1.014038,
          1.0
        ],
        [
          28.25,
          1.013914,
          1.0
        ],
        [
          28.4167,
          1.013794,
          1.0
        ],
        [
          28.5833,
          1.013675,
          1.0
        ],
        [
          28.75,
          1.01356,
          1.0
        ],
        [
          28.9167,
          1.013447,
          1.0
        ],
        [
          29.0833,
          1.013335,
          1.0
        ],
        [
          29.25,
          1.013225,
          1.0
        ],
        [
          29.4167,
          1.013117,
          1.0
        ],
        [
          29.5833,
          1.013011,
          1.0
        ],
        [
          29.75,
          1.012907,
          1.0
        ],
        [
          29.9167,
          1.012799,
          1.0
        ],
        [
          30.0833,
          1.012691,
          1.0
        ],
        [
          30.25,
          1.012583,
          1.0
        ],
        [
          30.4167,
          1.012477,
          1.0
        ],
        [
          30.5833,
          1.012371,
          1.0
        ],
        [
          30.75,
          1.012263,
          1.0
        ],
        [
          30.9167,
          1.012158,
          1.0
        ],
        [
          31.0833,
          1.012053,
          1.0
        ],
        [
          31.25,
          1.011952,
          1.0
        ],
        [
          31.4167,
          1.011845,
          1.0
        ],
        [
          31.5833,
          1.011744,
          1.0
        ],
        [
          31.75,
          1.011644,
          1.0
        ],
        [
          31.9167,
          1.011542,
          1.0
        ],
        [
          32.0833,
          1.011447,
          1.0
        ],
        [
          32.25,
          1.011348,
          1.0
        ],
        [
          32.4167,
          1.011258,
          1.0
        ],
        [
          32.5833,
          1.011165,
          1.0
        ],
        [
          32.75,
          1.011079,
          1.0
        ],
        [
          32.9167,
          1.010998,
          1.0
        ],
        [
          33.0833,
          1.010913,
          1.0
        ],
        [
          33.25,
          1.010832,
          1.0
        ],
        [
          33.4167,
          1.010757,
          1.0
        ],
        [
          33.5833,
          1.010684,
          1.0
        ],
        [
          33.75,
          1.010616,
          1.0
        ],
        [
          33.9167,
          1.010546,
          1.0
        ],
        [
          34.0833,
          1.010478,
          1.0
        ],
        [
          34.25,
          1.010412,
          1.0
        ],
        [
          34.4167,
          1.010346,
          1.0
        ],
        [
          34.5833,
          1.010273,
          1.0
        ],
        [
          34.75,
          1.010199,
          1.0
        ],
        [
          34.9167,
          1.010126,
          1.0
        ],
        [
          35.0833,
          1.010056,
          1.0
        ],
        [
          35.25,
          1.009986,
          1.0
        ],
        [
          35.4167,
          1.009915,
          1.0
        ],
        [
          35.5833,
          1.009848,
          1.0
        ],
        [
          35.75,
          1.009777,
          1.0
        ],
        [
          35.9167,
          1.009704,
          1.0
        ],
        [
          36.0833,
          1.009633,
          1.0
        ],
        [
          36.25,
          1.009562,
          1.0
        ],
        [
          36.4167,
          1.009491,
          1.0
        ],
        [
          36.5833,
          1.009422,
          1.0
        ],
        [
          36.75,
          1.009355,
          1.0
        ],
        [
          36.9167,
          1.009281,
          1.0
        ],
        [
          37.0833,
          1.009208,
          1.0
        ],
        [
          37.25,
          1.009141,
          1.0
        ],
        [
          37.4167,
          1.009075,
          1.0
        ],
        [
          37.5833,
          1.009012,
          1.0
        ],
        [
          37.75,
          1.008941,
          1.0
        ],
        [
          37.9167,
          1.008877,
          1.0
        ],
        [
          38.0833,
          1.008817,
          1.0
        ],
        [
          38.25,
          1.008754,
          1.0
        ],
        [
          38.4167,
          1.008697,
          1.0
        ],
        [
          38.5833,
          1.008636,
          1.0
        ],
        [
          38.75,
          1.008579,
          1.0
        ],
        [
          38.9167,
          1.008521,
          1.0
        ],
        [
          39.0833,
          1.008469,
          1.0
        ],
        [
          39.25,
          1.008417,
          1.0
        ],
        [
          39.4167,
          1.008366,
          1.0
        ],
        [
          39.5833,
          1.008317,
          1.0
        ],
        [
          39.75,
          1.008266,
          1.0
        ],
        [
          39.9167,
          1.00822,
          1.0
        ],
        [
          40.0833,
          1.008173,
          1.0
        ],
        [
          40.25,
          1.008129,
          1.0
        ],
        [
          40.4167,
          1.008081,
          1.0
        ],
        [
          40.5833,
          1.008037,
          1.0
        ],
        [
          40.75,
          1.007995,
          1.0
        ],
        [
          40.9167,
          1.007952,
          1.0
        ],
        [
          41.0833,
          1.00791,
          1.0
        ],
        [
          41.25,
          1.007871,
          1.0
        ],
        [
          41.4167,
          1.007833,
          1.0
        ],
        [
          41.5833,
          1.007796,
          1.0
        ],
        [
          41.75,
          1.007759,
          1.0
        ],
        [
          41.9167,
          1.007722,
          1.0
        ],
        [
          42.0833,
          1.007685,
          1.0
        ],
        [
          42.25,
          1.007648,
          1.0
        ],
        [
          42.4167,
          1.007614,
          1.0
        ],
        [
          42.5833,
          1.007579,
          1.0
        ],
        [
          42.75,
          1.007541,
          1.0
        ],
        [
          42.9167,
          1.007504,
          1.0
        ],
        [
          43.0833,
          1.007468,
          1.0
        ],
        [
          43.25,
          1.007439,
          1.0
        ],
        [
          43.4167,
          1.007411,
          1.0
        ],
        [
          43.5833,
          1.007385,
          1.0
        ],
        [
          43.75,
          1.007352,
          1.0
        ],
        [
          43.9167,
          1.007323,
          1.0
        ],
        [
          44.0833,
          1.007294,
          1.0
        ],
        [
          44.25,
          1.007261,
          1.0
        ],
        [
          44.4167,
          1.007228,
          1.0
        ],
        [
          44.5833,
          1.007191,
          1.0
        ],
        [
          44.75,
          1.007158,
          1.0
        ],
        [
          44.9167,
          1.007128,
          1.0
        ],
        [
          45.0833,
          1.007099,
          1.0
        ],
        [
          45.25,
          1.007068,
          1.0
        ],
        [
          45.4167,
          1.007035,
          1.0
        ],
        [
          45.5833,
          1.007,
          1.0
        ],
        [
          45.75,
          1.006965,
          1.0
        ],
        [
          45.9167,
          1.006933,
          1.0
        ],
        [
          46.0833,
          1.006904,
          1.0
        ],
        [
          46.25,
          1.006872,
          1.0
        ],
        [
          46.4167,
          1.006838,
          1.0
        ],
        [
          46.5833,
          1.006807,
          1.0
        ],
        [
          46.75,
          1.006776,
          1.0
        ],
        [
          46.9167,
          1.006747,
          1.0
        ],
        [
          47.0833,
          1.006729,
          1.0
        ],
        [
          47.25,
          1.006702,
          1.0
        ],
        [
          47.4167,
          1.006684,
          1.0
        ],
        [
          47.5833,
          1.006656,
          1.0
        ],
        [
          47.75,
          1.006628,
          1.0
        ],
        [
          47.9167,
          1.006608,
          1.0
        ],
        [
          48.0833,
          1.006583,
          1.0
        ],
        [
          48.25,
          1.006557,
          1.0
        ],
        [
          48.4167,
          1.006536,
          1.0
        ],
        [
          48.5833,
          1.00651,
          1.0
        ],
        [
          48.75,
          1.006492,
          1.0
        ],
        [
          48.9167,
          1.006468,
          1.0
        ],
        [
          49.0833,
          1.006448,
          1.0
        ],
        [
          49.25,
          1.006428,
          1.0
        ],
        [
          49.4167,
          1.006406,
          1.0
        ],
        [
          49.5833,
          1.00639,
          1.0
        ],
        [
          49.75,
          1.00637,
          1.0
        ],
        [
          49.9167,
          1.006354,
          1.0
        ],
        [
          50.0833,
          1.006332,
          1.0
        ],
        [
          50.25,
          1.006314,
          1.0
        ],
        [
          50.4167,
          1.006292,
          1.0
        ],
        [
          50.5833,
          1.006276,
          1.0
        ],
        [
          50.75,
          1.006253,
          1.0
        ],
        [
          50.9167,
          1.006238,
          1.0
        ],
        [
          51.0833,
          1.006218,
          1.0
        ],
        [
          51.25,
          1.006202,
          1.0
        ],
        [
          51.4167,
          1.006189,
          1.0
        ],
        [
          51.5833,
          1.006173,
          1.0
        ],
        [
          51.75,
          1.006164,
          1.0
        ],
        [
          51.9167,
          1.006153,
          1.0
        ],
        [
          52.0833,
          1.00614,
          1.0
        ],
        [
          52.25,
          1.006131,
          1.0
        ],
        [
          52.4167,
          1.006125,
          1.0
        ],
        [
          52.5833,
          1.006117,
          1.0
        ],
        [
          52.75,
          1.006103,
          1.0
        ],
        [
          52.9167,
          1.006097,
          1.0
        ],
        [
          53.0833,
          1.006091,
          1.0
        ],
        [
          53.25,
          1.006086,
          1.0
        ],
        [
          53.4167,
          1.006079,
          1.0
        ],
        [
          53.5833,
          1.006065,
          1.0
        ],
        [
          53.75,
          1.006058,
          1.0
        ],
        [
          53.9167,
          1.006051,
          1.0
        ],
        [
          54.0833,
          1.006043,
          1.0
        ],
        [
          54.25,
          1.006028,
          1.0
        ],
        [
          54.4167,
          1.006021,
          1.0
        ],
        [
          54.5833,
          1.006012,
          1.0
        ],
        [
          54.75,
          1.006006,
          1.0
        ],
        [
          54.9167,
          1.005995,
          1.0
        ],
        [
          55.0833,
          1.005986,
          1.0
        ],
        [
          55.25,
          1.005981,
          1.0
        ],
        [
          55.4167,
          1.005974,
          1.0
        ],
        [
          55.5833,
          1.005969,
          1.0
        ],
        [
          55.75,
          1.005958,
          1.0
        ],
        [
          55.9167,
          1.00595,
          1.0
        ],
        [
          56.0833,
          1.005944,
          1.0
        ],
        [
          56.25,
          1.005941,
          1.0
        ],
        [
          56.4167,
          1.005936,
          1.0
        ],
        [
          56.5833,
          1.005933,
          1.0
        ],
        [
          56.75,
          1.005931,
          1.0
        ],
        [
          56.9167,
          1.00593,
          1.0
        ],
        [
          57.0833,
          1.005927,
          1.0
        ],
        [
          57.25,
          1.005923,
          1.0
        ],
        [
          57.4167,
          1.005919,
          1.0
        ],
        [
          57.5833,
          1.005917,
          1.0
        ],
        [
          57.75,
          1.005916,
          1.0
        ],
        [
          57.9167,
          1.005916,
          1.0
        ],
        [
          58.0833,
          1.005909,
          1.0
        ]
      ]
    },
    "470": {
      "x_eff": 450,
      "Rex": 2250.0,
      "scale": 9.486832980505138,
      "delta99_cells": 46.58034993428023,
      "u_edge_over_U": 1.0187681764364243,
      "l2": 0.24069956917823834,
      "Cf_ref": 0.013998349109012027,
      "Cf_1st": 0.019148260354995728,
      "Cf_err_1st_pct": 36.7894172668457,
      "Cf_2nd": 0.026423808187246316,
      "Cf_err_2nd_pct": 88.76374622086597,
      "dstar": 6.12044569849968,
      "dstar_ref": 16.324942192853243,
      "theta": -1.2837208684904908,
      "theta_ref": 6.299257099055413,
      "H": -4.767738726329677,
      "eta_tab": [
        {
          "eta": 1.0,
          "u_sim": 0.021654,
          "u_blas": 0.016489,
          "rel_pct": 31.32
        },
        {
          "eta": 2.0,
          "u_sim": 0.0394308,
          "u_blas": 0.0314883,
          "rel_pct": 25.22
        },
        {
          "eta": 3.0,
          "u_sim": 0.0503141,
          "u_blas": 0.0423022,
          "rel_pct": 18.94
        },
        {
          "eta": 4.0,
          "u_sim": 0.0542631,
          "u_blas": 0.0477759,
          "rel_pct": 13.58
        },
        {
          "eta": 5.0,
          "u_sim": 0.0546221,
          "u_blas": 0.0495771,
          "rel_pct": 10.18
        }
      ],
      "prof_in_eta": [
        [
          0.0527,
          0.023935,
          0.017501
        ],
        [
          0.1581,
          0.071577,
          0.052501
        ],
        [
          0.2635,
          0.118752,
          0.087494
        ],
        [
          0.3689,
          0.16544,
          0.122464
        ],
        [
          0.4743,
          0.211626,
          0.157392
        ],
        [
          0.5798,
          0.257281,
          0.192251
        ],
        [
          0.6852,
          0.302366,
          0.227008
        ],
        [
          0.7906,
          0.346829,
          0.261621
        ],
        [
          0.896,
          0.390611,
          0.296045
        ],
        [
          1.0014,
          0.433646,
          0.330228
        ],
        [
          1.1068,
          0.475866,
          0.364113
        ],
        [
          1.2122,
          0.517189,
          0.397638
        ],
        [
          1.3176,
          0.557528,
          0.430736
        ],
        [
          1.423,
          0.596796,
          0.463337
        ],
        [
          1.5284,
          0.634901,
          0.49537
        ],
        [
          1.6338,
          0.671752,
          0.526761
        ],
        [
          1.7393,
          0.707265,
          0.557435
        ],
        [
          1.8447,
          0.74135,
          0.587319
        ],
        [
          1.9501,
          0.77393,
          0.61634
        ],
        [
          2.0555,
          0.804934,
          0.64443
        ],
        [
          2.1609,
          0.834301,
          0.671524
        ],
        [
          2.2663,
          0.861978,
          0.69756
        ],
        [
          2.3717,
          0.887923,
          0.722487
        ],
        [
          2.4771,
          0.912118,
          0.746256
        ],
        [
          2.5825,
          0.934551,
          0.768831
        ],
        [
          2.6879,
          0.955218,
          0.79018
        ],
        [
          2.7933,
          0.974144,
          0.810283
        ],
        [
          2.8988,
          0.991356,
          0.829128
        ],
        [
          3.0042,
          1.006896,
          0.846715
        ],
        [
          3.1096,
          1.020833,
          0.863051
        ],
        [
          3.215,
          1.033219,
          0.878154
        ],
        [
          3.3204,
          1.044143,
          0.892048
        ],
        [
          3.4258,
          1.053672,
          0.904768
        ],
        [
          3.5312,
          1.061919,
          0.916356
        ],
        [
          3.6366,
          1.068956,
          0.926858
        ],
        [
          3.742,
          1.074895,
          0.936329
        ],
        [
          3.8474,
          1.079818,
          0.944825
        ],
        [
          3.9528,
          1.08383,
          0.952406
        ],
        [
          4.0583,
          1.087032,
          0.959136
        ],
        [
          4.1637,
          1.089511,
          0.965079
        ],
        [
          4.2691,
          1.091344,
          0.970299
        ],
        [
          4.3745,
          1.092626,
          0.974859
        ],
        [
          4.4799,
          1.093422,
          0.978821
        ],
        [
          4.5853,
          1.093806,
          0.982246
        ],
        [
          4.6907,
          1.093841,
          0.985189
        ],
        [
          4.7961,
          1.093586,
          0.987704
        ],
        [
          4.9015,
          1.09309,
          0.989843
        ],
        [
          5.0069,
          1.092396,
          0.991652
        ],
        [
          5.1123,
          1.091547,
          0.993172
        ],
        [
          5.2178,
          1.090582,
          0.994444
        ],
        [
          5.3232,
          1.089529,
          0.995501
        ],
        [
          5.4286,
          1.088403,
          0.996376
        ],
        [
          5.534,
          1.087229,
          0.997095
        ],
        [
          5.6394,
          1.086032,
          0.997684
        ],
        [
          5.7448,
          1.084816,
          0.998162
        ],
        [
          5.8502,
          1.083599,
          0.99855
        ],
        [
          5.9556,
          1.082392,
          0.998861
        ],
        [
          6.061,
          1.08119,
          0.99911
        ],
        [
          6.1664,
          1.080002,
          0.999309
        ],
        [
          6.2719,
          1.078827,
          0.999465
        ],
        [
          6.3773,
          1.077679,
          0.999589
        ],
        [
          6.4827,
          1.076552,
          0.999685
        ],
        [
          6.5881,
          1.075458,
          0.999761
        ],
        [
          6.6935,
          1.074387,
          0.999819
        ],
        [
          6.7989,
          1.073338,
          0.999863
        ],
        [
          6.9043,
          1.072325,
          0.999898
        ],
        [
          7.0097,
          1.071338,
          0.999924
        ],
        [
          7.1151,
          1.070383,
          0.999943
        ],
        [
          7.2205,
          1.069456,
          0.999958
        ],
        [
          7.3259,
          1.068564,
          0.999969
        ],
        [
          7.4314,
          1.067694,
          0.999978
        ],
        [
          7.5368,
          1.066852,
          0.999984
        ],
        [
          7.6422,
          1.066039,
          0.999988
        ],
        [
          7.7476,
          1.065249,
          0.999992
        ],
        [
          7.853,
          1.064485,
          0.999994
        ],
        [
          7.9584,
          1.063735,
          0.999996
        ],
        [
          8.0638,
          1.063004,
          0.999997
        ],
        [
          8.1692,
          1.062291,
          0.999998
        ],
        [
          8.2746,
          1.061588,
          0.999999
        ],
        [
          8.38,
          1.060901,
          0.999999
        ],
        [
          8.4854,
          1.060234,
          0.999999
        ],
        [
          8.5909,
          1.059581,
          1.0
        ],
        [
          8.6963,
          1.058943,
          1.0
        ],
        [
          8.8017,
          1.058314,
          1.0
        ],
        [
          8.9071,
          1.057702,
          1.0
        ],
        [
          9.0125,
          1.057107,
          1.0
        ],
        [
          9.1179,
          1.056519,
          1.0
        ],
        [
          9.2233,
          1.055946,
          1.0
        ],
        [
          9.3287,
          1.055388,
          1.0
        ],
        [
          9.4341,
          1.05484,
          1.0
        ],
        [
          9.5395,
          1.054307,
          1.0
        ],
        [
          9.6449,
          1.053788,
          1.0
        ],
        [
          9.7504,
          1.053276,
          1.0
        ],
        [
          9.8558,
          1.052778,
          1.0
        ],
        [
          9.9612,
          1.052289,
          1.0
        ],
        [
          10.0666,
          1.051812,
          1.0
        ],
        [
          10.172,
          1.051343,
          1.0
        ],
        [
          10.2774,
          1.050886,
          1.0
        ],
        [
          10.3828,
          1.050438,
          1.0
        ],
        [
          10.4882,
          1.049996,
          1.0
        ],
        [
          10.5936,
          1.049568,
          1.0
        ],
        [
          10.699,
          1.049143,
          1.0
        ],
        [
          10.8044,
          1.048727,
          1.0
        ],
        [
          10.9099,
          1.048317,
          1.0
        ],
        [
          11.0153,
          1.047914,
          1.0
        ],
        [
          11.1207,
          1.047518,
          1.0
        ],
        [
          11.2261,
          1.047131,
          1.0
        ],
        [
          11.3315,
          1.046743,
          1.0
        ],
        [
          11.4369,
          1.046361,
          1.0
        ],
        [
          11.5423,
          1.045988,
          1.0
        ],
        [
          11.6477,
          1.045616,
          1.0
        ],
        [
          11.7531,
          1.045255,
          1.0
        ],
        [
          11.8585,
          1.0449,
          1.0
        ],
        [
          11.964,
          1.044553,
          1.0
        ],
        [
          12.0694,
          1.044209,
          1.0
        ],
        [
          12.1748,
          1.043872,
          1.0
        ],
        [
          12.2802,
          1.043542,
          1.0
        ],
        [
          12.3856,
          1.04321,
          1.0
        ],
        [
          12.491,
          1.042887,
          1.0
        ],
        [
          12.5964,
          1.042566,
          1.0
        ],
        [
          12.7018,
          1.042252,
          1.0
        ],
        [
          12.8072,
          1.041942,
          1.0
        ],
        [
          12.9126,
          1.041631,
          1.0
        ],
        [
          13.018,
          1.041327,
          1.0
        ],
        [
          13.1235,
          1.041029,
          1.0
        ],
        [
          13.2289,
          1.04073,
          1.0
        ],
        [
          13.3343,
          1.04044,
          1.0
        ],
        [
          13.4397,
          1.040157,
          1.0
        ],
        [
          13.5451,
          1.039879,
          1.0
        ],
        [
          13.6505,
          1.039602,
          1.0
        ],
        [
          13.7559,
          1.039331,
          1.0
        ],
        [
          13.8613,
          1.039063,
          1.0
        ],
        [
          13.9667,
          1.038798,
          1.0
        ],
        [
          14.0721,
          1.038537,
          1.0
        ],
        [
          14.1775,
          1.038283,
          1.0
        ],
        [
          14.283,
          1.038025,
          1.0
        ],
        [
          14.3884,
          1.03778,
          1.0
        ],
        [
          14.4938,
          1.037533,
          1.0
        ],
        [
          14.5992,
          1.03729,
          1.0
        ],
        [
          14.7046,
          1.037041,
          1.0
        ],
        [
          14.81,
          1.036798,
          1.0
        ],
        [
          14.9154,
          1.036561,
          1.0
        ],
        [
          15.0208,
          1.036319,
          1.0
        ],
        [
          15.1262,
          1.036087,
          1.0
        ],
        [
          15.2316,
          1.035854,
          1.0
        ],
        [
          15.337,
          1.035625,
          1.0
        ],
        [
          15.4425,
          1.035403,
          1.0
        ],
        [
          15.5479,
          1.035185,
          1.0
        ],
        [
          15.6533,
          1.034969,
          1.0
        ],
        [
          15.7587,
          1.034751,
          1.0
        ],
        [
          15.8641,
          1.034544,
          1.0
        ],
        [
          15.9695,
          1.034331,
          1.0
        ],
        [
          16.0749,
          1.034127,
          1.0
        ],
        [
          16.1803,
          1.033918,
          1.0
        ],
        [
          16.2857,
          1.033715,
          1.0
        ],
        [
          16.3911,
          1.033516,
          1.0
        ],
        [
          16.4965,
          1.033323,
          1.0
        ],
        [
          16.602,
          1.033125,
          1.0
        ],
        [
          16.7074,
          1.032928,
          1.0
        ],
        [
          16.8128,
          1.032736,
          1.0
        ],
        [
          16.9182,
          1.03255,
          1.0
        ],
        [
          17.0236,
          1.032365,
          1.0
        ],
        [
          17.129,
          1.032181,
          1.0
        ],
        [
          17.2344,
          1.031993,
          1.0
        ],
        [
          17.3398,
          1.031808,
          1.0
        ],
        [
          17.4452,
          1.031625,
          1.0
        ],
        [
          17.5506,
          1.031454,
          1.0
        ],
        [
          17.6561,
          1.031275,
          1.0
        ],
        [
          17.7615,
          1.031104,
          1.0
        ],
        [
          17.8669,
          1.030934,
          1.0
        ],
        [
          17.9723,
          1.03077,
          1.0
        ],
        [
          18.0777,
          1.030607,
          1.0
        ],
        [
          18.1831,
          1.030441,
          1.0
        ],
        [
          18.2885,
          1.03028,
          1.0
        ],
        [
          18.3939,
          1.03012,
          1.0
        ],
        [
          18.4993,
          1.029963,
          1.0
        ],
        [
          18.6047,
          1.029804,
          1.0
        ],
        [
          18.7101,
          1.029649,
          1.0
        ],
        [
          18.8156,
          1.029495,
          1.0
        ],
        [
          18.921,
          1.029343,
          1.0
        ],
        [
          19.0264,
          1.029196,
          1.0
        ],
        [
          19.1318,
          1.029045,
          1.0
        ],
        [
          19.2372,
          1.028897,
          1.0
        ],
        [
          19.3426,
          1.028748,
          1.0
        ],
        [
          19.448,
          1.028605,
          1.0
        ],
        [
          19.5534,
          1.028465,
          1.0
        ],
        [
          19.6588,
          1.028326,
          1.0
        ],
        [
          19.7642,
          1.028182,
          1.0
        ],
        [
          19.8696,
          1.028046,
          1.0
        ],
        [
          19.9751,
          1.027908,
          1.0
        ],
        [
          20.0805,
          1.027773,
          1.0
        ],
        [
          20.1859,
          1.027639,
          1.0
        ],
        [
          20.2913,
          1.027504,
          1.0
        ],
        [
          20.3967,
          1.027373,
          1.0
        ],
        [
          20.5021,
          1.027241,
          1.0
        ],
        [
          20.6075,
          1.027109,
          1.0
        ],
        [
          20.7129,
          1.026983,
          1.0
        ],
        [
          20.8183,
          1.026853,
          1.0
        ],
        [
          20.9237,
          1.026728,
          1.0
        ],
        [
          21.0291,
          1.026604,
          1.0
        ],
        [
          21.1346,
          1.026479,
          1.0
        ],
        [
          21.24,
          1.026357,
          1.0
        ],
        [
          21.3454,
          1.026239,
          1.0
        ],
        [
          21.4508,
          1.026121,
          1.0
        ],
        [
          21.5562,
          1.026005,
          1.0
        ],
        [
          21.6616,
          1.025892,
          1.0
        ],
        [
          21.767,
          1.025782,
          1.0
        ],
        [
          21.8724,
          1.025669,
          1.0
        ],
        [
          21.9778,
          1.025556,
          1.0
        ],
        [
          22.0832,
          1.025444,
          1.0
        ],
        [
          22.1886,
          1.025337,
          1.0
        ],
        [
          22.2941,
          1.02523,
          1.0
        ],
        [
          22.3995,
          1.025122,
          1.0
        ],
        [
          22.5049,
          1.025013,
          1.0
        ],
        [
          22.6103,
          1.024905,
          1.0
        ],
        [
          22.7157,
          1.024805,
          1.0
        ],
        [
          22.8211,
          1.024702,
          1.0
        ],
        [
          22.9265,
          1.024595,
          1.0
        ],
        [
          23.0319,
          1.024495,
          1.0
        ],
        [
          23.1373,
          1.024394,
          1.0
        ],
        [
          23.2427,
          1.02429,
          1.0
        ],
        [
          23.3482,
          1.02419,
          1.0
        ],
        [
          23.4536,
          1.024091,
          1.0
        ],
        [
          23.559,
          1.023989,
          1.0
        ],
        [
          23.6644,
          1.023893,
          1.0
        ],
        [
          23.7698,
          1.023794,
          1.0
        ],
        [
          23.8752,
          1.023693,
          1.0
        ],
        [
          23.9806,
          1.023595,
          1.0
        ],
        [
          24.086,
          1.023497,
          1.0
        ],
        [
          24.1914,
          1.023406,
          1.0
        ],
        [
          24.2968,
          1.023311,
          1.0
        ],
        [
          24.4022,
          1.023218,
          1.0
        ],
        [
          24.5077,
          1.023132,
          1.0
        ],
        [
          24.6131,
          1.023042,
          1.0
        ],
        [
          24.7185,
          1.022955,
          1.0
        ],
        [
          24.8239,
          1.022872,
          1.0
        ],
        [
          24.9293,
          1.022789,
          1.0
        ],
        [
          25.0347,
          1.022705,
          1.0
        ],
        [
          25.1401,
          1.022623,
          1.0
        ],
        [
          25.2455,
          1.022542,
          1.0
        ],
        [
          25.3509,
          1.022462,
          1.0
        ],
        [
          25.4563,
          1.022382,
          1.0
        ],
        [
          25.5617,
          1.022302,
          1.0
        ],
        [
          25.6672,
          1.022225,
          1.0
        ],
        [
          25.7726,
          1.022151,
          1.0
        ],
        [
          25.878,
          1.022079,
          1.0
        ],
        [
          25.9834,
          1.022008,
          1.0
        ],
        [
          26.0888,
          1.021945,
          1.0
        ],
        [
          26.1942,
          1.021877,
          1.0
        ],
        [
          26.2996,
          1.021805,
          1.0
        ],
        [
          26.405,
          1.021738,
          1.0
        ],
        [
          26.5104,
          1.021674,
          1.0
        ],
        [
          26.6158,
          1.02161,
          1.0
        ],
        [
          26.7212,
          1.021543,
          1.0
        ],
        [
          26.8267,
          1.021485,
          1.0
        ],
        [
          26.9321,
          1.021421,
          1.0
        ],
        [
          27.0375,
          1.021364,
          1.0
        ],
        [
          27.1429,
          1.021303,
          1.0
        ],
        [
          27.2483,
          1.021247,
          1.0
        ],
        [
          27.3537,
          1.021188,
          1.0
        ],
        [
          27.4591,
          1.02113,
          1.0
        ],
        [
          27.5645,
          1.021074,
          1.0
        ],
        [
          27.6699,
          1.021021,
          1.0
        ],
        [
          27.7753,
          1.02097,
          1.0
        ],
        [
          27.8807,
          1.020924,
          1.0
        ],
        [
          27.9862,
          1.020875,
          1.0
        ],
        [
          28.0916,
          1.02082,
          1.0
        ],
        [
          28.197,
          1.020775,
          1.0
        ],
        [
          28.3024,
          1.020731,
          1.0
        ],
        [
          28.4078,
          1.020683,
          1.0
        ],
        [
          28.5132,
          1.020634,
          1.0
        ],
        [
          28.6186,
          1.02059,
          1.0
        ],
        [
          28.724,
          1.020545,
          1.0
        ],
        [
          28.8294,
          1.020501,
          1.0
        ],
        [
          28.9348,
          1.020454,
          1.0
        ],
        [
          29.0402,
          1.020406,
          1.0
        ],
        [
          29.1457,
          1.02036,
          1.0
        ],
        [
          29.2511,
          1.020318,
          1.0
        ],
        [
          29.3565,
          1.020273,
          1.0
        ],
        [
          29.4619,
          1.020226,
          1.0
        ],
        [
          29.5673,
          1.020179,
          1.0
        ],
        [
          29.6727,
          1.020137,
          1.0
        ],
        [
          29.7781,
          1.020095,
          1.0
        ],
        [
          29.8835,
          1.020053,
          1.0
        ],
        [
          29.9889,
          1.020009,
          1.0
        ],
        [
          30.0943,
          1.019966,
          1.0
        ],
        [
          30.1998,
          1.019919,
          1.0
        ],
        [
          30.3052,
          1.019872,
          1.0
        ],
        [
          30.4106,
          1.01983,
          1.0
        ],
        [
          30.516,
          1.019789,
          1.0
        ],
        [
          30.6214,
          1.019748,
          1.0
        ],
        [
          30.7268,
          1.019711,
          1.0
        ],
        [
          30.8322,
          1.019674,
          1.0
        ],
        [
          30.9376,
          1.019637,
          1.0
        ],
        [
          31.043,
          1.019602,
          1.0
        ],
        [
          31.1484,
          1.019566,
          1.0
        ],
        [
          31.2538,
          1.019534,
          1.0
        ],
        [
          31.3593,
          1.019502,
          1.0
        ],
        [
          31.4647,
          1.019468,
          1.0
        ],
        [
          31.5701,
          1.019434,
          1.0
        ],
        [
          31.6755,
          1.019398,
          1.0
        ],
        [
          31.7809,
          1.019365,
          1.0
        ],
        [
          31.8863,
          1.019333,
          1.0
        ],
        [
          31.9917,
          1.0193,
          1.0
        ],
        [
          32.0971,
          1.019276,
          1.0
        ],
        [
          32.2025,
          1.019246,
          1.0
        ],
        [
          32.3079,
          1.019212,
          1.0
        ],
        [
          32.4133,
          1.019185,
          1.0
        ],
        [
          32.5188,
          1.019159,
          1.0
        ],
        [
          32.6242,
          1.019132,
          1.0
        ],
        [
          32.7296,
          1.019103,
          1.0
        ],
        [
          32.835,
          1.019082,
          1.0
        ],
        [
          32.9404,
          1.019056,
          1.0
        ],
        [
          33.0458,
          1.019031,
          1.0
        ],
        [
          33.1512,
          1.01901,
          1.0
        ],
        [
          33.2566,
          1.018983,
          1.0
        ],
        [
          33.362,
          1.018965,
          1.0
        ],
        [
          33.4674,
          1.018941,
          1.0
        ],
        [
          33.5728,
          1.018917,
          1.0
        ],
        [
          33.6783,
          1.018899,
          1.0
        ],
        [
          33.7837,
          1.018874,
          1.0
        ],
        [
          33.8891,
          1.01886,
          1.0
        ],
        [
          33.9945,
          1.018837,
          1.0
        ],
        [
          34.0999,
          1.018822,
          1.0
        ],
        [
          34.2053,
          1.018799,
          1.0
        ],
        [
          34.3107,
          1.018785,
          1.0
        ],
        [
          34.4161,
          1.018764,
          1.0
        ],
        [
          34.5215,
          1.018749,
          1.0
        ],
        [
          34.6269,
          1.018731,
          1.0
        ],
        [
          34.7323,
          1.018715,
          1.0
        ],
        [
          34.8378,
          1.018704,
          1.0
        ],
        [
          34.9432,
          1.018687,
          1.0
        ],
        [
          35.0486,
          1.018677,
          1.0
        ],
        [
          35.154,
          1.018665,
          1.0
        ],
        [
          35.2594,
          1.01865,
          1.0
        ],
        [
          35.3648,
          1.018638,
          1.0
        ],
        [
          35.4702,
          1.01863,
          1.0
        ],
        [
          35.5756,
          1.018624,
          1.0
        ],
        [
          35.681,
          1.018612,
          1.0
        ],
        [
          35.7864,
          1.018603,
          1.0
        ],
        [
          35.8919,
          1.018596,
          1.0
        ],
        [
          35.9973,
          1.018593,
          1.0
        ],
        [
          36.1027,
          1.018587,
          1.0
        ],
        [
          36.2081,
          1.018582,
          1.0
        ],
        [
          36.3135,
          1.018573,
          1.0
        ],
        [
          36.4189,
          1.018569,
          1.0
        ],
        [
          36.5243,
          1.018566,
          1.0
        ],
        [
          36.6297,
          1.018566,
          1.0
        ],
        [
          36.7351,
          1.018552,
          1.0
        ]
      ]
    }
  }
}
