/usr/lib64/python3.11/site-packages/torch/cuda/__init__.py:61: FutureWarning: The pynvml package is deprecated. Please install nvidia-ml-py instead. If you did not install pynvml directly, please report this to the maintainers of the package that installed pynvml for you.
  import pynvml  # type: ignore[import]
--------------+--------------------------------------------
 Host IP      | 172.17.0.2
 PyTorch      | 2.7.1
 Torch-SDAA   | 3.1.1a3+gite3971b9
--------------+--------------------------------------------
 SDAA Driver  | 3.1.0 (N/A)
 SDAA Runtime | 3.1.0 (/opt/tecoai/lib64/libsdaart.so)
 SDPTI        | 1.7.0 (/opt/tecoai/lib64/libsdpti.so)
 TecoDNN      | 3.1.0 (/opt/tecoai/lib64/libtecodnn.so)
 TecoBLAS     | 3.1.0 (/opt/tecoai/lib64/libtecoblas.so)
 CustomDNN    | 3.1.0 (/opt/tecoai/lib64/libtecocustom.so)
 TecoRAND     | 3.1.0 (/opt/tecoai/lib64/libtecorand.so)
 TCCL         | 3.1.0 (/opt/tecoai/lib64/libtccl.so)
--------------+--------------------------------------------
[sphmem D=14 238x224x224] Re=100.0 u_in=0.06 nu=0.008400 tau=0.525200 dpS=0.277088
[sphmem D=14 238x224x224] solid=1419 surface=446 interior=973 (blockage 6.25%, domain 17.0D x 16.0D)
[compile_route] sphere_re100_mem[D14]: mode=None -> eager (compile_step passthrough) [sdaa-teco_inductor]
[sphmem D=14 238x224x224] step=1000 Cd_mem_surf=1.3089 Cd_mem_all=1.3312 Cd_mem_int=0.0223 (1185s)
[sphmem D=14 238x224x224] step=2000 Cd_mem_surf=1.2435 Cd_mem_all=1.2653 Cd_mem_int=0.0218 (2377s)
[sphmem D=14 238x224x224] step=3000 Cd_mem_surf=1.2170 Cd_mem_all=1.2385 Cd_mem_int=0.0215 (3395s)
[sphmem D=14 238x224x224] step=4000 Cd_mem_surf=1.2030 Cd_mem_all=1.2243 Cd_mem_int=0.0213 (4407s)
[sphmem D=14 238x224x224] === FINAL win=40 === Cd_mem_surface=1.2030 err_SN=+10.19% | Cd_mem_all=1.2243 Cd_mem_interior=0.0213 (4407s)
[sphmem] saved benchmarks/pending/sphere_re100/scan/scan_D14_L16.json
