/usr/lib64/python3.11/site-packages/torch/cuda/__init__.py:61: FutureWarning: The pynvml package is deprecated. Please install nvidia-ml-py instead. If you did not install pynvml directly, please report this to the maintainers of the package that installed pynvml for you.
  import pynvml  # type: ignore[import]
--------------+--------------------------------------------
 Host IP      | 172.17.0.2
 PyTorch      | 2.7.1
 Torch-SDAA   | 3.1.1a3+gite3971b9
--------------+--------------------------------------------
 SDAA Driver  | 3.1.0 (N/A)
 SDAA Runtime | 3.1.0 (/opt/tecoai/lib64/libsdaart.so)
 SDPTI        | 1.7.0 (/opt/tecoai/lib64/libsdpti.so)
 TecoDNN      | 3.1.0 (/opt/tecoai/lib64/libtecodnn.so)
 TecoBLAS     | 3.1.0 (/opt/tecoai/lib64/libtecoblas.so)
 CustomDNN    | 3.1.0 (/opt/tecoai/lib64/libtecocustom.so)
 TecoRAND     | 3.1.0 (/opt/tecoai/lib64/libtecorand.so)
 TCCL         | 3.1.0 (/opt/tecoai/lib64/libtccl.so)
--------------+--------------------------------------------
Traceback (most recent call last):
  File "/root/TensorLBM_feat2/benchmarks/pending/dam_break_3d_mm/run.py", line 310, in <module>
    run(
  File "/root/TensorLBM_feat2/benchmarks/pending/dam_break_3d_mm/run.py", line 160, in run
    f, fill, flags, mass, df = free_surface_step(
                               ^^^^^^^^^^^^^^^^^^
  File "/root/TensorLBM_feat2/src/tensorlbm/free_surface_lbm.py", line 1530, in free_surface_step
    plan = build_topology_transaction(
           ^^^^^^^^^^^^^^^^^^^^^^^^^^^
  File "/root/TensorLBM_feat2/src/tensorlbm/free_surface_topology_transaction.py", line 953, in build_topology_transaction
    if _os2.environ.get("TL_FS_DBG", "0").strip().lower() not in ("0", "false", "no", ""):
       ^^^^
NameError: name '_os2' is not defined. Did you mean: '_os'?
