/usr/lib64/python3.11/site-packages/torch/cuda/__init__.py:61: FutureWarning: The pynvml package is deprecated. Please install nvidia-ml-py instead. If you did not install pynvml directly, please report this to the maintainers of the package that installed pynvml for you.
  import pynvml  # type: ignore[import]
--------------+--------------------------------------------
 Host IP      | 172.17.0.2
 PyTorch      | 2.7.1
 Torch-SDAA   | 3.1.1a3+gite3971b9
--------------+--------------------------------------------
 SDAA Driver  | 3.1.0 (N/A)
 SDAA Runtime | 3.1.0 (/opt/tecoai/lib64/libsdaart.so)
 SDPTI        | 1.7.0 (/opt/tecoai/lib64/libsdpti.so)
 TecoDNN      | 3.1.0 (/opt/tecoai/lib64/libtecodnn.so)
 TecoBLAS     | 3.1.0 (/opt/tecoai/lib64/libtecoblas.so)
 CustomDNN    | 3.1.0 (/opt/tecoai/lib64/libtecocustom.so)
 TecoRAND     | 3.1.0 (/opt/tecoai/lib64/libtecorand.so)
 TCCL         | 3.1.0 (/opt/tecoai/lib64/libtccl.so)
--------------+--------------------------------------------
  st=  40 T=0.200 X=1.875 H=0.938 iface=1183 drift=-0.0001%
  st=  80 T=0.400 X=3.125 H=0.938 iface=3148 drift=-0.0002%
  st= 120 T=0.600 X=4.250 H=1.062 iface=4299 drift=-0.0263%
  st= 160 T=0.800 X=4.750 H=1.000 iface=4104 drift=-0.1155%
  st= 200 T=1.000 X=4.500 H=1.125 iface=4531 drift=-0.1652%
  st= 240 T=1.200 X=4.750 H=0.688 iface=4612 drift=-0.2650%
  st= 280 T=1.400 X=4.750 H=0.750 iface=4330 drift=-0.3091%
  st= 320 T=1.600 X=4.750 H=1.125 iface=4054 drift=-0.4094%
  st= 360 T=1.800 X=4.750 H=1.125 iface=3851 drift=-0.4413%
  st= 400 T=2.000 X=4.750 H=1.125 iface=4378 drift=-0.4573%
  st= 440 T=2.200 X=4.625 H=1.000 iface=4820 drift=-0.4817%
  st= 480 T=2.400 X=4.750 H=1.125 iface=4650 drift=-0.6605%
  st= 520 T=2.600 X=4.750 H=1.062 iface=4752 drift=-0.6652%
  st= 560 T=2.800 X=4.750 H=1.125 iface=4557 drift=-0.7293%
  st= 600 T=3.000 X=4.750 H=1.125 iface=4488 drift=-0.8221%
  st= 620 T=3.100 X=4.750 H=0.875 iface=4470 drift=-0.8397%
[a8_g1e-04_rg0.5_wmhalfway_te1e-6_ap1] T_max=3.10 elapsed=42.0s max_err=182.1% drift=-0.84% iface=335->4470 X(T=1)~4.50
