/usr/lib64/python3.11/site-packages/torch/cuda/__init__.py:61: FutureWarning: The pynvml package is deprecated. Please install nvidia-ml-py instead. If you did not install pynvml directly, please report this to the maintainers of the package that installed pynvml for you.
  import pynvml  # type: ignore[import]
--------------+--------------------------------------------
 Host IP      | 172.17.0.2
 PyTorch      | 2.7.1
 Torch-SDAA   | 3.1.1a3+gite3971b9
--------------+--------------------------------------------
 SDAA Driver  | 3.1.0 (N/A)
 SDAA Runtime | 3.1.0 (/opt/tecoai/lib64/libsdaart.so)
 SDPTI        | 1.7.0 (/opt/tecoai/lib64/libsdpti.so)
 TecoDNN      | 3.1.0 (/opt/tecoai/lib64/libtecodnn.so)
 TecoBLAS     | 3.1.0 (/opt/tecoai/lib64/libtecoblas.so)
 CustomDNN    | 3.1.0 (/opt/tecoai/lib64/libtecocustom.so)
 TecoRAND     | 3.1.0 (/opt/tecoai/lib64/libtecorand.so)
 TCCL         | 3.1.0 (/opt/tecoai/lib64/libtccl.so)
--------------+--------------------------------------------
  st=  40 T=0.200 X=1.250 H=0.938 iface=423 drift=-0.0001%
  st=  80 T=0.400 X=1.750 H=0.938 iface=799 drift=-0.0001%
  st= 120 T=0.600 X=2.125 H=0.938 iface=1378 drift=-0.0002%
  st= 160 T=0.800 X=2.875 H=0.938 iface=2001 drift=-0.0002%
  st= 200 T=1.000 X=3.500 H=0.938 iface=2627 drift=-0.0002%
  st= 240 T=1.200 X=3.875 H=0.938 iface=3328 drift=-0.0002%
  st= 280 T=1.400 X=4.375 H=0.938 iface=4014 drift=-0.0002%
  st= 320 T=1.600 X=4.750 H=0.938 iface=4497 drift=-0.0002%
  st= 360 T=1.800 X=4.750 H=0.938 iface=4570 drift=-0.0002%
  st= 400 T=2.000 X=4.750 H=0.938 iface=4644 drift=-0.0003%
  st= 440 T=2.200 X=4.750 H=0.938 iface=4812 drift=-0.0012%
  st= 480 T=2.400 X=4.750 H=0.938 iface=4958 drift=-0.0014%
  st= 520 T=2.600 X=4.750 H=0.938 iface=5082 drift=-0.0013%
  st= 560 T=2.800 X=4.625 H=0.938 iface=5254 drift=-0.0014%
  st= 600 T=3.000 X=4.625 H=1.000 iface=5434 drift=-0.0014%
  st= 620 T=3.100 X=4.500 H=1.000 iface=5508 drift=-0.0014%
[a8_g1e-04_rg0.9_wmhalfway_te1e-6_ap1] T_max=3.10 elapsed=41.8s max_err=119.4% drift=-0.00% iface=335->5508 X(T=1)~3.50
