/usr/lib64/python3.11/site-packages/torch/cuda/__init__.py:61: FutureWarning: The pynvml package is deprecated. Please install nvidia-ml-py instead. If you did not install pynvml directly, please report this to the maintainers of the package that installed pynvml for you.
  import pynvml  # type: ignore[import]
--------------+--------------------------------------------
 Host IP      | 172.17.0.2
 PyTorch      | 2.7.1
 Torch-SDAA   | 3.1.1a3+gite3971b9
--------------+--------------------------------------------
 SDAA Driver  | 3.1.0 (N/A)
 SDAA Runtime | 3.1.0 (/opt/tecoai/lib64/libsdaart.so)
 SDPTI        | 1.7.0 (/opt/tecoai/lib64/libsdpti.so)
 TecoDNN      | 3.1.0 (/opt/tecoai/lib64/libtecodnn.so)
 TecoBLAS     | 3.1.0 (/opt/tecoai/lib64/libtecoblas.so)
 CustomDNN    | 3.1.0 (/opt/tecoai/lib64/libtecocustom.so)
 TecoRAND     | 3.1.0 (/opt/tecoai/lib64/libtecorand.so)
 TCCL         | 3.1.0 (/opt/tecoai/lib64/libtccl.so)
--------------+--------------------------------------------
  st=  40 T=0.000 X=1.000 H=0.938 com=(4.50,8.00) maxY=15 wet=960 iface=335 drift=+0.000e+00
  st=  80 T=0.000 X=1.000 H=0.938 com=(4.50,8.00) maxY=15 wet=960 iface=335 drift=+0.000e+00
  st= 120 T=0.000 X=1.000 H=0.938 com=(4.50,8.00) maxY=15 wet=960 iface=335 drift=+0.000e+00
  st= 160 T=0.000 X=1.000 H=0.938 com=(4.50,8.00) maxY=15 wet=960 iface=335 drift=+0.000e+00
  st= 200 T=0.000 X=1.000 H=0.938 com=(4.50,8.00) maxY=15 wet=960 iface=335 drift=+0.000e+00
  st= 240 T=0.000 X=1.000 H=0.938 com=(4.50,8.00) maxY=15 wet=960 iface=335 drift=+0.000e+00
  st= 280 T=0.000 X=1.000 H=0.938 com=(4.50,8.00) maxY=15 wet=960 iface=335 drift=+0.000e+00
  st= 320 T=0.000 X=1.000 H=0.938 com=(4.50,8.00) maxY=15 wet=960 iface=335 drift=+0.000e+00
  st= 360 T=0.000 X=1.000 H=0.938 com=(4.50,8.00) maxY=15 wet=960 iface=335 drift=+0.000e+00
  st= 400 T=0.000 X=1.000 H=0.938 com=(4.50,8.00) maxY=15 wet=960 iface=335 drift=+0.000e+00
  st= 440 T=0.000 X=1.000 H=0.938 com=(4.50,8.00) maxY=15 wet=960 iface=335 drift=+0.000e+00
  st= 480 T=0.000 X=1.000 H=0.938 com=(4.50,8.00) maxY=15 wet=960 iface=335 drift=+0.000e+00
  st= 520 T=0.000 X=1.000 H=0.938 com=(4.50,8.00) maxY=15 wet=960 iface=335 drift=+0.000e+00
  st= 560 T=0.000 X=1.000 H=0.938 com=(4.50,8.00) maxY=15 wet=960 iface=335 drift=+0.000e+00
  st= 600 T=0.000 X=1.000 H=0.938 com=(4.50,8.00) maxY=15 wet=960 iface=335 drift=+0.000e+00
  st= 620 T=0.000 X=1.000 H=0.938 com=(4.50,8.00) maxY=15 wet=960 iface=335 drift=+0.000e+00
[probe_g0_rg1.0_ap1] elapsed=39.6s
