/usr/lib64/python3.11/site-packages/torch/cuda/__init__.py:61: FutureWarning: The pynvml package is deprecated. Please install nvidia-ml-py instead. If you did not install pynvml directly, please report this to the maintainers of the package that installed pynvml for you.
  import pynvml  # type: ignore[import]
--------------+--------------------------------------------
 Host IP      | 172.17.0.2
 PyTorch      | 2.7.1
 Torch-SDAA   | 3.1.1a3+gite3971b9
--------------+--------------------------------------------
 SDAA Driver  | 3.1.0 (N/A)
 SDAA Runtime | 3.1.0 (/opt/tecoai/lib64/libsdaart.so)
 SDPTI        | 1.7.0 (/opt/tecoai/lib64/libsdpti.so)
 TecoDNN      | 3.1.0 (/opt/tecoai/lib64/libtecodnn.so)
 TecoBLAS     | 3.1.0 (/opt/tecoai/lib64/libtecoblas.so)
 CustomDNN    | 3.1.0 (/opt/tecoai/lib64/libtecocustom.so)
 TecoRAND     | 3.1.0 (/opt/tecoai/lib64/libtecorand.so)
 TCCL         | 3.1.0 (/opt/tecoai/lib64/libtccl.so)
--------------+--------------------------------------------
  st=  20 T=0.100 X=1.375 H=0.938 iface=585 drift=+0.000e+00 fin=True
  st=  40 T=0.200 X=2.000 H=0.938 iface=1234 drift=+6.358e-08 fin=True
  st=  60 T=0.300 X=2.625 H=0.938 iface=2101 drift=-2.543e-07 fin=True
  st=  80 T=0.400 X=3.375 H=0.938 iface=3320 drift=-1.907e-07 fin=True
  st= 100 T=0.500 X=4.000 H=0.938 iface=4039 drift=+0.000e+00 fin=True
  st= 120 T=0.600 X=4.625 H=1.000 iface=4290 drift=-3.570e-04 fin=True
  st= 140 T=0.700 X=4.750 H=1.000 iface=4251 drift=-6.926e-04 fin=True
  st= 160 T=0.800 X=4.750 H=1.000 iface=4713 drift=-8.898e-04 fin=True
  st= 180 T=0.900 X=4.625 H=1.000 iface=4801 drift=-1.220e-03 fin=True
  st= 200 T=1.000 X=4.625 H=1.062 iface=5087 drift=-1.222e-03 fin=True
  st= 220 T=1.100 X=4.750 H=1.062 iface=4842 drift=-1.276e-03 fin=True
[A_eqref_rg0.1] elapsed=22.5s
