/usr/lib64/python3.11/site-packages/torch/cuda/__init__.py:61: FutureWarning: The pynvml package is deprecated. Please install nvidia-ml-py instead. If you did not install pynvml directly, please report this to the maintainers of the package that installed pynvml for you.
  import pynvml  # type: ignore[import]
--------------+--------------------------------------------
 Host IP      | 172.17.0.2
 PyTorch      | 2.7.1
 Torch-SDAA   | 3.1.1a3+gite3971b9
--------------+--------------------------------------------
 SDAA Driver  | 3.1.0 (N/A)
 SDAA Runtime | 3.1.0 (/opt/tecoai/lib64/libsdaart.so)
 SDPTI        | 1.7.0 (/opt/tecoai/lib64/libsdpti.so)
 TecoDNN      | 3.1.0 (/opt/tecoai/lib64/libtecodnn.so)
 TecoBLAS     | 3.1.0 (/opt/tecoai/lib64/libtecoblas.so)
 CustomDNN    | 3.1.0 (/opt/tecoai/lib64/libtecocustom.so)
 TecoRAND     | 3.1.0 (/opt/tecoai/lib64/libtecorand.so)
 TCCL         | 3.1.0 (/opt/tecoai/lib64/libtccl.so)
--------------+--------------------------------------------
  st=  20 T=0.100 X=1.000 H=0.938 iface=335 drift=-5.990e-02 fin=True
  st=  40 T=0.200 X=1.000 H=0.938 iface=335 drift=-1.197e-01 fin=True
  st=  60 T=0.300 X=1.000 H=0.938 iface=335 drift=-1.793e-01 fin=True
  st=  80 T=0.400 X=1.000 H=0.938 iface=335 drift=-2.382e-01 fin=True
  st= 100 T=0.500 X=1.000 H=0.938 iface=335 drift=-2.971e-01 fin=True
  st= 120 T=0.600 X=1.000 H=0.938 iface=335 drift=-3.557e-01 fin=True
  st= 140 T=0.700 X=1.000 H=0.938 iface=335 drift=-4.142e-01 fin=True
  st= 160 T=0.800 X=1.000 H=0.938 iface=335 drift=-4.726e-01 fin=True
  st= 180 T=0.900 X=1.000 H=0.938 iface=335 drift=-5.309e-01 fin=True
  st= 200 T=1.000 X=1.000 H=0.938 iface=335 drift=-5.892e-01 fin=True
  st= 220 T=1.100 X=1.000 H=0.938 iface=335 drift=-6.476e-01 fin=True
[B_redist_sumeq_rg0.975] elapsed=33.9s
