/usr/lib64/python3.11/site-packages/torch/cuda/__init__.py:61: FutureWarning: The pynvml package is deprecated. Please install nvidia-ml-py instead. If you did not install pynvml directly, please report this to the maintainers of the package that installed pynvml for you.
  import pynvml  # type: ignore[import]
--------------+--------------------------------------------
 Host IP      | 172.17.0.2
 PyTorch      | 2.7.1
 Torch-SDAA   | 3.1.1a3+gite3971b9
--------------+--------------------------------------------
 SDAA Driver  | 3.1.0 (N/A)
 SDAA Runtime | 3.1.0 (/opt/tecoai/lib64/libsdaart.so)
 SDPTI        | 1.7.0 (/opt/tecoai/lib64/libsdpti.so)
 TecoDNN      | 3.1.0 (/opt/tecoai/lib64/libtecodnn.so)
 TecoBLAS     | 3.1.0 (/opt/tecoai/lib64/libtecoblas.so)
 CustomDNN    | 3.1.0 (/opt/tecoai/lib64/libtecocustom.so)
 TecoRAND     | 3.1.0 (/opt/tecoai/lib64/libtecorand.so)
 TCCL         | 3.1.0 (/opt/tecoai/lib64/libtccl.so)
--------------+--------------------------------------------
[C_l2i_rg0.975] env: {'TL_FS_WALL_MODE': 'halfway', 'TL_FS_TOGAS_EPS': '1e-6', 'TL_FS_APRIME': '1', 'TL_FS_LIQ_TO_IFACE': '1'}
  st=  20 T=0.100 Hwet=0.938 Hms=0.938 Hliq=0.938 iface=1186 drift=+2.54e-07 fin=True
  st=  40 T=0.200 Hwet=0.938 Hms=0.938 Hliq=0.750 iface=1202 drift=+1.27e-07 fin=True
  st=  60 T=0.300 Hwet=0.938 Hms=0.938 Hliq=0.000 iface=1200 drift=+0.00e+00 fin=True
  st=  80 T=0.400 Hwet=0.938 Hms=0.938 Hliq=0.000 iface=1207 drift=+3.81e-07 fin=True
      y=16 flag=0 mass=0.0000 fill=0.0000
      y=15 flag=2 mass=0.4852 fill=0.4852
      y=14 flag=2 mass=0.9857 fill=0.9857
      y=13 flag=2 mass=0.9975 fill=0.9975
      y=12 flag=2 mass=0.9790 fill=0.9790
      y=11 flag=2 mass=0.9744 fill=0.9744
      y=10 flag=2 mass=0.9784 fill=0.9784
      y= 9 flag=2 mass=0.9772 fill=0.9772
      y= 8 flag=2 mass=0.9763 fill=0.9763
  st= 100 T=0.500 Hwet=0.938 Hms=0.938 Hliq=0.000 iface=1202 drift=+6.36e-07 fin=True
  st= 120 T=0.600 Hwet=0.938 Hms=0.938 Hliq=0.000 iface=1203 drift=+1.02e-06 fin=True
  st= 140 T=0.700 Hwet=0.938 Hms=0.938 Hliq=0.000 iface=1205 drift=+6.36e-07 fin=True
  st= 160 T=0.800 Hwet=0.938 Hms=0.938 Hliq=0.000 iface=1208 drift=+6.36e-07 fin=True
      y=16 flag=0 mass=0.0001 fill=0.0001
      y=15 flag=2 mass=0.0026 fill=0.0026
      y=14 flag=2 mass=0.8464 fill=0.8464
      y=13 flag=2 mass=0.9734 fill=0.9734
      y=12 flag=2 mass=0.9724 fill=0.9724
      y=11 flag=2 mass=0.9746 fill=0.9746
      y=10 flag=2 mass=0.9787 fill=0.9787
      y= 9 flag=2 mass=0.9776 fill=0.9776
      y= 8 flag=2 mass=0.9767 fill=0.9767
  st= 180 T=0.900 Hwet=0.938 Hms=0.938 Hliq=0.000 iface=1207 drift=+6.36e-07 fin=True
  st= 200 T=1.000 Hwet=0.938 Hms=0.938 Hliq=0.000 iface=1216 drift=+3.81e-07 fin=True
  st= 220 T=1.100 Hwet=0.938 Hms=0.938 Hliq=0.250 iface=1226 drift=+1.27e-07 fin=True
      y=16 flag=0 mass=0.0002 fill=0.0002
      y=15 flag=2 mass=0.0027 fill=0.0027
      y=14 flag=2 mass=0.5377 fill=0.5377
      y=13 flag=2 mass=0.9471 fill=0.9471
      y=12 flag=2 mass=0.9177 fill=0.9177
      y=11 flag=2 mass=0.9746 fill=0.9746
      y=10 flag=2 mass=0.9786 fill=0.9786
      y= 9 flag=2 mass=0.9775 fill=0.9775
      y= 8 flag=2 mass=0.9766 fill=0.9766
