/usr/lib64/python3.11/site-packages/torch/cuda/__init__.py:61: FutureWarning: The pynvml package is deprecated. Please install nvidia-ml-py instead. If you did not install pynvml directly, please report this to the maintainers of the package that installed pynvml for you.
  import pynvml  # type: ignore[import]
--------------+--------------------------------------------
 Host IP      | 172.17.0.2
 PyTorch      | 2.7.1
 Torch-SDAA   | 3.1.1a3+gite3971b9
--------------+--------------------------------------------
 SDAA Driver  | 3.1.0 (N/A)
 SDAA Runtime | 3.1.0 (/opt/tecoai/lib64/libsdaart.so)
 SDPTI        | 1.7.0 (/opt/tecoai/lib64/libsdpti.so)
 TecoDNN      | 3.1.0 (/opt/tecoai/lib64/libtecodnn.so)
 TecoBLAS     | 3.1.0 (/opt/tecoai/lib64/libtecoblas.so)
 CustomDNN    | 3.1.0 (/opt/tecoai/lib64/libtecocustom.so)
 TecoRAND     | 3.1.0 (/opt/tecoai/lib64/libtecorand.so)
 TCCL         | 3.1.0 (/opt/tecoai/lib64/libtccl.so)
--------------+--------------------------------------------
  st=  20 T=0.100 X=1.000 H=0.938 iface=953 drift=+2.543e-07 fin=True
  st=  40 T=0.200 X=1.000 H=0.938 iface=1110 drift=+1.272e-07 fin=True
  st=  60 T=0.300 X=1.000 H=0.938 iface=1111 drift=-4.450e-07 fin=True
  st=  80 T=0.400 X=1.000 H=0.938 iface=1127 drift=-8.901e-07 fin=True
  st= 100 T=0.500 X=1.000 H=0.938 iface=1107 drift=-3.815e-07 fin=True
  st= 120 T=0.600 X=1.000 H=0.938 iface=1089 drift=-7.629e-07 fin=True
  st= 140 T=0.700 X=1.000 H=0.938 iface=1103 drift=-5.086e-07 fin=True
  st= 160 T=0.800 X=1.125 H=0.938 iface=1092 drift=-1.272e-06 fin=True
  st= 180 T=0.900 X=1.125 H=0.938 iface=1078 drift=-1.208e-06 fin=True
  st= 200 T=1.000 X=1.125 H=0.938 iface=1087 drift=-1.399e-06 fin=True
  st= 220 T=1.100 X=1.125 H=0.938 iface=1099 drift=-7.629e-07 fin=True
[C_l2i_sumeq_rg0.99] elapsed=34.0s
