/usr/lib64/python3.11/site-packages/torch/cuda/__init__.py:61: FutureWarning: The pynvml package is deprecated. Please install nvidia-ml-py instead. If you did not install pynvml directly, please report this to the maintainers of the package that installed pynvml for you.
  import pynvml  # type: ignore[import]
--------------+--------------------------------------------
 Host IP      | 172.17.0.2
 PyTorch      | 2.7.1
 Torch-SDAA   | 3.1.1a3+gite3971b9
--------------+--------------------------------------------
 SDAA Driver  | 3.1.0 (N/A)
 SDAA Runtime | 3.1.0 (/opt/tecoai/lib64/libsdaart.so)
 SDPTI        | 1.7.0 (/opt/tecoai/lib64/libsdpti.so)
 TecoDNN      | 3.1.0 (/opt/tecoai/lib64/libtecodnn.so)
 TecoBLAS     | 3.1.0 (/opt/tecoai/lib64/libtecoblas.so)
 CustomDNN    | 3.1.0 (/opt/tecoai/lib64/libtecocustom.so)
 TecoRAND     | 3.1.0 (/opt/tecoai/lib64/libtecorand.so)
 TCCL         | 3.1.0 (/opt/tecoai/lib64/libtccl.so)
--------------+--------------------------------------------
[C_l2i_rg0.95] env: {'TL_FS_WALL_MODE': 'halfway', 'TL_FS_TOGAS_EPS': '1e-6', 'TL_FS_APRIME': '1', 'TL_FS_LIQ_TO_IFACE': '1'}
  st=  20 T=0.100 Hwet=0.938 Hms=0.938 Hliq=0.938 iface=1190 drift=-1.27e-07 fin=True
  st=  40 T=0.200 Hwet=0.938 Hms=0.938 Hliq=0.562 iface=1193 drift=-6.36e-08 fin=True
  st=  60 T=0.300 Hwet=0.938 Hms=0.938 Hliq=0.688 iface=1201 drift=+0.00e+00 fin=True
  st=  80 T=0.400 Hwet=0.938 Hms=0.938 Hliq=0.000 iface=1199 drift=-1.27e-07 fin=True
      y=16 flag=0 mass=0.0001 fill=0.0001
      y=15 flag=2 mass=0.4431 fill=0.4431
      y=14 flag=2 mass=0.9031 fill=0.9031
      y=13 flag=2 mass=0.9957 fill=0.9957
      y=12 flag=2 mass=0.9659 fill=0.9659
      y=11 flag=2 mass=0.9578 fill=0.9578
      y=10 flag=2 mass=0.9680 fill=0.9680
      y= 9 flag=2 mass=0.9745 fill=0.9745
      y= 8 flag=2 mass=0.9760 fill=0.9760
  st= 100 T=0.500 Hwet=0.938 Hms=0.938 Hliq=0.000 iface=1205 drift=-6.36e-08 fin=True
  st= 120 T=0.600 Hwet=0.938 Hms=0.938 Hliq=0.000 iface=1211 drift=+0.00e+00 fin=True
  st= 140 T=0.700 Hwet=0.938 Hms=0.938 Hliq=0.000 iface=1224 drift=+1.27e-07 fin=True
  st= 160 T=0.800 Hwet=0.938 Hms=0.938 Hliq=0.000 iface=1231 drift=+3.18e-07 fin=True
      y=16 flag=0 mass=0.0003 fill=0.0003
      y=15 flag=2 mass=0.0048 fill=0.0048
      y=14 flag=2 mass=0.5087 fill=0.5087
      y=13 flag=2 mass=0.9584 fill=0.9584
      y=12 flag=2 mass=0.9817 fill=0.9817
      y=11 flag=2 mass=0.9616 fill=0.9616
      y=10 flag=2 mass=0.9921 fill=0.9921
      y= 9 flag=2 mass=0.9785 fill=0.9785
      y= 8 flag=2 mass=0.9768 fill=0.9768
  st= 180 T=0.900 Hwet=0.938 Hms=0.938 Hliq=0.000 iface=1241 drift=+1.02e-06 fin=True
  st= 200 T=1.000 Hwet=0.938 Hms=0.938 Hliq=0.000 iface=1273 drift=+8.27e-07 fin=True
  st= 220 T=1.100 Hwet=0.938 Hms=0.938 Hliq=0.000 iface=1304 drift=+1.27e-06 fin=True
      y=16 flag=0 mass=0.0006 fill=0.0006
      y=15 flag=2 mass=0.0051 fill=0.0051
      y=14 flag=2 mass=0.0148 fill=0.0148
      y=13 flag=2 mass=0.8922 fill=0.8922
      y=12 flag=2 mass=0.9828 fill=0.9828
      y=11 flag=2 mass=0.9648 fill=0.9648
      y=10 flag=2 mass=0.9684 fill=0.9684
      y= 9 flag=2 mass=0.9828 fill=0.9828
      y= 8 flag=2 mass=0.9775 fill=0.9775
