/usr/lib64/python3.11/site-packages/torch/cuda/__init__.py:61: FutureWarning: The pynvml package is deprecated. Please install nvidia-ml-py instead. If you did not install pynvml directly, please report this to the maintainers of the package that installed pynvml for you.
  import pynvml  # type: ignore[import]
--------------+--------------------------------------------
 Host IP      | 172.17.0.2
 PyTorch      | 2.7.1
 Torch-SDAA   | 3.1.1a3+gite3971b9
--------------+--------------------------------------------
 SDAA Driver  | 3.1.0 (N/A)
 SDAA Runtime | 3.1.0 (/opt/tecoai/lib64/libsdaart.so)
 SDPTI        | 1.7.0 (/opt/tecoai/lib64/libsdpti.so)
 TecoDNN      | 3.1.0 (/opt/tecoai/lib64/libtecodnn.so)
 TecoBLAS     | 3.1.0 (/opt/tecoai/lib64/libtecoblas.so)
 CustomDNN    | 3.1.0 (/opt/tecoai/lib64/libtecocustom.so)
 TecoRAND     | 3.1.0 (/opt/tecoai/lib64/libtecorand.so)
 TCCL         | 3.1.0 (/opt/tecoai/lib64/libtccl.so)
--------------+--------------------------------------------
  st=  20 T=0.100 X=1.000 H=0.938 iface=335 drift=+2.543e-07 fin=True
  st=  40 T=0.200 X=1.125 H=0.938 iface=335 drift=-7.629e-07 fin=True
  st=  60 T=0.300 X=1.250 H=0.938 iface=381 drift=-5.086e-07 fin=True
  st=  80 T=0.400 X=1.375 H=0.938 iface=506 drift=-7.629e-07 fin=True
  st= 100 T=0.500 X=1.500 H=0.938 iface=624 drift=-6.358e-07 fin=True
  st= 120 T=0.600 X=1.625 H=0.938 iface=787 drift=-3.815e-07 fin=True
  st= 140 T=0.700 X=1.750 H=0.938 iface=930 drift=-5.086e-07 fin=True
  st= 160 T=0.800 X=2.000 H=0.938 iface=1093 drift=-7.629e-07 fin=True
  st= 180 T=0.900 X=2.125 H=0.938 iface=1246 drift=-9.537e-07 fin=True
  st= 200 T=1.000 X=2.375 H=0.938 iface=1412 drift=-9.537e-07 fin=True
  st= 220 T=1.100 X=2.500 H=0.938 iface=1599 drift=-1.017e-06 fin=True
  st= 240 T=1.200 X=2.625 H=0.938 iface=1745 drift=-1.399e-06 fin=True
  st= 260 T=1.300 X=2.875 H=0.938 iface=1895 drift=-1.589e-06 fin=True
  st= 280 T=1.400 X=3.000 H=0.938 iface=2032 drift=-2.352e-06 fin=True
  st= 300 T=1.500 X=3.125 H=0.938 iface=2193 drift=-2.098e-06 fin=True
  st= 320 T=1.600 X=3.250 H=0.938 iface=2330 drift=-2.098e-06 fin=True
  st= 340 T=1.700 X=3.375 H=0.938 iface=2495 drift=-2.352e-06 fin=True
  st= 360 T=1.800 X=3.500 H=0.938 iface=2676 drift=-1.780e-06 fin=True
  st= 380 T=1.900 X=3.625 H=1.000 iface=2866 drift=-1.971e-06 fin=True
  st= 400 T=2.000 X=3.750 H=1.000 iface=3078 drift=-1.971e-06 fin=True
[D_legacy_rg0.95] elapsed=32.3s
