/usr/lib64/python3.11/site-packages/torch/cuda/__init__.py:61: FutureWarning: The pynvml package is deprecated. Please install nvidia-ml-py instead. If you did not install pynvml directly, please report this to the maintainers of the package that installed pynvml for you.
  import pynvml  # type: ignore[import]
--------------+--------------------------------------------
 Host IP      | 172.17.0.2
 PyTorch      | 2.7.1
 Torch-SDAA   | 3.1.1a3+gite3971b9
--------------+--------------------------------------------
 SDAA Driver  | 3.1.0 (N/A)
 SDAA Runtime | 3.1.0 (/opt/tecoai/lib64/libsdaart.so)
 SDPTI        | 1.7.0 (/opt/tecoai/lib64/libsdpti.so)
 TecoDNN      | 3.1.0 (/opt/tecoai/lib64/libtecodnn.so)
 TecoBLAS     | 3.1.0 (/opt/tecoai/lib64/libtecoblas.so)
 CustomDNN    | 3.1.0 (/opt/tecoai/lib64/libtecocustom.so)
 TecoRAND     | 3.1.0 (/opt/tecoai/lib64/libtecorand.so)
 TCCL         | 3.1.0 (/opt/tecoai/lib64/libtccl.so)
--------------+--------------------------------------------
  st=  40 T=0.141 X=1.000 H=0.969 iface=2114 drift=+1.169e-06 fin=True
  st=  80 T=0.283 X=1.000 H=0.969 iface=5578 drift=+1.292e-06 fin=True
  st= 120 T=0.424 X=1.000 H=0.969 iface=12062 drift=-1.907e-06 fin=True
  st= 160 T=0.566 X=1.062 H=0.969 iface=20977 drift=-3.692e-06 fin=True
  st= 200 T=0.707 X=1.062 H=1.000 iface=31871 drift=-6.153e-06 fin=True
  st= 240 T=0.849 X=1.188 H=1.000 iface=43806 drift=-7.506e-06 fin=True
  st= 280 T=0.990 X=1.250 H=1.000 iface=52684 drift=-7.260e-06 fin=True
  st= 320 T=1.131 X=1.938 H=1.000 iface=62802 drift=-1.120e-05 fin=True
  st= 360 T=1.273 X=1.750 H=1.031 iface=68992 drift=-1.415e-05 fin=True
  st= 400 T=1.414 X=1.750 H=1.031 iface=72474 drift=-1.624e-05 fin=True
[E16_conserv_rg1.0] elapsed=181.7s
