/usr/lib64/python3.11/site-packages/torch/cuda/__init__.py:61: FutureWarning: The pynvml package is deprecated. Please install nvidia-ml-py instead. If you did not install pynvml directly, please report this to the maintainers of the package that installed pynvml for you.
  import pynvml  # type: ignore[import]
--------------+--------------------------------------------
 Host IP      | 172.17.0.2
 PyTorch      | 2.7.1
 Torch-SDAA   | 3.1.1a3+gite3971b9
--------------+--------------------------------------------
 SDAA Driver  | 3.1.0 (N/A)
 SDAA Runtime | 3.1.0 (/opt/tecoai/lib64/libsdaart.so)
 SDPTI        | 1.7.0 (/opt/tecoai/lib64/libsdpti.so)
 TecoDNN      | 3.1.0 (/opt/tecoai/lib64/libtecodnn.so)
 TecoBLAS     | 3.1.0 (/opt/tecoai/lib64/libtecoblas.so)
 CustomDNN    | 3.1.0 (/opt/tecoai/lib64/libtecocustom.so)
 TecoRAND     | 3.1.0 (/opt/tecoai/lib64/libtecorand.so)
 TCCL         | 3.1.0 (/opt/tecoai/lib64/libtccl.so)
--------------+--------------------------------------------
  st=  40 T=0.141 X=1.062 H=0.969 iface=1311 drift=+3.692e-07 fin=True
  st=  80 T=0.283 X=1.062 H=0.969 iface=1367 drift=+6.153e-07 fin=True
  st= 120 T=0.424 X=1.188 H=0.969 iface=1717 drift=+1.231e-06 fin=True
  st= 160 T=0.566 X=1.312 H=0.969 iface=2247 drift=+1.661e-06 fin=True
  st= 200 T=0.707 X=1.438 H=0.969 iface=3183 drift=+1.846e-06 fin=True
  st= 240 T=0.849 X=1.562 H=0.969 iface=4387 drift=+1.846e-06 fin=True
  st= 280 T=0.990 X=1.688 H=0.969 iface=5828 drift=+1.415e-06 fin=True
  st= 320 T=1.131 X=1.875 H=0.969 iface=7434 drift=+1.046e-06 fin=True
  st= 360 T=1.273 X=2.062 H=0.969 iface=9119 drift=+9.229e-07 fin=True
  st= 400 T=1.414 X=2.188 H=0.969 iface=10597 drift=+3.692e-07 fin=True
[E16_sumeq_rg0.975] elapsed=225.7s
