/usr/lib64/python3.11/site-packages/torch/cuda/__init__.py:61: FutureWarning: The pynvml package is deprecated. Please install nvidia-ml-py instead. If you did not install pynvml directly, please report this to the maintainers of the package that installed pynvml for you.
  import pynvml  # type: ignore[import]
--------------+--------------------------------------------
 Host IP      | 172.17.0.2
 PyTorch      | 2.7.1
 Torch-SDAA   | 3.1.1a3+gite3971b9
--------------+--------------------------------------------
 SDAA Driver  | 3.1.0 (N/A)
 SDAA Runtime | 3.1.0 (/opt/tecoai/lib64/libsdaart.so)
 SDPTI        | 1.7.0 (/opt/tecoai/lib64/libsdpti.so)
 TecoDNN      | 3.1.0 (/opt/tecoai/lib64/libtecodnn.so)
 TecoBLAS     | 3.1.0 (/opt/tecoai/lib64/libtecoblas.so)
 CustomDNN    | 3.1.0 (/opt/tecoai/lib64/libtecocustom.so)
 TecoRAND     | 3.1.0 (/opt/tecoai/lib64/libtecorand.so)
 TCCL         | 3.1.0 (/opt/tecoai/lib64/libtccl.so)
--------------+--------------------------------------------
  st=  40 T=0.200 X=1.000 H=0.938 iface=606 drift=+1.272e-07 fin=True
  st=  80 T=0.400 X=1.000 H=0.938 iface=1522 drift=+3.179e-07 fin=True
  st= 120 T=0.600 X=1.000 H=0.938 iface=2973 drift=-3.815e-07 fin=True
  st= 160 T=0.800 X=1.000 H=0.938 iface=4769 drift=-3.815e-07 fin=True
  st= 200 T=1.000 X=1.000 H=0.938 iface=6173 drift=-6.612e-06 fin=True
  st= 240 T=1.200 X=1.125 H=0.938 iface=7343 drift=-6.866e-06 fin=True
  st= 280 T=1.400 X=1.125 H=1.000 iface=7886 drift=-6.739e-06 fin=True
  st= 320 T=1.600 X=1.125 H=1.000 iface=8169 drift=-6.485e-06 fin=True
  st= 360 T=1.800 X=1.125 H=1.000 iface=8361 drift=-7.248e-06 fin=True
  st= 400 T=2.000 X=1.125 H=1.000 iface=8411 drift=-7.757e-06 fin=True
  st= 440 T=2.200 X=1.125 H=1.000 iface=8471 drift=-7.820e-06 fin=True
  st= 480 T=2.400 X=1.125 H=1.000 iface=8473 drift=-7.248e-06 fin=True
  st= 520 T=2.600 X=1.125 H=1.000 iface=8474 drift=-7.502e-06 fin=True
  st= 560 T=2.800 X=1.125 H=1.000 iface=8474 drift=-8.583e-06 fin=True
  st= 600 T=3.000 X=1.125 H=1.000 iface=8474 drift=-9.219e-06 fin=True
  st= 640 T=3.200 X=1.125 H=1.000 iface=8475 drift=-9.346e-06 fin=True
  st= 680 T=3.400 X=1.125 H=1.000 iface=8476 drift=-1.024e-05 fin=True
  st= 720 T=3.600 X=1.125 H=1.000 iface=8476 drift=-1.062e-05 fin=True
  st= 760 T=3.800 X=1.125 H=1.000 iface=8476 drift=-1.094e-05 fin=True
  st= 800 T=4.000 X=1.125 H=1.000 iface=8476 drift=-1.106e-05 fin=True
[E8_conserv_rg1.0_800] elapsed=97.2s
