/usr/lib64/python3.11/site-packages/torch/cuda/__init__.py:61: FutureWarning: The pynvml package is deprecated. Please install nvidia-ml-py instead. If you did not install pynvml directly, please report this to the maintainers of the package that installed pynvml for you.
  import pynvml  # type: ignore[import]
--------------+--------------------------------------------
 Host IP      | 172.17.0.2
 PyTorch      | 2.7.1
 Torch-SDAA   | 3.1.1a3+gite3971b9
--------------+--------------------------------------------
 SDAA Driver  | 3.1.0 (N/A)
 SDAA Runtime | 3.1.0 (/opt/tecoai/lib64/libsdaart.so)
 SDPTI        | 1.7.0 (/opt/tecoai/lib64/libsdpti.so)
 TecoDNN      | 3.1.0 (/opt/tecoai/lib64/libtecodnn.so)
 TecoBLAS     | 3.1.0 (/opt/tecoai/lib64/libtecoblas.so)
 CustomDNN    | 3.1.0 (/opt/tecoai/lib64/libtecocustom.so)
 TecoRAND     | 3.1.0 (/opt/tecoai/lib64/libtecorand.so)
 TCCL         | 3.1.0 (/opt/tecoai/lib64/libtccl.so)
--------------+--------------------------------------------
  st=  40 T=0.200 X=1.000 H=0.938 iface=4893 drift=-5.964e-05 fin=True
  st=  80 T=0.400 X=1.000 H=0.938 iface=8009 drift=-7.598e-05 fin=True
  st= 120 T=0.600 X=1.000 H=0.938 iface=8601 drift=-8.723e-05 fin=True
  st= 160 T=0.800 X=1.000 H=0.938 iface=8616 drift=-8.736e-05 fin=True
  st= 200 T=1.000 X=1.000 H=0.938 iface=8616 drift=-8.780e-05 fin=True
  st= 240 T=1.200 X=1.000 H=0.938 iface=8616 drift=-8.698e-05 fin=True
  st= 280 T=1.400 X=1.000 H=0.938 iface=8616 drift=-8.570e-05 fin=True
  st= 320 T=1.600 X=1.000 H=0.938 iface=8616 drift=-8.653e-05 fin=True
  st= 360 T=1.800 X=1.000 H=0.938 iface=8616 drift=-8.596e-05 fin=True
  st= 400 T=2.000 X=1.000 H=0.938 iface=8616 drift=-8.545e-05 fin=True
[F_conserv_rg0.99] elapsed=28.9s
