/usr/lib64/python3.11/site-packages/torch/cuda/__init__.py:61: FutureWarning: The pynvml package is deprecated. Please install nvidia-ml-py instead. If you did not install pynvml directly, please report this to the maintainers of the package that installed pynvml for you.
  import pynvml  # type: ignore[import]
--------------+--------------------------------------------
 Host IP      | 172.17.0.2
 PyTorch      | 2.7.1
 Torch-SDAA   | 3.1.1a3+gite3971b9
--------------+--------------------------------------------
 SDAA Driver  | 3.1.0 (N/A)
 SDAA Runtime | 3.1.0 (/opt/tecoai/lib64/libsdaart.so)
 SDPTI        | 1.7.0 (/opt/tecoai/lib64/libsdpti.so)
 TecoDNN      | 3.1.0 (/opt/tecoai/lib64/libtecodnn.so)
 TecoBLAS     | 3.1.0 (/opt/tecoai/lib64/libtecoblas.so)
 CustomDNN    | 3.1.0 (/opt/tecoai/lib64/libtecocustom.so)
 TecoRAND     | 3.1.0 (/opt/tecoai/lib64/libtecorand.so)
 TCCL         | 3.1.0 (/opt/tecoai/lib64/libtccl.so)
--------------+--------------------------------------------
  st=  40 T=0.200 X=1.750 H=0.938 iface=982 drift=+1.907e-07 fin=True
  st=  80 T=0.400 X=2.750 H=0.938 iface=2607 drift=-1.907e-07 fin=True
  st= 120 T=0.600 X=4.000 H=1.000 iface=3377 drift=-5.086e-07 fin=True
  st= 160 T=0.800 X=4.750 H=0.938 iface=4102 drift=+6.358e-08 fin=True
  st= 200 T=1.000 X=4.750 H=0.938 iface=4242 drift=-1.907e-07 fin=True
  st= 240 T=1.200 X=4.750 H=0.938 iface=4508 drift=-2.925e-06 fin=True
  st= 280 T=1.400 X=4.750 H=0.938 iface=4201 drift=-3.150e-04 fin=True
  st= 320 T=1.600 X=4.750 H=0.938 iface=4271 drift=-3.843e-04 fin=True
  st= 360 T=1.800 X=4.750 H=0.938 iface=4210 drift=-4.271e-04 fin=True
  st= 400 T=2.000 X=4.750 H=1.125 iface=4153 drift=-7.873e-04 fin=True
  st= 440 T=2.200 X=4.750 H=1.125 iface=4643 drift=-7.910e-04 fin=True
  st= 480 T=2.400 X=4.750 H=1.125 iface=4531 drift=-7.921e-04 fin=True
  st= 520 T=2.600 X=4.750 H=1.062 iface=4383 drift=-8.250e-04 fin=True
  st= 560 T=2.800 X=4.750 H=1.062 iface=4390 drift=-8.691e-04 fin=True
  st= 600 T=3.000 X=4.750 H=1.125 iface=4511 drift=-1.625e-03 fin=True
  st= 620 T=3.100 X=4.750 H=1.125 iface=4511 drift=-1.808e-03 fin=True
[hydrofill_rg0.1_c0] elapsed=43.3s
