/usr/lib64/python3.11/site-packages/torch/cuda/__init__.py:61: FutureWarning: The pynvml package is deprecated. Please install nvidia-ml-py instead. If you did not install pynvml directly, please report this to the maintainers of the package that installed pynvml for you.
  import pynvml  # type: ignore[import]
--------------+--------------------------------------------
 Host IP      | 172.17.0.2
 PyTorch      | 2.7.1
 Torch-SDAA   | 3.1.1a3+gite3971b9
--------------+--------------------------------------------
 SDAA Driver  | 3.1.0 (N/A)
 SDAA Runtime | 3.1.0 (/opt/tecoai/lib64/libsdaart.so)
 SDPTI        | 1.7.0 (/opt/tecoai/lib64/libsdpti.so)
 TecoDNN      | 3.1.0 (/opt/tecoai/lib64/libtecodnn.so)
 TecoBLAS     | 3.1.0 (/opt/tecoai/lib64/libtecoblas.so)
 CustomDNN    | 3.1.0 (/opt/tecoai/lib64/libtecocustom.so)
 TecoRAND     | 3.1.0 (/opt/tecoai/lib64/libtecorand.so)
 TCCL         | 3.1.0 (/opt/tecoai/lib64/libtccl.so)
--------------+--------------------------------------------
  st=  20 T=0.100 X=1.000 H=0.938 iface=1048 drift=-1.164e-02 fin=True
  st=  40 T=0.200 X=1.000 H=0.938 iface=1003 drift=-2.290e-02 fin=True
  st=  60 T=0.300 X=1.000 H=0.938 iface=985 drift=-2.842e-02 fin=True
  st=  80 T=0.400 X=1.000 H=0.938 iface=984 drift=-3.772e-02 fin=True
  st= 100 T=0.500 X=1.000 H=0.938 iface=987 drift=-4.544e-02 fin=True
  st= 120 T=0.600 X=1.000 H=0.938 iface=984 drift=-5.422e-02 fin=True
  st= 140 T=0.700 X=1.000 H=0.938 iface=971 drift=-6.267e-02 fin=True
  st= 160 T=0.800 X=1.125 H=0.938 iface=982 drift=-7.134e-02 fin=True
  st= 180 T=0.900 X=1.125 H=0.938 iface=965 drift=-7.991e-02 fin=True
  st= 200 T=1.000 X=1.125 H=0.938 iface=978 drift=-8.848e-02 fin=True
  st= 220 T=1.100 X=1.125 H=0.938 iface=959 drift=-9.712e-02 fin=True
  st= 240 T=1.200 X=1.125 H=1.000 iface=969 drift=-1.060e-01 fin=True
  st= 260 T=1.300 X=1.125 H=1.000 iface=960 drift=-1.147e-01 fin=True
  st= 280 T=1.400 X=1.125 H=1.000 iface=963 drift=-1.236e-01 fin=True
  st= 300 T=1.500 X=1.125 H=1.000 iface=950 drift=-1.326e-01 fin=True
  st= 320 T=1.600 X=1.125 H=1.000 iface=969 drift=-1.418e-01 fin=True
  st= 340 T=1.700 X=1.125 H=1.000 iface=993 drift=-1.524e-01 fin=True
  st= 360 T=1.800 X=1.125 H=1.000 iface=972 drift=-1.630e-01 fin=True
  st= 380 T=1.900 X=1.125 H=1.000 iface=981 drift=-1.741e-01 fin=True
  st= 400 T=2.000 X=1.125 H=1.062 iface=985 drift=-1.849e-01 fin=True
[l2i_gas_rg0.995] elapsed=25.4s
