/usr/lib64/python3.11/site-packages/torch/cuda/__init__.py:61: FutureWarning: The pynvml package is deprecated. Please install nvidia-ml-py instead. If you did not install pynvml directly, please report this to the maintainers of the package that installed pynvml for you.
  import pynvml  # type: ignore[import]
--------------+--------------------------------------------
 Host IP      | 172.17.0.2
 PyTorch      | 2.7.1
 Torch-SDAA   | 3.1.1a3+gite3971b9
--------------+--------------------------------------------
 SDAA Driver  | 3.1.0 (N/A)
 SDAA Runtime | 3.1.0 (/opt/tecoai/lib64/libsdaart.so)
 SDPTI        | 1.7.0 (/opt/tecoai/lib64/libsdpti.so)
 TecoDNN      | 3.1.0 (/opt/tecoai/lib64/libtecodnn.so)
 TecoBLAS     | 3.1.0 (/opt/tecoai/lib64/libtecoblas.so)
 CustomDNN    | 3.1.0 (/opt/tecoai/lib64/libtecocustom.so)
 TecoRAND     | 3.1.0 (/opt/tecoai/lib64/libtecorand.so)
 TCCL         | 3.1.0 (/opt/tecoai/lib64/libtccl.so)
--------------+--------------------------------------------
[SDAA:2 C3 bare_hull L=160] nx=300 ny=120 nz=120 L=160 D=18.670 u_in=0.06 nu=9.600000e-03 tau=0.528800 Cs=0.05 dpS=1.689202e+01 Cd_ref=0.041995 ref=Blasius Cf=1.328/sqrt(Re)=0.041995
[SDAA:2 C3 bare_hull L=160] solid=34995 L/D=8.57 solid_frac=0.81% (0.6s)
[SDAA:2 C3 bare_hull L=160] near-wall=7630
[SDAA:2 C3 bare_hull L=160] bow nx_n mean=-0.1448 (expect < 0)
[SDAA:2 C3 bare_hull L=160] stern nx_n mean=0.1937 (expect > 0)
[SDAA:2 C3 bare_hull L=160] init done (1.7s) mass=4320000.0
[SDAA:2 C3 bare_hull L=160] step=500 Cd_p=0.020524 Cd_f=0.098339 Cd_tot=0.118862 Cl=-0.000021 (258s)
[SDAA:2 C3 bare_hull L=160] step=1000 Cd_p=0.008603 Cd_f=0.056947 Cd_tot=0.065550 Cl=-0.000008 (515s)
[SDAA:2 C3 bare_hull L=160] step=1500 Cd_p=0.008292 Cd_f=0.049912 Cd_tot=0.058203 Cl=-0.000009 (772s)
[SDAA:2 C3 bare_hull L=160] step=2000 Cd_p=0.008181 Cd_f=0.047090 Cd_tot=0.055271 Cl=-0.000001 (1029s)
[SDAA:2 C3 bare_hull L=160] step=2500 Cd_p=0.008184 Cd_f=0.045823 Cd_tot=0.054007 Cl=-0.000001 (1286s)
[SDAA:2 C3 bare_hull L=160] step=3000 Cd_p=0.008190 Cd_f=0.045250 Cd_tot=0.053440 Cl=-0.000004 (1542s)
[SDAA:2 C3 bare_hull L=160] step=3500 Cd_p=0.008176 Cd_f=0.044970 Cd_tot=0.053146 Cl=0.000000 (1798s)
[SDAA:2 C3 bare_hull L=160] step=4000 Cd_p=0.008179 Cd_f=0.044828 Cd_tot=0.053007 Cl=-0.000008 (2054s)
[SDAA:2 C3 bare_hull L=160] step=4500 Cd_p=0.008152 Cd_f=0.044753 Cd_tot=0.052904 Cl=-0.000001 (2310s)
[SDAA:2 C3 bare_hull L=160] step=5000 Cd_p=0.008199 Cd_f=0.044719 Cd_tot=0.052918 Cl=-0.000010 (2566s)
[SDAA:2 C3 bare_hull L=160] step=5500 Cd_p=0.008131 Cd_f=0.044700 Cd_tot=0.052831 Cl=-0.000001 (2821s)
[SDAA:2 C3 bare_hull L=160] step=6000 Cd_p=0.008137 Cd_f=0.044676 Cd_tot=0.052814 Cl=-0.000010 (3076s)
[SDAA:2 C3 bare_hull L=160] step=6500 Cd_p=0.008117 Cd_f=0.044665 Cd_tot=0.052783 Cl=-0.000001 (3331s)
[SDAA:2 C3 bare_hull L=160] step=7000 Cd_p=0.008131 Cd_f=0.044658 Cd_tot=0.052789 Cl=-0.000010 (3586s)
[SDAA:2 C3 bare_hull L=160] step=7500 Cd_p=0.008114 Cd_f=0.044653 Cd_tot=0.052767 Cl=-0.000001 (3842s)
[SDAA:2 C3 bare_hull L=160] step=8000 Cd_p=0.008129 Cd_f=0.044650 Cd_tot=0.052779 Cl=-0.000010 (4096s)
[SDAA:2 C3 bare_hull L=160] step=8500 Cd_p=0.008113 Cd_f=0.044648 Cd_tot=0.052762 Cl=-0.000002 (4351s)
[SDAA:2 C3 bare_hull L=160] step=9000 Cd_p=0.008128 Cd_f=0.044647 Cd_tot=0.052775 Cl=-0.000009 (4606s)
[SDAA:2 C3 bare_hull L=160] step=9500 Cd_p=0.008114 Cd_f=0.044647 Cd_tot=0.052760 Cl=-0.000002 (4861s)
[SDAA:2 C3 bare_hull L=160] step=10000 Cd_p=0.008127 Cd_f=0.044646 Cd_tot=0.052774 Cl=-0.000009 (5115s)

[SDAA:2 C3 bare_hull L=160] === FINAL (Cd_ref=0.041995) ===
[SDAA:2 C3 bare_hull L=160] Cd_p   = 0.008131
[SDAA:2 C3 bare_hull L=160] Cd_f   = 0.044700
[SDAA:2 C3 bare_hull L=160] Cd_tot = 0.052831
[SDAA:2 C3 bare_hull L=160] Cl     = -0.000001
[SDAA:2 C3 bare_hull L=160] St     = 3.111630
[SDAA:2 C3 bare_hull L=160] err    = 25.8%  time=5115s
[SDAA:2 C3 bare_hull L=160] saved to results_suboff_appendage/case3_L160.json
