/usr/lib64/python3.11/site-packages/torch/cuda/__init__.py:61: FutureWarning: The pynvml package is deprecated. Please install nvidia-ml-py instead. If you did not install pynvml directly, please report this to the maintainers of the package that installed pynvml for you.
  import pynvml  # type: ignore[import]
--------------+--------------------------------------------
 Host IP      | 172.17.0.2
 PyTorch      | 2.7.1
 Torch-SDAA   | 3.1.1a3+gite3971b9
--------------+--------------------------------------------
 SDAA Driver  | 3.1.0 (N/A)
 SDAA Runtime | 3.1.0 (/opt/tecoai/lib64/libsdaart.so)
 SDPTI        | 1.7.0 (/opt/tecoai/lib64/libsdpti.so)
 TecoDNN      | 3.1.0 (/opt/tecoai/lib64/libtecodnn.so)
 TecoBLAS     | 3.1.0 (/opt/tecoai/lib64/libtecoblas.so)
 CustomDNN    | 3.1.0 (/opt/tecoai/lib64/libtecocustom.so)
 TecoRAND     | 3.1.0 (/opt/tecoai/lib64/libtecorand.so)
 TCCL         | 3.1.0 (/opt/tecoai/lib64/libtccl.so)
--------------+--------------------------------------------
[SDAA:0 C1 with_sail L=80] nx=200 ny=80 nz=80 L=80 D=9.335 u_in=0.06 nu=4.800000e-03 tau=0.514400 Cs=0.05 dpS=4.223004e+00 Cd_ref=0.046000 ref=AFF-3 Cd≈0.046 (sail adds ~10% drag)
[SDAA:0 C1 with_sail L=80] solid=4434 L/D=8.57 solid_frac=0.35% (0.5s)
[SDAA:0 C1 with_sail L=80] near-wall=2062
[SDAA:0 C1 with_sail L=80] bow nx_n mean=-0.1419 (expect < 0)
[SDAA:0 C1 with_sail L=80] stern nx_n mean=0.1919 (expect > 0)
[SDAA:0 C1 with_sail L=80] init done (0.8s) mass=1280000.0
[SDAA:0 C1 with_sail L=80] step=500 Cd_p=0.013632 Cd_f=0.072921 Cd_tot=0.086553 Cl=-0.000010 (81s)
[SDAA:0 C1 with_sail L=80] step=1000 Cd_p=0.007193 Cd_f=0.046606 Cd_tot=0.053799 Cl=-0.000010 (161s)
[SDAA:0 C1 with_sail L=80] step=1500 Cd_p=0.006975 Cd_f=0.042036 Cd_tot=0.049010 Cl=-0.000005 (241s)
[SDAA:0 C1 with_sail L=80] step=2000 Cd_p=0.006970 Cd_f=0.040599 Cd_tot=0.047570 Cl=-0.000006 (321s)
[SDAA:0 C1 with_sail L=80] step=2500 Cd_p=0.006946 Cd_f=0.040139 Cd_tot=0.047085 Cl=-0.000009 (401s)
[SDAA:0 C1 with_sail L=80] step=3000 Cd_p=0.006917 Cd_f=0.039972 Cd_tot=0.046889 Cl=-0.000009 (482s)
[SDAA:0 C1 with_sail L=80] step=3500 Cd_p=0.006904 Cd_f=0.039907 Cd_tot=0.046811 Cl=-0.000010 (562s)
[SDAA:0 C1 with_sail L=80] step=4000 Cd_p=0.006878 Cd_f=0.039875 Cd_tot=0.046753 Cl=-0.000009 (642s)
[SDAA:0 C1 with_sail L=80] step=4500 Cd_p=0.006872 Cd_f=0.039858 Cd_tot=0.046730 Cl=-0.000010 (722s)
[SDAA:0 C1 with_sail L=80] step=5000 Cd_p=0.006871 Cd_f=0.039849 Cd_tot=0.046721 Cl=-0.000009 (802s)
[SDAA:0 C1 with_sail L=80] step=5500 Cd_p=0.006868 Cd_f=0.039845 Cd_tot=0.046713 Cl=-0.000010 (883s)
[SDAA:0 C1 with_sail L=80] step=6000 Cd_p=0.006870 Cd_f=0.039843 Cd_tot=0.046713 Cl=-0.000009 (963s)
[SDAA:0 C1 with_sail L=80] step=6500 Cd_p=0.006868 Cd_f=0.039842 Cd_tot=0.046709 Cl=-0.000010 (1043s)
[SDAA:0 C1 with_sail L=80] step=7000 Cd_p=0.006870 Cd_f=0.039841 Cd_tot=0.046711 Cl=-0.000009 (1124s)
[SDAA:0 C1 with_sail L=80] step=7500 Cd_p=0.006868 Cd_f=0.039841 Cd_tot=0.046709 Cl=-0.000010 (1204s)
[SDAA:0 C1 with_sail L=80] step=8000 Cd_p=0.006870 Cd_f=0.039841 Cd_tot=0.046711 Cl=-0.000009 (1285s)
[SDAA:0 C1 with_sail L=80] step=8500 Cd_p=0.006868 Cd_f=0.039841 Cd_tot=0.046709 Cl=-0.000010 (1365s)
[SDAA:0 C1 with_sail L=80] step=9000 Cd_p=0.006870 Cd_f=0.039841 Cd_tot=0.046710 Cl=-0.000009 (1445s)
[SDAA:0 C1 with_sail L=80] step=9500 Cd_p=0.006868 Cd_f=0.039841 Cd_tot=0.046709 Cl=-0.000010 (1526s)
[SDAA:0 C1 with_sail L=80] step=10000 Cd_p=0.006870 Cd_f=0.039841 Cd_tot=0.046710 Cl=-0.000009 (1606s)

[SDAA:0 C1 with_sail L=80] === FINAL (Cd_ref=0.046000) ===
[SDAA:0 C1 with_sail L=80] Cd_p   = 0.006868
[SDAA:0 C1 with_sail L=80] Cd_f   = 0.039845
[SDAA:0 C1 with_sail L=80] Cd_tot = 0.046713
[SDAA:0 C1 with_sail L=80] Cl     = -0.000010
[SDAA:0 C1 with_sail L=80] St     = 2.333722
[SDAA:0 C1 with_sail L=80] err    = 1.5%  time=1606s
[SDAA:0 C1 with_sail L=80] saved to results_suboff_appendage/case1_with_sail.json
