/usr/lib64/python3.11/site-packages/torch/cuda/__init__.py:61: FutureWarning: The pynvml package is deprecated. Please install nvidia-ml-py instead. If you did not install pynvml directly, please report this to the maintainers of the package that installed pynvml for you.
  import pynvml  # type: ignore[import]
--------------+--------------------------------------------
 Host IP      | 172.17.0.2
 PyTorch      | 2.7.1
 Torch-SDAA   | 3.1.1a3+gite3971b9
--------------+--------------------------------------------
 SDAA Driver  | 3.1.0 (N/A)
 SDAA Runtime | 3.1.0 (/opt/tecoai/lib64/libsdaart.so)
 SDPTI        | 1.7.0 (/opt/tecoai/lib64/libsdpti.so)
 TecoDNN      | 3.1.0 (/opt/tecoai/lib64/libtecodnn.so)
 TecoBLAS     | 3.1.0 (/opt/tecoai/lib64/libtecoblas.so)
 CustomDNN    | 3.1.0 (/opt/tecoai/lib64/libtecocustom.so)
 TecoRAND     | 3.1.0 (/opt/tecoai/lib64/libtecorand.so)
 TCCL         | 3.1.0 (/opt/tecoai/lib64/libtccl.so)
--------------+--------------------------------------------
[cyl3d D=20 320x320x4] Re=40.0 u_in=0.08 nu=0.040000 tau=0.620000
[cyl3d D=20 320x320x4] near=240 faces=336 ratio=1.4000 q_smooth mean=0.4935 min=0.0500 max=1.0000
[cyl3d D=20 320x320x4] init done (1s)
[cyl3d D=20 320x320x4] step=2500 Cd_p=1.1049 standard=0.3941 lagrange=0.3894 faces=0.3652 mix50=0.3797 bfl_smooth=0.5414 bfl_lag_exact=0.5368 (121s)
[cyl3d D=20 320x320x4] step=5000 Cd_p=1.0728 standard=0.3672 lagrange=0.3629 faces=0.3382 mix50=0.3527 bfl_smooth=0.5001 bfl_lag_exact=0.4957 (246s)
[cyl3d D=20 320x320x4] step=7500 Cd_p=1.0586 standard=0.3570 lagrange=0.3530 faces=0.3280 mix50=0.3425 bfl_smooth=0.4846 bfl_lag_exact=0.4803 (383s)
