/usr/lib64/python3.11/site-packages/torch/cuda/__init__.py:61: FutureWarning: The pynvml package is deprecated. Please install nvidia-ml-py instead. If you did not install pynvml directly, please report this to the maintainers of the package that installed pynvml for you.
  import pynvml  # type: ignore[import]
--------------+--------------------------------------------
 Host IP      | 172.17.0.2
 PyTorch      | 2.7.1
 Torch-SDAA   | 3.1.1a3+gite3971b9
--------------+--------------------------------------------
 SDAA Driver  | 3.1.0 (N/A)
 SDAA Runtime | 3.1.0 (/opt/tecoai/lib64/libsdaart.so)
 SDPTI        | 1.7.0 (/opt/tecoai/lib64/libsdpti.so)
 TecoDNN      | 3.1.0 (/opt/tecoai/lib64/libtecodnn.so)
 TecoBLAS     | 3.1.0 (/opt/tecoai/lib64/libtecoblas.so)
 CustomDNN    | 3.1.0 (/opt/tecoai/lib64/libtecocustom.so)
 TecoRAND     | 3.1.0 (/opt/tecoai/lib64/libtecorand.so)
 TCCL         | 3.1.0 (/opt/tecoai/lib64/libtccl.so)
--------------+--------------------------------------------
[setup] D=16 domain=(176, 80, 80) cells=1126400 solid=2103 near=714 tau=0.5240 u_lb=0.0500
[compile_route] probe_sphere_re100[D16]: mode=None -> eager (compile_step passthrough) [sdaa-teco_inductor]
[cv] frac=0.25 m=2 x[30,51) y[30,51) z[30,51) cells=9261
[cv] frac=0.5 m=4 x[28,53) y[28,53) z[28,53) cells=15625
[cv] frac=0.75 m=6 x[26,55) y[26,55) z[26,55) cells=24389
[cv] frac=1.0 m=8 x[24,57) y[24,57) z[24,57) cells=35937
[mon] step=500 Cd(p+f std)=0.83176 err_SN=-23.81%
[mon] step=1000 Cd(p+f std)=0.82924 err_SN=-24.04%
[mon] step=1500 Cd(p+f std)=0.81411 err_SN=-25.43%
[mon] step=2000 Cd(p+f std)=0.80754 err_SN=-26.03%
[mon] step=2500 Cd(p+f std)=0.80500 err_SN=-26.26%
[mon] step=3000 Cd(p+f std)=0.80225 err_SN=-26.52%
[mon] step=3500 Cd(p+f std)=0.80204 err_SN=-26.54%
[mon] step=4000 Cd(p+f std)=0.80071 err_SN=-26.66%
[mon] step=4500 Cd(p+f std)=0.80050 err_SN=-26.68%
[mon] step=5000 Cd(p+f std)=0.80021 err_SN=-26.70%
[run] 5000 steps in 597s (119.4 ms/step)
[cov] frac=0.25 force_x=3.080338e-01  Cd_cov=1.2256
[cov] frac=0.5 force_x=3.080265e-01  Cd_cov=1.2256
[cov] frac=0.75 force_x=3.080166e-01  Cd_cov=1.2256
[cov] frac=1.0 force_x=3.080024e-01  Cd_cov=1.2255

=== final-field pressure/friction sweep (extrap=none) ===
  p0=near_wall   cd_p=0.5150 Std=0.2852 Faces=0.3262 mix50=0.3057 bfl(=.5std)=0.5532 lag=0.2787
      tot(standard) = 0.8002  err_SN=-26.70%  err_CGW=-26.38%
      tot(faces) = 0.8412  err_SN=-22.95%  err_CGW=-22.62%
      tot(mix50) = 0.8207  err_SN=-24.83%  err_CGW=-24.50%
  p0=far_field   cd_p=0.5150 Std=0.2852 Faces=0.3262 mix50=0.3057 bfl(=.5std)=0.5532 lag=0.2787
      tot(standard) = 0.8002  err_SN=-26.70%  err_CGW=-26.38%
      tot(faces) = 0.8412  err_SN=-22.95%  err_CGW=-22.62%
      tot(mix50) = 0.8207  err_SN=-24.83%  err_CGW=-24.50%
  p0=domain_avg  cd_p=0.5150 Std=0.2852 Faces=0.3262 mix50=0.3057 bfl(=.5std)=0.5532 lag=0.2787
      tot(standard) = 0.8002  err_SN=-26.70%  err_CGW=-26.38%
      tot(faces) = 0.8412  err_SN=-22.95%  err_CGW=-22.62%
      tot(mix50) = 0.8207  err_SN=-24.83%  err_CGW=-24.50%
  p0=inlet       cd_p=0.5150 Std=0.2852 Faces=0.3262 mix50=0.3057 bfl(=.5std)=0.5532 lag=0.2787
      tot(standard) = 0.8002  err_SN=-26.70%  err_CGW=-26.38%
      tot(faces) = 0.8412  err_SN=-22.95%  err_CGW=-22.62%
      tot(mix50) = 0.8207  err_SN=-24.83%  err_CGW=-24.50%
{
 "D": 16,
 "domain": [
  176,
  80,
  80
 ],
 "pad": [
  2.0,
  8.0,
  2.0,
  2.0,
  2.0,
  2.0
 ],
 "u_lb": 0.05,
 "nu_lb": 0.008,
 "tau": 0.524,
 "steps": 5000,
 "Cd_cov": 1.2255592474523358,
 "cov_force": [
  0.3080166342668235,
  -7.930714637041091e-05,
  -7.901890203356742e-05
 ],
 "Cd_cov_by_frac": {
  "0.25": 1.2256275341510154,
  "0.5": 1.2255986518482653,
  "0.75": 1.2255592474523358,
  "1.0": 1.2255026927300627
 },
 "cd_trace": [
  [
   500,
   0.83176
  ],
  [
   1000,
   0.82924
  ],
  [
   1500,
   0.81411
  ],
  [
   2000,
   0.80754
  ],
  [
   2500,
   0.805
  ],
  [
   3000,
   0.80225
  ],
  [
   3500,
   0.80204
  ],
  [
   4000,
   0.80071
  ],
  [
   4500,
   0.8005
  ],
  [
   5000,
   0.80021
  ]
 ],
 "cd_pressure_by_p0": {
  "near_wall": 0.515010789428915,
  "far_field": 0.515010789428915,
  "domain_avg": 0.515010789428915,
  "inlet": 0.515010789428915
 },
 "cd_friction": {
  "near_wall": {
   "standard": 0.28520130783524855,
   "faces": 0.32617363831459806,
   "mix50": 0.3056874730749233,
   "bfl": 0.5532420025401863,
   "lagrange": 0.2787254347284302
  },
  "far_field": {
   "standard": 0.28520130783524855,
   "faces": 0.32617363831459806,
   "mix50": 0.3056874730749233,
   "bfl": 0.5532420025401863,
   "lagrange": 0.2787254347284302
  },
  "domain_avg": {
   "standard": 0.28520130783524855,
   "faces": 0.32617363831459806,
   "mix50": 0.3056874730749233,
   "bfl": 0.5532420025401863,
   "lagrange": 0.2787254347284302
  },
  "inlet": {
   "standard": 0.28520130783524855,
   "faces": 0.32617363831459806,
   "mix50": 0.3056874730749233,
   "bfl": 0.5532420025401863,
   "lagrange": 0.2787254347284302
  }
 },
 "ref_SN": 1.0917310910948732,
 "ref_CGW": 1.0870171641572397,
 "ms_per_step": 119.4471631526947
}
