/usr/lib64/python3.11/site-packages/torch/cuda/__init__.py:61: FutureWarning: The pynvml package is deprecated. Please install nvidia-ml-py instead. If you did not install pynvml directly, please report this to the maintainers of the package that installed pynvml for you.
  import pynvml  # type: ignore[import]
--------------+--------------------------------------------
 Host IP      | 172.17.0.2
 PyTorch      | 2.7.1
 Torch-SDAA   | 3.1.1a3+gite3971b9
--------------+--------------------------------------------
 SDAA Driver  | 3.1.0 (N/A)
 SDAA Runtime | 3.1.0 (/opt/tecoai/lib64/libsdaart.so)
 SDPTI        | 1.7.0 (/opt/tecoai/lib64/libsdpti.so)
 TecoDNN      | 3.1.0 (/opt/tecoai/lib64/libtecodnn.so)
 TecoBLAS     | 3.1.0 (/opt/tecoai/lib64/libtecoblas.so)
 CustomDNN    | 3.1.0 (/opt/tecoai/lib64/libtecocustom.so)
 TecoRAND     | 3.1.0 (/opt/tecoai/lib64/libtecorand.so)
 TCCL         | 3.1.0 (/opt/tecoai/lib64/libtccl.so)
--------------+--------------------------------------------
[setup] D=20 domain=(140, 100, 100) cells=1400000 solid=4139 near=1118 tau=0.5300 u_lb=0.0500
[compile_route] probe_sphere_re100[D20]: mode=None -> eager (compile_step passthrough) [sdaa-teco_inductor]
[cv] frac=0.25 m=2 x[38,63) y[38,63) z[38,63) cells=15625
[cv] frac=0.5 m=5 x[35,66) y[35,66) z[35,66) cells=29791
[cv] frac=0.75 m=8 x[32,69) y[32,69) z[32,69) cells=50653
[cv] frac=1.0 m=10 x[30,71) y[30,71) z[30,71) cells=68921
[mon] step=500 Cd(p+f std)=0.87627 err_SN=-19.74%
[mon] step=1000 Cd(p+f std)=0.84880 err_SN=-22.25%
[mon] step=1500 Cd(p+f std)=0.83043 err_SN=-23.93%
[mon] step=2000 Cd(p+f std)=0.81921 err_SN=-24.96%
[mon] step=2500 Cd(p+f std)=0.81519 err_SN=-25.33%
[mon] step=3000 Cd(p+f std)=0.81051 err_SN=-25.76%
[mon] step=3500 Cd(p+f std)=0.81021 err_SN=-25.79%
[mon] step=4000 Cd(p+f std)=0.80798 err_SN=-25.99%
[mon] step=4500 Cd(p+f std)=0.80873 err_SN=-25.92%
[mon] step=5000 Cd(p+f std)=0.80708 err_SN=-26.07%
[run] 5000 steps in 1814s (362.8 ms/step)
[cov] frac=0.25 force_x=4.754629e-01  Cd_cov=1.2108
[cov] frac=0.5 force_x=4.754468e-01  Cd_cov=1.2107
[cov] frac=0.75 force_x=4.754227e-01  Cd_cov=1.2107
[cov] frac=1.0 force_x=4.754008e-01  Cd_cov=1.2106

=== final-field pressure/friction sweep (extrap=none) ===
  p0=near_wall   cd_p=0.5100 Std=0.2971 Faces=0.3375 mix50=0.3173 bfl(=.5std)=0.5973 lag=0.2892
      tot(standard) = 0.8071  err_SN=-26.07%  err_CGW=-25.75%
      tot(faces) = 0.8475  err_SN=-22.37%  err_CGW=-22.03%
      tot(mix50) = 0.8273  err_SN=-24.22%  err_CGW=-23.89%
  p0=far_field   cd_p=0.5100 Std=0.2971 Faces=0.3375 mix50=0.3173 bfl(=.5std)=0.5973 lag=0.2892
      tot(standard) = 0.8071  err_SN=-26.07%  err_CGW=-25.75%
      tot(faces) = 0.8475  err_SN=-22.37%  err_CGW=-22.03%
      tot(mix50) = 0.8273  err_SN=-24.22%  err_CGW=-23.89%
  p0=domain_avg  cd_p=0.5100 Std=0.2971 Faces=0.3375 mix50=0.3173 bfl(=.5std)=0.5973 lag=0.2892
      tot(standard) = 0.8071  err_SN=-26.07%  err_CGW=-25.75%
      tot(faces) = 0.8475  err_SN=-22.37%  err_CGW=-22.03%
      tot(mix50) = 0.8273  err_SN=-24.22%  err_CGW=-23.89%
  p0=inlet       cd_p=0.5100 Std=0.2971 Faces=0.3375 mix50=0.3173 bfl(=.5std)=0.5973 lag=0.2892
      tot(standard) = 0.8071  err_SN=-26.07%  err_CGW=-25.75%
      tot(faces) = 0.8475  err_SN=-22.37%  err_CGW=-22.03%
      tot(mix50) = 0.8273  err_SN=-24.22%  err_CGW=-23.89%
{
 "D": 20,
 "domain": [
  140,
  100,
  100
 ],
 "pad": [
  2.0,
  4.0,
  2.0,
  2.0,
  2.0,
  2.0
 ],
 "u_lb": 0.05,
 "nu_lb": 0.009999999999999998,
 "tau": 0.53,
 "steps": 5000,
 "Cd_cov": 1.21065387771987,
 "cov_force": [
  0.4754226660355926,
  -9.578000754117966e-05,
  -9.608659893274307e-05
 ],
 "Cd_cov_by_frac": {
  "0.25": 1.210756315379222,
  "0.5": 1.2107153361414766,
  "0.75": 1.21065387771987,
  "1.0": 1.2105983029844827
 },
 "cd_trace": [
  [
   500,
   0.87627
  ],
  [
   1000,
   0.8488
  ],
  [
   1500,
   0.83043
  ],
  [
   2000,
   0.81921
  ],
  [
   2500,
   0.81519
  ],
  [
   3000,
   0.81051
  ],
  [
   3500,
   0.81021
  ],
  [
   4000,
   0.80798
  ],
  [
   4500,
   0.80873
  ],
  [
   5000,
   0.80708
  ]
 ],
 "cd_pressure_by_p0": {
  "near_wall": 0.5099813867483564,
  "far_field": 0.5099814626393472,
  "domain_avg": 0.5099814246938518,
  "inlet": 0.5099814246938518
 },
 "cd_friction": {
  "near_wall": {
   "standard": 0.2970954324582172,
   "faces": 0.3375211213167901,
   "mix50": 0.3173082768875036,
   "bfl": 0.5972803871510034,
   "lagrange": 0.2891813871306619
  },
  "far_field": {
   "standard": 0.2970954324582172,
   "faces": 0.3375211213167901,
   "mix50": 0.3173082768875036,
   "bfl": 0.5972803871510034,
   "lagrange": 0.2891813871306619
  },
  "domain_avg": {
   "standard": 0.2970954324582172,
   "faces": 0.3375211213167901,
   "mix50": 0.3173082768875036,
   "bfl": 0.5972803871510034,
   "lagrange": 0.2891813871306619
  },
  "inlet": {
   "standard": 0.2970954324582172,
   "faces": 0.3375211213167901,
   "mix50": 0.3173082768875036,
   "bfl": 0.5972803871510034,
   "lagrange": 0.2891813871306619
  }
 },
 "ref_SN": 1.0917310910948732,
 "ref_CGW": 1.0870171641572397,
 "ms_per_step": 362.80152158737184
}
