/usr/lib64/python3.11/site-packages/torch/cuda/__init__.py:61: FutureWarning: The pynvml package is deprecated. Please install nvidia-ml-py instead. If you did not install pynvml directly, please report this to the maintainers of the package that installed pynvml for you.
  import pynvml  # type: ignore[import]
--------------+--------------------------------------------
 Host IP      | 172.17.0.2
 PyTorch      | 2.7.1
 Torch-SDAA   | 3.1.1a3+gite3971b9
--------------+--------------------------------------------
 SDAA Driver  | 3.1.0 (N/A)
 SDAA Runtime | 3.1.0 (/opt/tecoai/lib64/libsdaart.so)
 SDPTI        | 1.7.0 (/opt/tecoai/lib64/libsdpti.so)
 TecoDNN      | 3.1.0 (/opt/tecoai/lib64/libtecodnn.so)
 TecoBLAS     | 3.1.0 (/opt/tecoai/lib64/libtecoblas.so)
 CustomDNN    | 3.1.0 (/opt/tecoai/lib64/libtecocustom.so)
 TecoRAND     | 3.1.0 (/opt/tecoai/lib64/libtecorand.so)
 TCCL         | 3.1.0 (/opt/tecoai/lib64/libtccl.so)
--------------+--------------------------------------------
[setup] D=16 domain=(112, 80, 80) cells=716800 solid=2103 near=714 tau=0.5240 u_lb=0.0500
[compile_route] probe_sphere_re100[D16]: mode=None -> eager (compile_step passthrough) [sdaa-teco_inductor]
[cv] frac=0.25 m=2 x[30,51) y[30,51) z[30,51) cells=9261
[cv] frac=0.5 m=4 x[28,53) y[28,53) z[28,53) cells=15625
[cv] frac=0.75 m=6 x[26,55) y[26,55) z[26,55) cells=24389
[cv] frac=1.0 m=8 x[24,57) y[24,57) z[24,57) cells=35937
[mon] step=500 Cd(p+f std)=0.84919 err_SN=-22.22%
[mon] step=1000 Cd(p+f std)=0.82900 err_SN=-24.07%
[mon] step=1500 Cd(p+f std)=0.81117 err_SN=-25.70%
[mon] step=2000 Cd(p+f std)=0.80581 err_SN=-26.19%
[mon] step=2500 Cd(p+f std)=0.79964 err_SN=-26.75%
[mon] step=3000 Cd(p+f std)=0.80011 err_SN=-26.71%
[mon] step=3500 Cd(p+f std)=0.79686 err_SN=-27.01%
[mon] step=4000 Cd(p+f std)=0.79884 err_SN=-26.83%
[mon] step=4500 Cd(p+f std)=0.79623 err_SN=-27.07%
[mon] step=5000 Cd(p+f std)=0.79853 err_SN=-26.86%
[run] 5000 steps in 2766s (553.3 ms/step)
[cov] frac=0.25 force_x=3.073715e-01  Cd_cov=1.2230
[cov] frac=0.5 force_x=3.073641e-01  Cd_cov=1.2230
[cov] frac=0.75 force_x=3.073536e-01  Cd_cov=1.2229
[cov] frac=1.0 force_x=3.073396e-01  Cd_cov=1.2229

=== final-field pressure/friction sweep (extrap=none) ===
  p0=near_wall   cd_p=0.5137 Std=0.2848 Faces=0.3257 mix50=0.3053 bfl(=.5std)=0.5525 lag=0.2783
      tot(standard) = 0.7985  err_SN=-26.86%  err_CGW=-26.54%
      tot(faces) = 0.8394  err_SN=-23.11%  err_CGW=-22.78%
      tot(mix50) = 0.8190  err_SN=-24.98%  err_CGW=-24.66%
  p0=far_field   cd_p=0.5137 Std=0.2848 Faces=0.3257 mix50=0.3053 bfl(=.5std)=0.5525 lag=0.2783
      tot(standard) = 0.7985  err_SN=-26.86%  err_CGW=-26.54%
      tot(faces) = 0.8394  err_SN=-23.11%  err_CGW=-22.78%
      tot(mix50) = 0.8190  err_SN=-24.98%  err_CGW=-24.66%
  p0=domain_avg  cd_p=0.5137 Std=0.2848 Faces=0.3257 mix50=0.3053 bfl(=.5std)=0.5525 lag=0.2783
      tot(standard) = 0.7985  err_SN=-26.86%  err_CGW=-26.54%
      tot(faces) = 0.8394  err_SN=-23.11%  err_CGW=-22.78%
      tot(mix50) = 0.8190  err_SN=-24.98%  err_CGW=-24.66%
  p0=inlet       cd_p=0.5137 Std=0.2848 Faces=0.3257 mix50=0.3053 bfl(=.5std)=0.5525 lag=0.2783
      tot(standard) = 0.7985  err_SN=-26.86%  err_CGW=-26.54%
      tot(faces) = 0.8394  err_SN=-23.11%  err_CGW=-22.78%
      tot(mix50) = 0.8190  err_SN=-24.98%  err_CGW=-24.66%
{
 "D": 16,
 "domain": [
  112,
  80,
  80
 ],
 "pad": [
  2.0,
  4.0,
  2.0,
  2.0,
  2.0,
  2.0
 ],
 "u_lb": 0.05,
 "nu_lb": 0.008,
 "tau": 0.524,
 "steps": 5000,
 "Cd_cov": 1.2229210305600737,
 "cov_force": [
  0.30735357804223895,
  -6.715189665555954e-05,
  -6.673997268080711e-05
 ],
 "Cd_cov_by_frac": {
  "0.25": 1.2229923028725849,
  "0.5": 1.2229629766371837,
  "0.75": 1.2229210305600737,
  "1.0": 1.2228656086442402
 },
 "cd_trace": [
  [
   500,
   0.84919
  ],
  [
   1000,
   0.829
  ],
  [
   1500,
   0.81117
  ],
  [
   2000,
   0.80581
  ],
  [
   2500,
   0.79964
  ],
  [
   3000,
   0.80011
  ],
  [
   3500,
   0.79686
  ],
  [
   4000,
   0.79884
  ],
  [
   4500,
   0.79623
  ],
  [
   5000,
   0.79853
  ]
 ],
 "cd_pressure_by_p0": {
  "near_wall": 0.513710504023641,
  "far_field": 0.5137104447338046,
  "domain_avg": 0.5137104447338046,
  "inlet": 0.5137104447338046
 },
 "cd_friction": {
  "near_wall": {
   "standard": 0.2848163389265602,
   "faces": 0.32572143473126747,
   "mix50": 0.30526888682891384,
   "bfl": 0.5524727762008482,
   "lagrange": 0.2783341810970681
  },
  "far_field": {
   "standard": 0.2848163389265602,
   "faces": 0.32572143473126747,
   "mix50": 0.30526888682891384,
   "bfl": 0.5524727762008482,
   "lagrange": 0.2783341810970681
  },
  "domain_avg": {
   "standard": 0.2848163389265602,
   "faces": 0.32572143473126747,
   "mix50": 0.30526888682891384,
   "bfl": 0.5524727762008482,
   "lagrange": 0.2783341810970681
  },
  "inlet": {
   "standard": 0.2848163389265602,
   "faces": 0.32572143473126747,
   "mix50": 0.30526888682891384,
   "bfl": 0.5524727762008482,
   "lagrange": 0.2783341810970681
  }
 },
 "ref_SN": 1.0917310910948732,
 "ref_CGW": 1.0870171641572397,
 "ms_per_step": 553.2501155376435
}
