/usr/lib64/python3.11/site-packages/torch/cuda/__init__.py:61: FutureWarning: The pynvml package is deprecated. Please install nvidia-ml-py instead. If you did not install pynvml directly, please report this to the maintainers of the package that installed pynvml for you.
  import pynvml  # type: ignore[import]
--------------+--------------------------------------------
 Host IP      | 172.17.0.2
 PyTorch      | 2.7.1
 Torch-SDAA   | 3.1.1a3+gite3971b9
--------------+--------------------------------------------
 SDAA Driver  | 3.1.0 (N/A)
 SDAA Runtime | 3.1.0 (/opt/tecoai/lib64/libsdaart.so)
 SDPTI        | 1.7.0 (/opt/tecoai/lib64/libsdpti.so)
 TecoDNN      | 3.1.0 (/opt/tecoai/lib64/libtecodnn.so)
 TecoBLAS     | 3.1.0 (/opt/tecoai/lib64/libtecoblas.so)
 CustomDNN    | 3.1.0 (/opt/tecoai/lib64/libtecocustom.so)
 TecoRAND     | 3.1.0 (/opt/tecoai/lib64/libtecorand.so)
 TCCL         | 3.1.0 (/opt/tecoai/lib64/libtccl.so)
--------------+--------------------------------------------
[setup] D=16 domain=(304, 144, 144) cells=6303744 solid=2103 near=714 tau=0.5240 u_lb=0.0500
[compile_route] probe_sphere_re100[D16]: mode=None -> eager (compile_step passthrough) [sdaa-teco_inductor]
[cv] frac=0.25 m=2 x[30,51) y[62,83) z[62,83) cells=9261
[cv] frac=0.5 m=4 x[28,53) y[60,85) z[60,85) cells=15625
[cv] frac=0.75 m=6 x[26,55) y[58,87) z[58,87) cells=24389
[cv] frac=1.0 m=8 x[24,57) y[56,89) z[56,89) cells=35937
[mon] step=500 Cd(p+f std)=0.84060 err_SN=-23.00%
[mon] step=1000 Cd(p+f std)=0.82281 err_SN=-24.63%
[mon] step=1500 Cd(p+f std)=0.79875 err_SN=-26.84%
[mon] step=2000 Cd(p+f std)=0.79088 err_SN=-27.56%
[mon] step=2500 Cd(p+f std)=0.78665 err_SN=-27.95%
[mon] step=3000 Cd(p+f std)=0.78439 err_SN=-28.15%
[mon] step=3500 Cd(p+f std)=0.78308 err_SN=-28.27%
[mon] step=4000 Cd(p+f std)=0.78243 err_SN=-28.33%
[mon] step=4500 Cd(p+f std)=0.78198 err_SN=-28.37%
[mon] step=5000 Cd(p+f std)=0.78175 err_SN=-28.39%
[run] 5000 steps in 3018s (603.7 ms/step)
[cov] frac=0.25 force_x=3.012383e-01  Cd_cov=1.1986
[cov] frac=0.5 force_x=3.012308e-01  Cd_cov=1.1986
[cov] frac=0.75 force_x=3.012205e-01  Cd_cov=1.1985
[cov] frac=1.0 force_x=3.012064e-01  Cd_cov=1.1985

=== final-field pressure/friction sweep (extrap=none) ===
  p0=near_wall   cd_p=0.5011 Std=0.2807 Faces=0.3208 mix50=0.3007 bfl(=.5std)=0.5441 lag=0.2741
      tot(standard) = 0.7817  err_SN=-28.39%  err_CGW=-28.08%
      tot(faces) = 0.8219  err_SN=-24.72%  err_CGW=-24.39%
      tot(mix50) = 0.8018  err_SN=-26.56%  err_CGW=-26.24%
  p0=far_field   cd_p=0.5011 Std=0.2807 Faces=0.3208 mix50=0.3007 bfl(=.5std)=0.5441 lag=0.2741
      tot(standard) = 0.7817  err_SN=-28.39%  err_CGW=-28.08%
      tot(faces) = 0.8219  err_SN=-24.72%  err_CGW=-24.39%
      tot(mix50) = 0.8018  err_SN=-26.56%  err_CGW=-26.24%
  p0=domain_avg  cd_p=0.5011 Std=0.2807 Faces=0.3208 mix50=0.3007 bfl(=.5std)=0.5441 lag=0.2741
      tot(standard) = 0.7817  err_SN=-28.39%  err_CGW=-28.08%
      tot(faces) = 0.8219  err_SN=-24.72%  err_CGW=-24.39%
      tot(mix50) = 0.8018  err_SN=-26.56%  err_CGW=-26.24%
  p0=inlet       cd_p=0.5011 Std=0.2807 Faces=0.3208 mix50=0.3007 bfl(=.5std)=0.5441 lag=0.2741
      tot(standard) = 0.7817  err_SN=-28.39%  err_CGW=-28.08%
      tot(faces) = 0.8219  err_SN=-24.72%  err_CGW=-24.39%
      tot(mix50) = 0.8018  err_SN=-26.56%  err_CGW=-26.24%
{
 "D": 16,
 "domain": [
  304,
  144,
  144
 ],
 "pad": [
  2.0,
  16.0,
  4.0,
  4.0,
  4.0,
  4.0
 ],
 "u_lb": 0.05,
 "nu_lb": 0.008,
 "tau": 0.524,
 "steps": 5000,
 "Cd_cov": 1.1985181624135148,
 "cov_force": [
  0.30122046833857896,
  1.1082738637924194e-06,
  -1.2627802789211274e-06
 ],
 "Cd_cov_by_frac": {
  "0.25": 1.1985892916892953,
  "0.5": 1.1985591454013422,
  "0.75": 1.1985181624135148,
  "1.0": 1.1984623225043336
 },
 "cd_trace": [
  [
   500,
   0.8406
  ],
  [
   1000,
   0.82281
  ],
  [
   1500,
   0.79875
  ],
  [
   2000,
   0.79088
  ],
  [
   2500,
   0.78665
  ],
  [
   3000,
   0.78439
  ],
  [
   3500,
   0.78308
  ],
  [
   4000,
   0.78243
  ],
  [
   4500,
   0.78198
  ],
  [
   5000,
   0.78175
  ]
 ],
 "cd_pressure_by_p0": {
  "near_wall": 0.5010651676852703,
  "far_field": 0.5010651083954337,
  "domain_avg": 0.5010651676852703,
  "inlet": 0.5010651676852703
 },
 "cd_friction": {
  "near_wall": {
   "standard": 0.2806836594498467,
   "faces": 0.32081493395288363,
   "mix50": 0.3007492967013652,
   "bfl": 0.5441159923194684,
   "lagrange": 0.2741131004740656
  },
  "far_field": {
   "standard": 0.2806836594498467,
   "faces": 0.32081493395288363,
   "mix50": 0.3007492967013652,
   "bfl": 0.5441159923194684,
   "lagrange": 0.2741131004740656
  },
  "domain_avg": {
   "standard": 0.2806836594498467,
   "faces": 0.32081493395288363,
   "mix50": 0.3007492967013652,
   "bfl": 0.5441159923194684,
   "lagrange": 0.2741131004740656
  },
  "inlet": {
   "standard": 0.2806836594498467,
   "faces": 0.32081493395288363,
   "mix50": 0.3007492967013652,
   "bfl": 0.5441159923194684,
   "lagrange": 0.2741131004740656
  }
 },
 "ref_SN": 1.0917310910948732,
 "ref_CGW": 1.0870171641572397,
 "ms_per_step": 603.6762854099273
}
