/usr/lib64/python3.11/site-packages/torch/cuda/__init__.py:61: FutureWarning: The pynvml package is deprecated. Please install nvidia-ml-py instead. If you did not install pynvml directly, please report this to the maintainers of the package that installed pynvml for you.
  import pynvml  # type: ignore[import]
--------------+--------------------------------------------
 Host IP      | 172.17.0.2
 PyTorch      | 2.7.1
 Torch-SDAA   | 3.1.1a3+gite3971b9
--------------+--------------------------------------------
 SDAA Driver  | 3.1.0 (N/A)
 SDAA Runtime | 3.1.0 (/opt/tecoai/lib64/libsdaart.so)
 SDPTI        | 1.7.0 (/opt/tecoai/lib64/libsdpti.so)
 TecoDNN      | 3.1.0 (/opt/tecoai/lib64/libtecodnn.so)
 TecoBLAS     | 3.1.0 (/opt/tecoai/lib64/libtecoblas.so)
 CustomDNN    | 3.1.0 (/opt/tecoai/lib64/libtecocustom.so)
 TecoRAND     | 3.1.0 (/opt/tecoai/lib64/libtecorand.so)
 TCCL         | 3.1.0 (/opt/tecoai/lib64/libtccl.so)
--------------+--------------------------------------------
[sphmem D=18 306x288x288] Re=100.0 u_in=0.06 nu=0.010800 tau=0.532400 dpS=0.458044
[sphmem D=18 306x288x288] solid=3071 surface=794 interior=2277 (blockage 6.25%, domain 17.0D x 16.0D)
[compile_route] sphere_re100_mem[D18]: mode=None -> eager (compile_step passthrough) [sdaa-teco_inductor]
[sphmem D=18 306x288x288] step=1000 Cd_mem_surf=1.3018 Cd_mem_all=1.3228 Cd_mem_int=0.0210 (2454s)
