/usr/lib64/python3.11/site-packages/torch/cuda/__init__.py:61: FutureWarning: The pynvml package is deprecated. Please install nvidia-ml-py instead. If you did not install pynvml directly, please report this to the maintainers of the package that installed pynvml for you.
  import pynvml  # type: ignore[import]
--------------+--------------------------------------------
 Host IP      | 172.17.0.2
 PyTorch      | 2.7.1
 Torch-SDAA   | 3.1.1a3+gite3971b9
--------------+--------------------------------------------
 SDAA Driver  | 3.1.0 (N/A)
 SDAA Runtime | 3.1.0 (/opt/tecoai/lib64/libsdaart.so)
 SDPTI        | 1.7.0 (/opt/tecoai/lib64/libsdpti.so)
 TecoDNN      | 3.1.0 (/opt/tecoai/lib64/libtecodnn.so)
 TecoBLAS     | 3.1.0 (/opt/tecoai/lib64/libtecoblas.so)
 CustomDNN    | 3.1.0 (/opt/tecoai/lib64/libtecocustom.so)
 TecoRAND     | 3.1.0 (/opt/tecoai/lib64/libtecorand.so)
 TCCL         | 3.1.0 (/opt/tecoai/lib64/libtccl.so)
--------------+--------------------------------------------
[setup] D=16 domain=(72, 48, 48) cells=165888 solid=2103 near=714 tau=0.5240 u_lb=0.0500
[compile_route] probe_sphere_re100[D16]: mode=None -> eager (compile_step passthrough) [sdaa-teco_inductor]
[cv] frac=0.25 m=2 x[26,47) y[14,35) z[14,35) cells=9261
[cv] frac=0.5 m=4 x[24,49) y[12,37) z[12,37) cells=15625
[cv] frac=0.75 m=6 x[22,51) y[10,39) z[10,39) cells=24389
[cv] frac=1.0 m=8 x[20,53) y[8,41) z[8,41) cells=35937
[mon] step=500 Cd(p+f std)=0.95197 err_SN=-12.80%
[mon] step=1000 Cd(p+f std)=0.91991 err_SN=-15.74%
[mon] step=1500 Cd(p+f std)=0.90788 err_SN=-16.84%
[mon] step=2000 Cd(p+f std)=0.90383 err_SN=-17.21%
[mon] step=2500 Cd(p+f std)=0.90416 err_SN=-17.18%
[mon] step=3000 Cd(p+f std)=0.90326 err_SN=-17.26%
[mon] step=3500 Cd(p+f std)=0.90426 err_SN=-17.17%
[mon] step=4000 Cd(p+f std)=0.90342 err_SN=-17.25%
[mon] step=4500 Cd(p+f std)=0.90430 err_SN=-17.17%
[mon] step=5000 Cd(p+f std)=0.90348 err_SN=-17.24%
[run] 5000 steps in 229s (45.8 ms/step)
[cov] frac=0.25 force_x=3.458284e-01  Cd_cov=1.3760
[cov] frac=0.5 force_x=3.458211e-01  Cd_cov=1.3760
[cov] frac=0.75 force_x=3.458106e-01  Cd_cov=1.3759
[cov] frac=1.0 force_x=3.457968e-01  Cd_cov=1.3759

=== final-field pressure/friction sweep (extrap=none) ===
  p0=near_wall   cd_p=0.5936 Std=0.3099 Faces=0.3556 mix50=0.3327 bfl(=.5std)=0.6035 lag=0.3040
      tot(standard) = 0.9035  err_SN=-17.24%  err_CGW=-16.88%
      tot(faces) = 0.9491  err_SN=-13.06%  err_CGW=-12.68%
      tot(mix50) = 0.9263  err_SN=-15.15%  err_CGW=-14.78%
  p0=far_field   cd_p=0.5936 Std=0.3099 Faces=0.3556 mix50=0.3327 bfl(=.5std)=0.6035 lag=0.3040
      tot(standard) = 0.9035  err_SN=-17.24%  err_CGW=-16.88%
      tot(faces) = 0.9491  err_SN=-13.06%  err_CGW=-12.68%
      tot(mix50) = 0.9263  err_SN=-15.15%  err_CGW=-14.78%
  p0=domain_avg  cd_p=0.5936 Std=0.3099 Faces=0.3556 mix50=0.3327 bfl(=.5std)=0.6035 lag=0.3040
      tot(standard) = 0.9035  err_SN=-17.24%  err_CGW=-16.88%
      tot(faces) = 0.9491  err_SN=-13.06%  err_CGW=-12.68%
      tot(mix50) = 0.9263  err_SN=-15.15%  err_CGW=-14.78%
  p0=inlet       cd_p=0.5936 Std=0.3099 Faces=0.3556 mix50=0.3327 bfl(=.5std)=0.6035 lag=0.3040
      tot(standard) = 0.9035  err_SN=-17.24%  err_CGW=-16.88%
      tot(faces) = 0.9491  err_SN=-13.06%  err_CGW=-12.68%
      tot(mix50) = 0.9263  err_SN=-15.15%  err_CGW=-14.78%
{
 "D": 16,
 "domain": [
  72,
  48,
  48
 ],
 "pad": [
  1.75,
  1.75,
  1.0,
  1.0,
  1.0,
  1.0
 ],
 "u_lb": 0.05,
 "nu_lb": 0.008,
 "tau": 0.524,
 "steps": 5000,
 "Cd_cov": 1.3759368098984848,
 "cov_force": [
  0.34581063790246847,
  -0.0007443427108228207,
  -0.0007432777434587479
 ],
 "Cd_cov_by_frac": {
  "0.25": 1.3760076108567951,
  "0.5": 1.3759784321048625,
  "0.75": 1.3759368098984848,
  "1.0": 1.3758818081993676
 },
 "cd_trace": [
  [
   500,
   0.95197
  ],
  [
   1000,
   0.91991
  ],
  [
   1500,
   0.90788
  ],
  [
   2000,
   0.90383
  ],
  [
   2500,
   0.90416
  ],
  [
   3000,
   0.90326
  ],
  [
   3500,
   0.90426
  ],
  [
   4000,
   0.90342
  ],
  [
   4500,
   0.9043
  ],
  [
   5000,
   0.90348
  ]
 ],
 "cd_pressure_by_p0": {
  "near_wall": 0.5935903964246518,
  "far_field": 0.5935903964246518,
  "domain_avg": 0.5935903964246518,
  "inlet": 0.5935903964246518
 },
 "cd_friction": {
  "near_wall": {
   "standard": 0.3098945168291237,
   "faces": 0.35555729592248625,
   "mix50": 0.332725906375805,
   "bfl": 0.6034686760914558,
   "lagrange": 0.3040204059183214
  },
  "far_field": {
   "standard": 0.3098945168291237,
   "faces": 0.35555729592248625,
   "mix50": 0.332725906375805,
   "bfl": 0.6034686760914558,
   "lagrange": 0.3040204059183214
  },
  "domain_avg": {
   "standard": 0.3098945168291237,
   "faces": 0.35555729592248625,
   "mix50": 0.332725906375805,
   "bfl": 0.6034686760914558,
   "lagrange": 0.3040204059183214
  },
  "inlet": {
   "standard": 0.3098945168291237,
   "faces": 0.35555729592248625,
   "mix50": 0.332725906375805,
   "bfl": 0.6034686760914558,
   "lagrange": 0.3040204059183214
  }
 },
 "ref_SN": 1.0917310910948732,
 "ref_CGW": 1.0870171641572397,
 "ms_per_step": 45.79528546333313
}
