/usr/lib64/python3.11/site-packages/torch/cuda/__init__.py:61: FutureWarning: The pynvml package is deprecated. Please install nvidia-ml-py instead. If you did not install pynvml directly, please report this to the maintainers of the package that installed pynvml for you.
  import pynvml  # type: ignore[import]
--------------+--------------------------------------------
 Host IP      | 172.17.0.2
 PyTorch      | 2.7.1
 Torch-SDAA   | 3.1.1a3+gite3971b9
--------------+--------------------------------------------
 SDAA Driver  | 3.1.0 (N/A)
 SDAA Runtime | 3.1.0 (/opt/tecoai/lib64/libsdaart.so)
 SDPTI        | 1.7.0 (/opt/tecoai/lib64/libsdpti.so)
 TecoDNN      | 3.1.0 (/opt/tecoai/lib64/libtecodnn.so)
 TecoBLAS     | 3.1.0 (/opt/tecoai/lib64/libtecoblas.so)
 CustomDNN    | 3.1.0 (/opt/tecoai/lib64/libtecocustom.so)
 TecoRAND     | 3.1.0 (/opt/tecoai/lib64/libtecorand.so)
 TCCL         | 3.1.0 (/opt/tecoai/lib64/libtccl.so)
--------------+--------------------------------------------
  st=  40 T=0.200 X=1.000 H=0.938 iface=335 drift=-0.0001%
  st=  80 T=0.400 X=1.125 H=0.938 iface=335 drift=-0.0001%
  st= 120 T=0.600 X=1.125 H=0.938 iface=401 drift=-0.0001%
  st= 160 T=0.800 X=1.250 H=0.938 iface=463 drift=-0.0001%
  st= 200 T=1.000 X=1.375 H=0.938 iface=603 drift=-0.0002%
  st= 240 T=1.200 X=1.625 H=0.938 iface=833 drift=-0.0002%
  st= 280 T=1.400 X=1.875 H=0.938 iface=1107 drift=-0.0002%
  st= 320 T=1.600 X=2.125 H=0.938 iface=1408 drift=-0.0003%
  st= 360 T=1.800 X=2.375 H=0.938 iface=1671 drift=-0.0002%
  st= 400 T=2.000 X=2.625 H=0.938 iface=1936 drift=-0.0002%
[a8_g1e-04_rg0.99_wmhalfway_te1e-6_ap1] T_max=2.00 elapsed=39.1s max_err=20.2% drift=-0.00% iface=335->1936 X(T=1)~1.38
