/usr/lib64/python3.11/site-packages/torch/cuda/__init__.py:61: FutureWarning: The pynvml package is deprecated. Please install nvidia-ml-py instead. If you did not install pynvml directly, please report this to the maintainers of the package that installed pynvml for you.
  import pynvml  # type: ignore[import]
--------------+--------------------------------------------
 Host IP      | 172.17.0.2
 PyTorch      | 2.7.1
 Torch-SDAA   | 3.1.1a3+gite3971b9
--------------+--------------------------------------------
 SDAA Driver  | 3.1.0 (N/A)
 SDAA Runtime | 3.1.0 (/opt/tecoai/lib64/libsdaart.so)
 SDPTI        | 1.7.0 (/opt/tecoai/lib64/libsdpti.so)
 TecoDNN      | 3.1.0 (/opt/tecoai/lib64/libtecodnn.so)
 TecoBLAS     | 3.1.0 (/opt/tecoai/lib64/libtecoblas.so)
 CustomDNN    | 3.1.0 (/opt/tecoai/lib64/libtecocustom.so)
 TecoRAND     | 3.1.0 (/opt/tecoai/lib64/libtecorand.so)
 TCCL         | 3.1.0 (/opt/tecoai/lib64/libtccl.so)
--------------+--------------------------------------------
  st=  20 T=0.100 X=1.000 H=0.938 iface=1190 drift=+0.0000%
  st=  40 T=0.200 X=1.000 H=0.938 iface=1190 drift=+0.0001%
  st=  60 T=0.300 X=1.125 H=0.938 iface=1194 drift=+0.0001%
  st=  80 T=0.400 X=1.125 H=0.875 iface=1195 drift=+0.0001%
  st= 100 T=0.500 X=1.125 H=0.875 iface=1177 drift=+0.0001%
  st= 120 T=0.600 X=1.125 H=0.875 iface=1187 drift=+0.0001%
  st= 140 T=0.700 X=1.125 H=0.875 iface=1228 drift=+0.0001%
  st= 160 T=0.800 X=1.125 H=0.812 iface=1273 drift=+0.0001%
  st= 180 T=0.900 X=1.250 H=0.812 iface=1288 drift=+0.0001%
  st= 200 T=1.000 X=1.250 H=0.812 iface=1297 drift=+0.0001%
  st= 220 T=1.100 X=1.250 H=0.750 iface=1324 drift=+0.0001%
  st= 240 T=1.200 X=1.375 H=0.750 iface=1362 drift=+0.0001%
  st= 260 T=1.300 X=1.375 H=0.750 iface=1367 drift=+0.0000%
  st= 280 T=1.400 X=1.375 H=0.688 iface=1384 drift=+0.0001%
  st= 300 T=1.500 X=1.500 H=0.688 iface=1395 drift=+0.0000%
  st= 320 T=1.600 X=1.500 H=0.688 iface=1418 drift=-0.0000%
  st= 340 T=1.700 X=1.500 H=0.688 iface=1456 drift=+0.0000%
  st= 360 T=1.800 X=1.500 H=0.625 iface=1486 drift=+0.0000%
  st= 380 T=1.900 X=1.625 H=0.625 iface=1503 drift=-0.0000%
  st= 400 T=2.000 X=1.625 H=0.625 iface=1508 drift=-0.0000%
[a8_g1e-04_rg0.96_wmhalfway_te1e-6_ap1] T_max=2.00 elapsed=42.0s max_err=47.7% drift=-0.00% iface=335->1508 X(T=1)~1.25
