/usr/lib64/python3.11/site-packages/torch/cuda/__init__.py:61: FutureWarning: The pynvml package is deprecated. Please install nvidia-ml-py instead. If you did not install pynvml directly, please report this to the maintainers of the package that installed pynvml for you.
  import pynvml  # type: ignore[import]
--------------+--------------------------------------------
 Host IP      | 172.17.0.2
 PyTorch      | 2.7.1
 Torch-SDAA   | 3.1.1a3+gite3971b9
--------------+--------------------------------------------
 SDAA Driver  | 3.1.0 (N/A)
 SDAA Runtime | 3.1.0 (/opt/tecoai/lib64/libsdaart.so)
 SDPTI        | 1.7.0 (/opt/tecoai/lib64/libsdpti.so)
 TecoDNN      | 3.1.0 (/opt/tecoai/lib64/libtecodnn.so)
 TecoBLAS     | 3.1.0 (/opt/tecoai/lib64/libtecoblas.so)
 CustomDNN    | 3.1.0 (/opt/tecoai/lib64/libtecocustom.so)
 TecoRAND     | 3.1.0 (/opt/tecoai/lib64/libtecorand.so)
 TCCL         | 3.1.0 (/opt/tecoai/lib64/libtccl.so)
--------------+--------------------------------------------
[SDAA:1 sphere] SPHERE nx=180 ny=180 nz=180 D=40.0 R=20.0 u_in=0.08 nu=3.200000e-02 tau=0.596000 Re=100.0 blockage=3.88% dpS=4.021239e+00 extrap=quadratic
[SDAA:1 sphere] solid cells: 33371  near-wall cells: 4302
[SDAA:1 sphere] init done (0.6s), initial_mass=5832000.0
[SDAA:1 sphere] step=500 Cd_p=1.358352 Cd_f=0.621576 Cd_tot=1.979929 (ref=1.0900) (316s)
[SDAA:1 sphere] step=1000 Cd_p=0.688634 Cd_f=0.437284 Cd_tot=1.125919 (ref=1.0900) (638s)
[SDAA:1 sphere] step=1500 Cd_p=0.683269 Cd_f=0.423178 Cd_tot=1.106447 (ref=1.0900) (954s)
[SDAA:1 sphere] step=2000 Cd_p=0.675758 Cd_f=0.416527 Cd_tot=1.092285 (ref=1.0900) (1270s)
[SDAA:1 sphere] step=2500 Cd_p=0.670753 Cd_f=0.413320 Cd_tot=1.084073 (ref=1.0900) (1586s)
[SDAA:1 sphere] step=3000 Cd_p=0.666451 Cd_f=0.410802 Cd_tot=1.077253 (ref=1.0900) (1901s)
[SDAA:1 sphere] DONE [OK] Cd_p=0.666451 Cd_f=0.410802 Cd_tot=1.077253 (ref=1.090000) err=1.2% (prev=2.0%) time=1901s
[SDAA:1 sphere] Results written to results_optimal_universal/sphere_optimal_sdaa1.json
